// Jest Snapshot v1, https://goo.gl/fbAQLP

exports[`ProfileView (ur) mirrors the setting rows and matches the snapshot 1`] = `
<View
  className="flex-1 bg-tar"
  style={
    {
      "paddingBottom": 0,
      "paddingLeft": 0,
      "paddingRight": 0,
      "paddingTop": 0,
    }
  }
  testID="profile-screen"
>
  <View
    accessibilityElementsHidden={true}
    className="h-rail overflow-hidden bg-tar"
    importantForAccessibility="no-hide-descendants"
    style={
      {
        "height": 5,
      }
    }
    testID="hazard-rail"
  >
    <View
      style={
        [
          {
            "flexDirection": "row",
          },
          {
            "transform": [
              {
                "translateX": -56,
              },
            ],
          },
        ]
      }
      testID="hazard-rail-track"
    >
      <View
        className="h-rail bg-hivis"
        style={
          {
            "transform": [
              {
                "skewX": "-25deg",
              },
            ],
            "width": 14,
          }
        }
      />
      <View
        className="h-rail bg-tar"
        style={
          {
            "transform": [
              {
                "skewX": "-25deg",
              },
            ],
            "width": 14,
          }
        }
      />
      <View
        className="h-rail bg-hivis"
        style={
          {
            "transform": [
              {
                "skewX": "-25deg",
              },
            ],
            "width": 14,
          }
        }
      />
      <View
        className="h-rail bg-tar"
        style={
          {
            "transform": [
              {
                "skewX": "-25deg",
              },
            ],
            "width": 14,
          }
        }
      />
      <View
        className="h-rail bg-hivis"
        style={
          {
            "transform": [
              {
                "skewX": "-25deg",
              },
            ],
            "width": 14,
          }
        }
      />
      <View
        className="h-rail bg-tar"
        style={
          {
            "transform": [
              {
                "skewX": "-25deg",
              },
            ],
            "width": 14,
          }
        }
      />
      <View
        className="h-rail bg-hivis"
        style={
          {
            "transform": [
              {
                "skewX": "-25deg",
              },
            ],
            "width": 14,
          }
        }
      />
      <View
        className="h-rail bg-tar"
        style={
          {
            "transform": [
              {
                "skewX": "-25deg",
              },
            ],
            "width": 14,
          }
        }
      />
      <View
        className="h-rail bg-hivis"
        style={
          {
            "transform": [
              {
                "skewX": "-25deg",
              },
            ],
            "width": 14,
          }
        }
      />
      <View
        className="h-rail bg-tar"
        style={
          {
            "transform": [
              {
                "skewX": "-25deg",
              },
            ],
            "width": 14,
          }
        }
      />
      <View
        className="h-rail bg-hivis"
        style={
          {
            "transform": [
              {
                "skewX": "-25deg",
              },
            ],
            "width": 14,
          }
        }
      />
      <View
        className="h-rail bg-tar"
        style={
          {
            "transform": [
              {
                "skewX": "-25deg",
              },
            ],
            "width": 14,
          }
        }
      />
      <View
        className="h-rail bg-hivis"
        style={
          {
            "transform": [
              {
                "skewX": "-25deg",
              },
            ],
            "width": 14,
          }
        }
      />
      <View
        className="h-rail bg-tar"
        style={
          {
            "transform": [
              {
                "skewX": "-25deg",
              },
            ],
            "width": 14,
          }
        }
      />
      <View
        className="h-rail bg-hivis"
        style={
          {
            "transform": [
              {
                "skewX": "-25deg",
              },
            ],
            "width": 14,
          }
        }
      />
      <View
        className="h-rail bg-tar"
        style={
          {
            "transform": [
              {
                "skewX": "-25deg",
              },
            ],
            "width": 14,
          }
        }
      />
      <View
        className="h-rail bg-hivis"
        style={
          {
            "transform": [
              {
                "skewX": "-25deg",
              },
            ],
            "width": 14,
          }
        }
      />
      <View
        className="h-rail bg-tar"
        style={
          {
            "transform": [
              {
                "skewX": "-25deg",
              },
            ],
            "width": 14,
          }
        }
      />
      <View
        className="h-rail bg-hivis"
        style={
          {
            "transform": [
              {
                "skewX": "-25deg",
              },
            ],
            "width": 14,
          }
        }
      />
      <View
        className="h-rail bg-tar"
        style={
          {
            "transform": [
              {
                "skewX": "-25deg",
              },
            ],
            "width": 14,
          }
        }
      />
      <View
        className="h-rail bg-hivis"
        style={
          {
            "transform": [
              {
                "skewX": "-25deg",
              },
            ],
            "width": 14,
          }
        }
      />
      <View
        className="h-rail bg-tar"
        style={
          {
            "transform": [
              {
                "skewX": "-25deg",
              },
            ],
            "width": 14,
          }
        }
      />
      <View
        className="h-rail bg-hivis"
        style={
          {
            "transform": [
              {
                "skewX": "-25deg",
              },
            ],
            "width": 14,
          }
        }
      />
      <View
        className="h-rail bg-tar"
        style={
          {
            "transform": [
              {
                "skewX": "-25deg",
              },
            ],
            "width": 14,
          }
        }
      />
      <View
        className="h-rail bg-hivis"
        style={
          {
            "transform": [
              {
                "skewX": "-25deg",
              },
            ],
            "width": 14,
          }
        }
      />
      <View
        className="h-rail bg-tar"
        style={
          {
            "transform": [
              {
                "skewX": "-25deg",
              },
            ],
            "width": 14,
          }
        }
      />
      <View
        className="h-rail bg-hivis"
        style={
          {
            "transform": [
              {
                "skewX": "-25deg",
              },
            ],
            "width": 14,
          }
        }
      />
      <View
        className="h-rail bg-tar"
        style={
          {
            "transform": [
              {
                "skewX": "-25deg",
              },
            ],
            "width": 14,
          }
        }
      />
      <View
        className="h-rail bg-hivis"
        style={
          {
            "transform": [
              {
                "skewX": "-25deg",
              },
            ],
            "width": 14,
          }
        }
      />
      <View
        className="h-rail bg-tar"
        style={
          {
            "transform": [
              {
                "skewX": "-25deg",
              },
            ],
            "width": 14,
          }
        }
      />
      <View
        className="h-rail bg-hivis"
        style={
          {
            "transform": [
              {
                "skewX": "-25deg",
              },
            ],
            "width": 14,
          }
        }
      />
      <View
        className="h-rail bg-tar"
        style={
          {
            "transform": [
              {
                "skewX": "-25deg",
              },
            ],
            "width": 14,
          }
        }
      />
      <View
        className="h-rail bg-hivis"
        style={
          {
            "transform": [
              {
                "skewX": "-25deg",
              },
            ],
            "width": 14,
          }
        }
      />
      <View
        className="h-rail bg-tar"
        style={
          {
            "transform": [
              {
                "skewX": "-25deg",
              },
            ],
            "width": 14,
          }
        }
      />
      <View
        className="h-rail bg-hivis"
        style={
          {
            "transform": [
              {
                "skewX": "-25deg",
              },
            ],
            "width": 14,
          }
        }
      />
      <View
        className="h-rail bg-tar"
        style={
          {
            "transform": [
              {
                "skewX": "-25deg",
              },
            ],
            "width": 14,
          }
        }
      />
      <View
        className="h-rail bg-hivis"
        style={
          {
            "transform": [
              {
                "skewX": "-25deg",
              },
            ],
            "width": 14,
          }
        }
      />
      <View
        className="h-rail bg-tar"
        style={
          {
            "transform": [
              {
                "skewX": "-25deg",
              },
            ],
            "width": 14,
          }
        }
      />
      <View
        className="h-rail bg-hivis"
        style={
          {
            "transform": [
              {
                "skewX": "-25deg",
              },
            ],
            "width": 14,
          }
        }
      />
      <View
        className="h-rail bg-tar"
        style={
          {
            "transform": [
              {
                "skewX": "-25deg",
              },
            ],
            "width": 14,
          }
        }
      />
      <View
        className="h-rail bg-hivis"
        style={
          {
            "transform": [
              {
                "skewX": "-25deg",
              },
            ],
            "width": 14,
          }
        }
      />
      <View
        className="h-rail bg-tar"
        style={
          {
            "transform": [
              {
                "skewX": "-25deg",
              },
            ],
            "width": 14,
          }
        }
      />
      <View
        className="h-rail bg-hivis"
        style={
          {
            "transform": [
              {
                "skewX": "-25deg",
              },
            ],
            "width": 14,
          }
        }
      />
      <View
        className="h-rail bg-tar"
        style={
          {
            "transform": [
              {
                "skewX": "-25deg",
              },
            ],
            "width": 14,
          }
        }
      />
      <View
        className="h-rail bg-hivis"
        style={
          {
            "transform": [
              {
                "skewX": "-25deg",
              },
            ],
            "width": 14,
          }
        }
      />
      <View
        className="h-rail bg-tar"
        style={
          {
            "transform": [
              {
                "skewX": "-25deg",
              },
            ],
            "width": 14,
          }
        }
      />
      <View
        className="h-rail bg-hivis"
        style={
          {
            "transform": [
              {
                "skewX": "-25deg",
              },
            ],
            "width": 14,
          }
        }
      />
      <View
        className="h-rail bg-tar"
        style={
          {
            "transform": [
              {
                "skewX": "-25deg",
              },
            ],
            "width": 14,
          }
        }
      />
      <View
        className="h-rail bg-hivis"
        style={
          {
            "transform": [
              {
                "skewX": "-25deg",
              },
            ],
            "width": 14,
          }
        }
      />
      <View
        className="h-rail bg-tar"
        style={
          {
            "transform": [
              {
                "skewX": "-25deg",
              },
            ],
            "width": 14,
          }
        }
      />
      <View
        className="h-rail bg-hivis"
        style={
          {
            "transform": [
              {
                "skewX": "-25deg",
              },
            ],
            "width": 14,
          }
        }
      />
      <View
        className="h-rail bg-tar"
        style={
          {
            "transform": [
              {
                "skewX": "-25deg",
              },
            ],
            "width": 14,
          }
        }
      />
      <View
        className="h-rail bg-hivis"
        style={
          {
            "transform": [
              {
                "skewX": "-25deg",
              },
            ],
            "width": 14,
          }
        }
      />
      <View
        className="h-rail bg-tar"
        style={
          {
            "transform": [
              {
                "skewX": "-25deg",
              },
            ],
            "width": 14,
          }
        }
      />
      <View
        className="h-rail bg-hivis"
        style={
          {
            "transform": [
              {
                "skewX": "-25deg",
              },
            ],
            "width": 14,
          }
        }
      />
      <View
        className="h-rail bg-tar"
        style={
          {
            "transform": [
              {
                "skewX": "-25deg",
              },
            ],
            "width": 14,
          }
        }
      />
      <View
        className="h-rail bg-hivis"
        style={
          {
            "transform": [
              {
                "skewX": "-25deg",
              },
            ],
            "width": 14,
          }
        }
      />
      <View
        className="h-rail bg-tar"
        style={
          {
            "transform": [
              {
                "skewX": "-25deg",
              },
            ],
            "width": 14,
          }
        }
      />
      <View
        className="h-rail bg-hivis"
        style={
          {
            "transform": [
              {
                "skewX": "-25deg",
              },
            ],
            "width": 14,
          }
        }
      />
      <View
        className="h-rail bg-tar"
        style={
          {
            "transform": [
              {
                "skewX": "-25deg",
              },
            ],
            "width": 14,
          }
        }
      />
      <View
        className="h-rail bg-hivis"
        style={
          {
            "transform": [
              {
                "skewX": "-25deg",
              },
            ],
            "width": 14,
          }
        }
      />
      <View
        className="h-rail bg-tar"
        style={
          {
            "transform": [
              {
                "skewX": "-25deg",
              },
            ],
            "width": 14,
          }
        }
      />
    </View>
  </View>
  <RCTScrollView
    className="flex-1"
    contentContainerClassName="pb-6 px-4"
    keyboardShouldPersistTaps="handled"
    showsVerticalScrollIndicator={false}
  >
    <View>
      <Text
        className="text-chalk mt-5"
        style={
          {
            "fontFamily": "NotoNastaliqUrdu_700Bold",
            "fontSize": 26,
            "fontVariant": undefined,
            "letterSpacing": 0,
            "lineHeight": 53.3,
            "textAlign": "right",
            "textTransform": undefined,
            "writingDirection": "rtl",
          }
        }
      >
        پروفائل
      </Text>
      <View
        className="mt-6"
        style={
          {
            "alignItems": undefined,
            "flexDirection": "column",
            "gap": 8,
            "justifyContent": undefined,
          }
        }
      >
        <Text
          className="text-dim"
          style={
            {
              "fontFamily": "NotoNastaliqUrdu_700Bold",
              "fontSize": 12,
              "fontVariant": undefined,
              "letterSpacing": 0,
              "lineHeight": 24.6,
              "textAlign": "right",
              "textTransform": undefined,
              "writingDirection": "rtl",
            }
          }
        >
          آپ کا امتحان
        </Text>
        <View
          accessibilityState={
            {
              "selected": false,
            }
          }
          className="justify-center rounded-md min-h-16 border border-line bg-panel2 p-4"
        >
          <View
            accessibilityLabel="پوسٹ"
            accessibilityRole="button"
            accessibilityState={
              {
                "busy": undefined,
                "checked": undefined,
                "disabled": undefined,
                "expanded": undefined,
                "selected": undefined,
              }
            }
            accessibilityValue={
              {
                "max": undefined,
                "min": undefined,
                "now": undefined,
                "text": undefined,
              }
            }
            accessible={true}
            collapsable={false}
            focusable={true}
            onBlur={[Function]}
            onClick={[Function]}
            onFocus={[Function]}
            onResponderGrant={[Function]}
            onResponderMove={[Function]}
            onResponderRelease={[Function]}
            onResponderTerminate={[Function]}
            onResponderTerminationRequest={[Function]}
            onStartShouldSetResponder={[Function]}
            style={null}
            testID="profile-post"
          >
            <View
              className="h-touchLg"
              style={
                {
                  "alignItems": "center",
                  "flexDirection": "row-reverse",
                  "flexWrap": undefined,
                  "gap": 12,
                  "justifyContent": "space-between",
                }
              }
            >
              <Text
                className="text-chalk flex-1"
                style={
                  {
                    "fontFamily": "NotoNastaliqUrdu_700Bold",
                    "fontSize": 14.5,
                    "fontVariant": undefined,
                    "letterSpacing": 0,
                    "lineHeight": 29.7,
                    "textAlign": "right",
                    "textTransform": undefined,
                    "writingDirection": "rtl",
                  }
                }
              >
                پوسٹ
              </Text>
              <View
                style={
                  {
                    "alignItems": "center",
                    "flexDirection": "row-reverse",
                    "flexWrap": undefined,
                    "gap": 8,
                    "justifyContent": undefined,
                  }
                }
              >
                <Text
                  className="text-dim"
                  style={
                    {
                      "fontFamily": "NotoNastaliqUrdu_400Regular",
                      "fontSize": 14.5,
                      "fontVariant": undefined,
                      "letterSpacing": 0,
                      "lineHeight": 29.7,
                      "textAlign": "right",
                      "textTransform": undefined,
                      "writingDirection": "rtl",
                    }
                  }
                >
                  ایس آئی / اے ایس آئی
                </Text>
                <Text
                  accessibilityElementsHidden={true}
                  className="text-dim"
                  importantForAccessibility="no"
                  style={
                    {
                      "fontFamily": "Archivo_400Regular",
                      "fontSize": 20,
                      "fontVariant": undefined,
                      "letterSpacing": 0,
                      "lineHeight": 29,
                      "textAlign": "right",
                      "textTransform": undefined,
                      "writingDirection": "ltr",
                    }
                  }
                >
                  ‹
                </Text>
              </View>
            </View>
          </View>
          <View
            accessibilityLabel="زمرہ"
            accessibilityRole="button"
            accessibilityState={
              {
                "busy": undefined,
                "checked": undefined,
                "disabled": undefined,
                "expanded": undefined,
                "selected": undefined,
              }
            }
            accessibilityValue={
              {
                "max": undefined,
                "min": undefined,
                "now": undefined,
                "text": undefined,
              }
            }
            accessible={true}
            className="border-t border-line2"
            collapsable={false}
            focusable={true}
            onBlur={[Function]}
            onClick={[Function]}
            onFocus={[Function]}
            onResponderGrant={[Function]}
            onResponderMove={[Function]}
            onResponderRelease={[Function]}
            onResponderTerminate={[Function]}
            onResponderTerminationRequest={[Function]}
            onStartShouldSetResponder={[Function]}
            style={null}
            testID="profile-category"
          >
            <View
              className="h-touchLg"
              style={
                {
                  "alignItems": "center",
                  "flexDirection": "row-reverse",
                  "flexWrap": undefined,
                  "gap": 12,
                  "justifyContent": "space-between",
                }
              }
            >
              <Text
                className="text-chalk flex-1"
                style={
                  {
                    "fontFamily": "NotoNastaliqUrdu_700Bold",
                    "fontSize": 14.5,
                    "fontVariant": undefined,
                    "letterSpacing": 0,
                    "lineHeight": 29.7,
                    "textAlign": "right",
                    "textTransform": undefined,
                    "writingDirection": "rtl",
                  }
                }
              >
                زمرہ
              </Text>
              <View
                style={
                  {
                    "alignItems": "center",
                    "flexDirection": "row-reverse",
                    "flexWrap": undefined,
                    "gap": 8,
                    "justifyContent": undefined,
                  }
                }
              >
                <Text
                  className="text-dim"
                  style={
                    {
                      "fontFamily": "NotoNastaliqUrdu_400Regular",
                      "fontSize": 14.5,
                      "fontVariant": undefined,
                      "letterSpacing": 0,
                      "lineHeight": 29.7,
                      "textAlign": "right",
                      "textTransform": undefined,
                      "writingDirection": "rtl",
                    }
                  }
                >
                  بی سی
                </Text>
                <Text
                  accessibilityElementsHidden={true}
                  className="text-dim"
                  importantForAccessibility="no"
                  style={
                    {
                      "fontFamily": "Archivo_400Regular",
                      "fontSize": 20,
                      "fontVariant": undefined,
                      "letterSpacing": 0,
                      "lineHeight": 29,
                      "textAlign": "right",
                      "textTransform": undefined,
                      "writingDirection": "ltr",
                    }
                  }
                >
                  ‹
                </Text>
              </View>
            </View>
          </View>
        </View>
      </View>
      <View
        className="mt-6"
        style={
          {
            "alignItems": undefined,
            "flexDirection": "column",
            "gap": 8,
            "justifyContent": undefined,
          }
        }
      >
        <Text
          className="text-dim"
          style={
            {
              "fontFamily": "NotoNastaliqUrdu_700Bold",
              "fontSize": 12,
              "fontVariant": undefined,
              "letterSpacing": 0,
              "lineHeight": 24.6,
              "textAlign": "right",
              "textTransform": undefined,
              "writingDirection": "rtl",
            }
          }
        >
          ایپ
        </Text>
        <View
          accessibilityState={
            {
              "selected": false,
            }
          }
          className="justify-center rounded-md min-h-16 border border-line bg-panel2 p-4"
        >
          <View
            testID="profile-language"
          >
            <View
              className="h-touchLg"
              style={
                {
                  "alignItems": "center",
                  "flexDirection": "row-reverse",
                  "flexWrap": undefined,
                  "gap": 12,
                  "justifyContent": "space-between",
                }
              }
            >
              <Text
                className="text-chalk flex-1"
                style={
                  {
                    "fontFamily": "NotoNastaliqUrdu_700Bold",
                    "fontSize": 14.5,
                    "fontVariant": undefined,
                    "letterSpacing": 0,
                    "lineHeight": 29.7,
                    "textAlign": "right",
                    "textTransform": undefined,
                    "writingDirection": "rtl",
                  }
                }
              >
                زبان
              </Text>
              <View
                accessibilityRole="radiogroup"
                className="h-touch self-start overflow-hidden rounded-sm border border-line"
                style={
                  {
                    "alignItems": undefined,
                    "flexDirection": "row-reverse",
                    "flexWrap": undefined,
                    "gap": undefined,
                    "justifyContent": undefined,
                  }
                }
                testID="profile-lang"
              >
                <View
                  accessibilityLabel="EN"
                  accessibilityRole="radio"
                  accessibilityState={
                    {
                      "busy": undefined,
                      "checked": false,
                      "disabled": undefined,
                      "expanded": undefined,
                      "selected": undefined,
                    }
                  }
                  accessibilityValue={
                    {
                      "max": undefined,
                      "min": undefined,
                      "now": undefined,
                      "text": undefined,
                    }
                  }
                  accessible={true}
                  className="h-full min-w-touch items-center justify-center px-2 border-line border-l"
                  collapsable={false}
                  focusable={true}
                  onBlur={[Function]}
                  onClick={[Function]}
                  onFocus={[Function]}
                  onResponderGrant={[Function]}
                  onResponderMove={[Function]}
                  onResponderRelease={[Function]}
                  onResponderTerminate={[Function]}
                  onResponderTerminationRequest={[Function]}
                  onStartShouldSetResponder={[Function]}
                  style={null}
                >
                  <Text
                    className="text-dim"
                    style={
                      {
                        "fontFamily": "Archivo_700Bold",
                        "fontSize": 13.5,
                        "fontVariant": undefined,
                        "letterSpacing": 0,
                        "lineHeight": 19.6,
                        "textAlign": "center",
                        "textTransform": undefined,
                        "writingDirection": "ltr",
                      }
                    }
                  >
                    EN
                  </Text>
                </View>
                <View
                  accessibilityLabel="తె"
                  accessibilityRole="radio"
                  accessibilityState={
                    {
                      "busy": undefined,
                      "checked": false,
                      "disabled": undefined,
                      "expanded": undefined,
                      "selected": undefined,
                    }
                  }
                  accessibilityValue={
                    {
                      "max": undefined,
                      "min": undefined,
                      "now": undefined,
                      "text": undefined,
                    }
                  }
                  accessible={true}
                  className="h-full min-w-touch items-center justify-center px-2 border-line border-l"
                  collapsable={false}
                  focusable={true}
                  onBlur={[Function]}
                  onClick={[Function]}
                  onFocus={[Function]}
                  onResponderGrant={[Function]}
                  onResponderMove={[Function]}
                  onResponderRelease={[Function]}
                  onResponderTerminate={[Function]}
                  onResponderTerminationRequest={[Function]}
                  onStartShouldSetResponder={[Function]}
                  style={null}
                >
                  <Text
                    className="text-dim"
                    style={
                      {
                        "fontFamily": "NotoSansTelugu_700Bold",
                        "fontSize": 13.5,
                        "fontVariant": undefined,
                        "letterSpacing": 0,
                        "lineHeight": 22.3,
                        "textAlign": "center",
                        "textTransform": undefined,
                        "writingDirection": "ltr",
                      }
                    }
                  >
                    తె
                  </Text>
                </View>
                <View
                  accessibilityLabel="اُر"
                  accessibilityRole="radio"
                  accessibilityState={
                    {
                      "busy": undefined,
                      "checked": true,
                      "disabled": undefined,
                      "expanded": undefined,
                      "selected": undefined,
                    }
                  }
                  accessibilityValue={
                    {
                      "max": undefined,
                      "min": undefined,
                      "now": undefined,
                      "text": undefined,
                    }
                  }
                  accessible={true}
                  className="h-full min-w-touch items-center justify-center px-2 bg-hivis"
                  collapsable={false}
                  focusable={true}
                  onBlur={[Function]}
                  onClick={[Function]}
                  onFocus={[Function]}
                  onResponderGrant={[Function]}
                  onResponderMove={[Function]}
                  onResponderRelease={[Function]}
                  onResponderTerminate={[Function]}
                  onResponderTerminationRequest={[Function]}
                  onStartShouldSetResponder={[Function]}
                  style={null}
                >
                  <Text
                    className="text-tar"
                    style={
                      {
                        "fontFamily": "NotoNastaliqUrdu_700Bold",
                        "fontSize": 14.5,
                        "fontVariant": undefined,
                        "letterSpacing": 0,
                        "lineHeight": 29.7,
                        "textAlign": "center",
                        "textTransform": undefined,
                        "writingDirection": "rtl",
                      }
                    }
                  >
                    اُر
                  </Text>
                </View>
              </View>
            </View>
          </View>
          <View
            accessibilityLabel="روزانہ یاد دہانی"
            accessibilityRole="switch"
            accessibilityState={
              {
                "busy": undefined,
                "checked": true,
                "disabled": undefined,
                "expanded": undefined,
                "selected": undefined,
              }
            }
            accessibilityValue={
              {
                "max": undefined,
                "min": undefined,
                "now": undefined,
                "text": undefined,
              }
            }
            accessible={true}
            className="border-t border-line2"
            collapsable={false}
            focusable={true}
            onBlur={[Function]}
            onClick={[Function]}
            onFocus={[Function]}
            onResponderGrant={[Function]}
            onResponderMove={[Function]}
            onResponderRelease={[Function]}
            onResponderTerminate={[Function]}
            onResponderTerminationRequest={[Function]}
            onStartShouldSetResponder={[Function]}
            style={null}
            testID="profile-notifications"
          >
            <View
              className="h-touchLg"
              style={
                {
                  "alignItems": "center",
                  "flexDirection": "row-reverse",
                  "flexWrap": undefined,
                  "gap": 12,
                  "justifyContent": "space-between",
                }
              }
            >
              <Text
                className="text-chalk flex-1"
                style={
                  {
                    "fontFamily": "NotoNastaliqUrdu_700Bold",
                    "fontSize": 14.5,
                    "fontVariant": undefined,
                    "letterSpacing": 0,
                    "lineHeight": 29.7,
                    "textAlign": "right",
                    "textTransform": undefined,
                    "writingDirection": "rtl",
                  }
                }
              >
                روزانہ یاد دہانی
              </Text>
              <View
                importantForAccessibility="no-hide-descendants"
                pointerEvents="none"
              >
                <RCTSwitch
                  accessibilityRole="switch"
                  onChange={[Function]}
                  onResponderTerminationRequest={[Function]}
                  onStartShouldSetResponder={[Function]}
                  onTintColor="#FFE01B"
                  style={
                    [
                      {
                        "alignSelf": "flex-start",
                      },
                      {
                        "backgroundColor": "#1E2023",
                        "borderRadius": 16,
                      },
                    ]
                  }
                  thumbTintColor="#0D0D0E"
                  tintColor="#1E2023"
                  value={true}
                />
              </View>
            </View>
          </View>
        </View>
      </View>
      <View
        className="mt-6"
        style={
          {
            "alignItems": undefined,
            "flexDirection": "column",
            "gap": 8,
            "justifyContent": undefined,
          }
        }
      >
        <Text
          className="text-dim"
          style={
            {
              "fontFamily": "NotoNastaliqUrdu_700Bold",
              "fontSize": 12,
              "fontVariant": undefined,
              "letterSpacing": 0,
              "lineHeight": 24.6,
              "textAlign": "right",
              "textTransform": undefined,
              "writingDirection": "rtl",
            }
          }
        >
          اکاؤنٹ
        </Text>
        <View
          accessibilityState={
            {
              "selected": false,
            }
          }
          className="justify-center rounded-md min-h-16 border border-line bg-panel2 p-4"
        >
          <View
            style={
              {
                "alignItems": undefined,
                "flexDirection": "column",
                "gap": 12,
                "justifyContent": undefined,
              }
            }
          >
            <View
              accessibilityRole="button"
              accessibilityState={
                {
                  "busy": undefined,
                  "checked": undefined,
                  "disabled": false,
                  "expanded": undefined,
                  "selected": undefined,
                }
              }
              accessibilityValue={
                {
                  "max": undefined,
                  "min": undefined,
                  "now": undefined,
                  "text": undefined,
                }
              }
              accessible={true}
              className="items-center justify-center rounded-sm px-4 h-touch border border-line3"
              collapsable={false}
              focusable={true}
              onBlur={[Function]}
              onClick={[Function]}
              onFocus={[Function]}
              onResponderGrant={[Function]}
              onResponderMove={[Function]}
              onResponderRelease={[Function]}
              onResponderTerminate={[Function]}
              onResponderTerminationRequest={[Function]}
              onStartShouldSetResponder={[Function]}
              style={
                [
                  null,
                  undefined,
                ]
              }
              testID="profile-logout"
            >
              <View
                style={
                  {
                    "alignItems": "center",
                    "flexDirection": "row-reverse",
                    "flexWrap": undefined,
                    "gap": 8,
                    "justifyContent": undefined,
                  }
                }
              >
                <Text
                  className="text-chalk"
                  style={
                    {
                      "fontFamily": "NotoNastaliqUrdu_700Bold",
                      "fontSize": 14.5,
                      "fontVariant": undefined,
                      "letterSpacing": 0,
                      "lineHeight": 29.7,
                      "textAlign": "center",
                      "textTransform": undefined,
                      "writingDirection": "rtl",
                    }
                  }
                >
                  لاگ آؤٹ
                </Text>
              </View>
            </View>
            <View
              accessibilityRole="button"
              accessibilityState={
                {
                  "busy": undefined,
                  "checked": undefined,
                  "disabled": false,
                  "expanded": undefined,
                  "selected": undefined,
                }
              }
              accessibilityValue={
                {
                  "max": undefined,
                  "min": undefined,
                  "now": undefined,
                  "text": undefined,
                }
              }
              accessible={true}
              className="items-center justify-center rounded-sm px-4 h-touch bg-flag"
              collapsable={false}
              focusable={true}
              onBlur={[Function]}
              onClick={[Function]}
              onFocus={[Function]}
              onResponderGrant={[Function]}
              onResponderMove={[Function]}
              onResponderRelease={[Function]}
              onResponderTerminate={[Function]}
              onResponderTerminationRequest={[Function]}
              onStartShouldSetResponder={[Function]}
              style={
                [
                  null,
                  undefined,
                ]
              }
              testID="profile-delete"
            >
              <View
                style={
                  {
                    "alignItems": "center",
                    "flexDirection": "row-reverse",
                    "flexWrap": undefined,
                    "gap": 8,
                    "justifyContent": undefined,
                  }
                }
              >
                <Text
                  className="text-white"
                  style={
                    {
                      "fontFamily": "NotoNastaliqUrdu_700Bold",
                      "fontSize": 14.5,
                      "fontVariant": undefined,
                      "letterSpacing": 0,
                      "lineHeight": 29.7,
                      "textAlign": "center",
                      "textTransform": undefined,
                      "writingDirection": "rtl",
                    }
                  }
                >
                  اکاؤنٹ حذف کریں
                </Text>
              </View>
            </View>
          </View>
        </View>
      </View>
      <Text
        className="text-mute mt-6"
        style={
          {
            "fontFamily": "NotoNastaliqUrdu_400Regular",
            "fontSize": 12.5,
            "fontVariant": undefined,
            "letterSpacing": 0,
            "lineHeight": 25.6,
            "textAlign": "right",
            "textTransform": undefined,
            "writingDirection": "rtl",
          }
        }
        testID="profile-version"
      >
        ورژن 1.0.0
      </Text>
    </View>
  </RCTScrollView>
  <View
    className="absolute inset-0"
    pointerEvents="box-none"
  />
</View>
`;
