// Jest Snapshot v1, https://goo.gl/fbAQLP

exports[`ProfileView (te) renders the Telugu setting rows and matches the snapshot 1`] = `
<View
  className="flex-1 bg-tar"
  style={
    {
      "paddingBottom": 0,
      "paddingLeft": 0,
      "paddingRight": 0,
      "paddingTop": 0,
    }
  }
  testID="profile-screen"
>
  <RCTScrollView
    className="flex-1"
    contentContainerClassName="pb-6 px-4"
    keyboardShouldPersistTaps="handled"
    showsVerticalScrollIndicator={false}
  >
    <View>
      <Text
        className="text-chalk mt-5"
        style={
          {
            "fontFamily": "NotoSansTelugu_600SemiBold",
            "fontSize": 25,
            "fontVariant": undefined,
            "letterSpacing": 0,
            "lineHeight": 41.3,
            "textAlign": "left",
            "textTransform": undefined,
            "writingDirection": "ltr",
          }
        }
      >
        ప్రొఫైల్
      </Text>
      <View
        className="mt-6"
        style={
          {
            "alignItems": undefined,
            "flexDirection": "column",
            "gap": 8,
            "justifyContent": undefined,
          }
        }
      >
        <Text
          className="text-dim"
          style={
            {
              "fontFamily": "NotoSansTelugu_700Bold",
              "fontSize": 12,
              "fontVariant": undefined,
              "letterSpacing": 0,
              "lineHeight": 19.8,
              "textAlign": "left",
              "textTransform": undefined,
              "writingDirection": "ltr",
            }
          }
        >
          మీ పరీక్ష
        </Text>
        <View
          accessibilityState={
            {
              "selected": false,
            }
          }
          className="justify-center rounded-md min-h-16 border border-line bg-panel2 p-4"
        >
          <View
            accessibilityLabel="పోస్ట్"
            accessibilityRole="button"
            accessibilityState={
              {
                "busy": undefined,
                "checked": undefined,
                "disabled": undefined,
                "expanded": undefined,
                "selected": undefined,
              }
            }
            accessibilityValue={
              {
                "max": undefined,
                "min": undefined,
                "now": undefined,
                "text": undefined,
              }
            }
            accessible={true}
            collapsable={false}
            focusable={true}
            onBlur={[Function]}
            onClick={[Function]}
            onFocus={[Function]}
            onResponderGrant={[Function]}
            onResponderMove={[Function]}
            onResponderRelease={[Function]}
            onResponderTerminate={[Function]}
            onResponderTerminationRequest={[Function]}
            onStartShouldSetResponder={[Function]}
            testID="profile-post"
          >
            <View
              className="h-touchLg"
              style={
                {
                  "alignItems": "center",
                  "flexDirection": "row",
                  "flexWrap": undefined,
                  "gap": 12,
                  "justifyContent": "space-between",
                }
              }
              testID="profile-post-row"
            >
              <Text
                className="text-chalk flex-1"
                style={
                  {
                    "fontFamily": "NotoSansTelugu_600SemiBold",
                    "fontSize": 13.5,
                    "fontVariant": undefined,
                    "letterSpacing": 0,
                    "lineHeight": 22.3,
                    "textAlign": "left",
                    "textTransform": undefined,
                    "writingDirection": "ltr",
                  }
                }
              >
                పోస్ట్
              </Text>
              <View
                style={
                  {
                    "alignItems": "center",
                    "flexDirection": "row",
                    "flexWrap": undefined,
                    "gap": 8,
                    "justifyContent": undefined,
                  }
                }
              >
                <Text
                  className="text-dim"
                  style={
                    {
                      "fontFamily": "NotoSansTelugu_400Regular",
                      "fontSize": 13.5,
                      "fontVariant": undefined,
                      "letterSpacing": 0,
                      "lineHeight": 22.3,
                      "textAlign": "left",
                      "textTransform": undefined,
                      "writingDirection": "ltr",
                    }
                  }
                >
                  ఎస్‌ఐ / ఏఎస్‌ఐ
                </Text>
                <Text
                  accessibilityElementsHidden={true}
                  className="text-dim"
                  importantForAccessibility="no"
                  style={
                    {
                      "fontFamily": "Archivo_400Regular",
                      "fontSize": 20,
                      "fontVariant": undefined,
                      "letterSpacing": 0,
                      "lineHeight": 29,
                      "textAlign": "left",
                      "textTransform": undefined,
                      "writingDirection": "ltr",
                    }
                  }
                >
                  ›
                </Text>
              </View>
            </View>
          </View>
          <View
            accessibilityLabel="కేటగిరీ"
            accessibilityRole="button"
            accessibilityState={
              {
                "busy": undefined,
                "checked": undefined,
                "disabled": undefined,
                "expanded": undefined,
                "selected": undefined,
              }
            }
            accessibilityValue={
              {
                "max": undefined,
                "min": undefined,
                "now": undefined,
                "text": undefined,
              }
            }
            accessible={true}
            className="border-t border-line2"
            collapsable={false}
            focusable={true}
            onBlur={[Function]}
            onClick={[Function]}
            onFocus={[Function]}
            onResponderGrant={[Function]}
            onResponderMove={[Function]}
            onResponderRelease={[Function]}
            onResponderTerminate={[Function]}
            onResponderTerminationRequest={[Function]}
            onStartShouldSetResponder={[Function]}
            testID="profile-category"
          >
            <View
              className="h-touchLg"
              style={
                {
                  "alignItems": "center",
                  "flexDirection": "row",
                  "flexWrap": undefined,
                  "gap": 12,
                  "justifyContent": "space-between",
                }
              }
              testID="profile-category-row"
            >
              <Text
                className="text-chalk flex-1"
                style={
                  {
                    "fontFamily": "NotoSansTelugu_600SemiBold",
                    "fontSize": 13.5,
                    "fontVariant": undefined,
                    "letterSpacing": 0,
                    "lineHeight": 22.3,
                    "textAlign": "left",
                    "textTransform": undefined,
                    "writingDirection": "ltr",
                  }
                }
              >
                కేటగిరీ
              </Text>
              <View
                style={
                  {
                    "alignItems": "center",
                    "flexDirection": "row",
                    "flexWrap": undefined,
                    "gap": 8,
                    "justifyContent": undefined,
                  }
                }
              >
                <Text
                  className="text-dim"
                  style={
                    {
                      "fontFamily": "NotoSansTelugu_400Regular",
                      "fontSize": 13.5,
                      "fontVariant": undefined,
                      "letterSpacing": 0,
                      "lineHeight": 22.3,
                      "textAlign": "left",
                      "textTransform": undefined,
                      "writingDirection": "ltr",
                    }
                  }
                >
                  బీసీ
                </Text>
                <Text
                  accessibilityElementsHidden={true}
                  className="text-dim"
                  importantForAccessibility="no"
                  style={
                    {
                      "fontFamily": "Archivo_400Regular",
                      "fontSize": 20,
                      "fontVariant": undefined,
                      "letterSpacing": 0,
                      "lineHeight": 29,
                      "textAlign": "left",
                      "textTransform": undefined,
                      "writingDirection": "ltr",
                    }
                  }
                >
                  ›
                </Text>
              </View>
            </View>
          </View>
        </View>
      </View>
      <View
        className="mt-6"
        style={
          {
            "alignItems": undefined,
            "flexDirection": "column",
            "gap": 8,
            "justifyContent": undefined,
          }
        }
      >
        <Text
          className="text-dim"
          style={
            {
              "fontFamily": "NotoSansTelugu_700Bold",
              "fontSize": 12,
              "fontVariant": undefined,
              "letterSpacing": 0,
              "lineHeight": 19.8,
              "textAlign": "left",
              "textTransform": undefined,
              "writingDirection": "ltr",
            }
          }
        >
          యాప్
        </Text>
        <View
          accessibilityState={
            {
              "selected": false,
            }
          }
          className="justify-center rounded-md min-h-16 border border-line bg-panel2 p-4"
        >
          <View
            testID="profile-language"
          >
            <View
              className="h-touchLg"
              style={
                {
                  "alignItems": "center",
                  "flexDirection": "row",
                  "flexWrap": undefined,
                  "gap": 12,
                  "justifyContent": "space-between",
                }
              }
              testID="profile-language-row"
            >
              <Text
                className="text-chalk flex-1"
                style={
                  {
                    "fontFamily": "NotoSansTelugu_600SemiBold",
                    "fontSize": 13.5,
                    "fontVariant": undefined,
                    "letterSpacing": 0,
                    "lineHeight": 22.3,
                    "textAlign": "left",
                    "textTransform": undefined,
                    "writingDirection": "ltr",
                  }
                }
              >
                భాష
              </Text>
              <View
                accessibilityRole="radiogroup"
                className="h-touch overflow-hidden rounded-sm border border-line self-start"
                style={
                  {
                    "alignItems": undefined,
                    "flexDirection": "row",
                    "flexWrap": undefined,
                    "gap": undefined,
                    "justifyContent": undefined,
                  }
                }
                testID="profile-lang"
              >
                <View
                  accessibilityLabel="EN"
                  accessibilityRole="radio"
                  accessibilityState={
                    {
                      "busy": undefined,
                      "checked": false,
                      "disabled": undefined,
                      "expanded": undefined,
                      "selected": undefined,
                    }
                  }
                  accessibilityValue={
                    {
                      "max": undefined,
                      "min": undefined,
                      "now": undefined,
                      "text": undefined,
                    }
                  }
                  accessible={true}
                  className="h-full min-w-touch items-center justify-center px-3 border-line border-r"
                  collapsable={false}
                  focusable={true}
                  onBlur={[Function]}
                  onClick={[Function]}
                  onFocus={[Function]}
                  onResponderGrant={[Function]}
                  onResponderMove={[Function]}
                  onResponderRelease={[Function]}
                  onResponderTerminate={[Function]}
                  onResponderTerminationRequest={[Function]}
                  onStartShouldSetResponder={[Function]}
                >
                  <Text
                    className="text-dim"
                    style={
                      {
                        "fontFamily": "Archivo_700Bold",
                        "fontSize": 13.5,
                        "fontVariant": undefined,
                        "letterSpacing": 0,
                        "lineHeight": 19.6,
                        "textAlign": "center",
                        "textTransform": undefined,
                        "writingDirection": "ltr",
                      }
                    }
                  >
                    EN
                  </Text>
                </View>
                <View
                  accessibilityLabel="తె"
                  accessibilityRole="radio"
                  accessibilityState={
                    {
                      "busy": undefined,
                      "checked": true,
                      "disabled": undefined,
                      "expanded": undefined,
                      "selected": undefined,
                    }
                  }
                  accessibilityValue={
                    {
                      "max": undefined,
                      "min": undefined,
                      "now": undefined,
                      "text": undefined,
                    }
                  }
                  accessible={true}
                  className="h-full min-w-touch items-center justify-center px-3 bg-hivis"
                  collapsable={false}
                  focusable={true}
                  onBlur={[Function]}
                  onClick={[Function]}
                  onFocus={[Function]}
                  onResponderGrant={[Function]}
                  onResponderMove={[Function]}
                  onResponderRelease={[Function]}
                  onResponderTerminate={[Function]}
                  onResponderTerminationRequest={[Function]}
                  onStartShouldSetResponder={[Function]}
                >
                  <Text
                    className="text-tar"
                    style={
                      {
                        "fontFamily": "NotoSansTelugu_700Bold",
                        "fontSize": 13.5,
                        "fontVariant": undefined,
                        "letterSpacing": 0,
                        "lineHeight": 22.3,
                        "textAlign": "center",
                        "textTransform": undefined,
                        "writingDirection": "ltr",
                      }
                    }
                  >
                    తె
                  </Text>
                </View>
              </View>
            </View>
          </View>
          <View
            className="border-t border-line2"
          >
            <View
              className="h-touchLg"
              style={
                {
                  "alignItems": "center",
                  "flexDirection": "row",
                  "flexWrap": undefined,
                  "gap": 12,
                  "justifyContent": "space-between",
                }
              }
            >
              <Text
                className="text-chalk flex-1"
                style={
                  {
                    "fontFamily": "NotoSansTelugu_600SemiBold",
                    "fontSize": 13.5,
                    "fontVariant": undefined,
                    "letterSpacing": 0,
                    "lineHeight": 22.3,
                    "textAlign": "left",
                    "textTransform": undefined,
                    "writingDirection": "ltr",
                  }
                }
              >
                రోజువారీ రిమైండర్
              </Text>
              <View
                accessibilityLabel="రోజువారీ రిమైండర్"
                accessibilityRole="switch"
                accessibilityState={
                  {
                    "busy": undefined,
                    "checked": true,
                    "disabled": false,
                    "expanded": undefined,
                    "selected": undefined,
                  }
                }
                accessibilityValue={
                  {
                    "max": undefined,
                    "min": undefined,
                    "now": undefined,
                    "text": undefined,
                  }
                }
                accessible={true}
                collapsable={false}
                focusable={true}
                hitSlop={
                  {
                    "bottom": 8,
                    "left": 0,
                    "right": 0,
                    "top": 8,
                  }
                }
                onBlur={[Function]}
                onClick={[Function]}
                onFocus={[Function]}
                onResponderGrant={[Function]}
                onResponderMove={[Function]}
                onResponderRelease={[Function]}
                onResponderTerminate={[Function]}
                onResponderTerminationRequest={[Function]}
                onStartShouldSetResponder={[Function]}
                style={
                  {
                    "backgroundColor": "#FFE01B",
                    "borderColor": "#FFE01B",
                    "borderRadius": 3,
                    "borderWidth": 1,
                    "height": 32,
                    "justifyContent": "center",
                    "opacity": 1,
                    "width": 52,
                  }
                }
                testID="profile-notifications"
              >
                <View
                  style={
                    {
                      "backgroundColor": "#0D0D0E",
                      "borderRadius": 2,
                      "height": 26,
                      "left": 23,
                      "position": "absolute",
                      "width": 26,
                    }
                  }
                  testID="profile-notifications-thumb"
                />
              </View>
            </View>
          </View>
        </View>
      </View>
      <View
        className="mt-6"
        style={
          {
            "alignItems": undefined,
            "flexDirection": "column",
            "gap": 8,
            "justifyContent": undefined,
          }
        }
      >
        <Text
          className="text-dim"
          style={
            {
              "fontFamily": "NotoSansTelugu_700Bold",
              "fontSize": 12,
              "fontVariant": undefined,
              "letterSpacing": 0,
              "lineHeight": 19.8,
              "textAlign": "left",
              "textTransform": undefined,
              "writingDirection": "ltr",
            }
          }
        >
          ఖాతా
        </Text>
        <View
          accessibilityState={
            {
              "selected": false,
            }
          }
          className="justify-center rounded-md min-h-16 border border-line bg-panel2 p-4"
        >
          <View
            style={
              {
                "alignItems": undefined,
                "flexDirection": "column",
                "gap": 12,
                "justifyContent": undefined,
              }
            }
          >
            <View
              accessibilityRole="button"
              accessibilityState={
                {
                  "busy": undefined,
                  "checked": undefined,
                  "disabled": false,
                  "expanded": undefined,
                  "selected": undefined,
                }
              }
              accessibilityValue={
                {
                  "max": undefined,
                  "min": undefined,
                  "now": undefined,
                  "text": undefined,
                }
              }
              accessible={true}
              className="items-center justify-center rounded-sm px-4 border border-line3"
              collapsable={false}
              focusable={true}
              onBlur={[Function]}
              onClick={[Function]}
              onFocus={[Function]}
              onResponderGrant={[Function]}
              onResponderMove={[Function]}
              onResponderRelease={[Function]}
              onResponderTerminate={[Function]}
              onResponderTerminationRequest={[Function]}
              onStartShouldSetResponder={[Function]}
              style={
                {
                  "height": 48,
                }
              }
              testID="profile-logout"
            >
              <View
                style={
                  {
                    "alignItems": "center",
                    "flexDirection": "row",
                    "flexWrap": undefined,
                    "gap": 8,
                    "justifyContent": undefined,
                  }
                }
              >
                <Text
                  className="text-chalk"
                  style={
                    {
                      "fontFamily": "NotoSansTelugu_600SemiBold",
                      "fontSize": 13.5,
                      "fontVariant": undefined,
                      "letterSpacing": 0,
                      "lineHeight": 22.3,
                      "textAlign": "center",
                      "textTransform": undefined,
                      "writingDirection": "ltr",
                    }
                  }
                >
                  లాగ్ అవుట్
                </Text>
              </View>
            </View>
            <View
              accessibilityRole="button"
              accessibilityState={
                {
                  "busy": undefined,
                  "checked": undefined,
                  "disabled": false,
                  "expanded": undefined,
                  "selected": undefined,
                }
              }
              accessibilityValue={
                {
                  "max": undefined,
                  "min": undefined,
                  "now": undefined,
                  "text": undefined,
                }
              }
              accessible={true}
              className="items-center justify-center rounded-sm px-4 border border-flag"
              collapsable={false}
              focusable={true}
              onBlur={[Function]}
              onClick={[Function]}
              onFocus={[Function]}
              onResponderGrant={[Function]}
              onResponderMove={[Function]}
              onResponderRelease={[Function]}
              onResponderTerminate={[Function]}
              onResponderTerminationRequest={[Function]}
              onStartShouldSetResponder={[Function]}
              style={
                {
                  "height": 48,
                }
              }
              testID="profile-delete"
            >
              <View
                style={
                  {
                    "alignItems": "center",
                    "flexDirection": "row",
                    "flexWrap": undefined,
                    "gap": 8,
                    "justifyContent": undefined,
                  }
                }
              >
                <Text
                  className="text-flag"
                  style={
                    {
                      "fontFamily": "NotoSansTelugu_600SemiBold",
                      "fontSize": 13.5,
                      "fontVariant": undefined,
                      "letterSpacing": 0,
                      "lineHeight": 22.3,
                      "textAlign": "center",
                      "textTransform": undefined,
                      "writingDirection": "ltr",
                    }
                  }
                >
                  ఖాతా తొలగించు
                </Text>
              </View>
            </View>
          </View>
        </View>
      </View>
      <Text
        className="text-dim mt-6"
        style={
          {
            "fontFamily": "NotoSansTelugu_400Regular",
            "fontSize": 11.5,
            "fontVariant": undefined,
            "letterSpacing": 0,
            "lineHeight": 19,
            "textAlign": "left",
            "textTransform": undefined,
            "writingDirection": "ltr",
          }
        }
        testID="profile-version"
      >
        వెర్షన్ 1.0.0
      </Text>
    </View>
  </RCTScrollView>
  <View
    className="absolute inset-0"
    pointerEvents="box-none"
  />
</View>
`;
