// Jest Snapshot v1, https://goo.gl/fbAQLP

exports[`ProfileView (te) renders the Telugu setting rows and matches the snapshot 1`] = `
<View
  className="flex-1 bg-canvas"
  style={
    {
      "paddingBottom": 0,
      "paddingLeft": 0,
      "paddingRight": 0,
      "paddingTop": 0,
    }
  }
  testID="profile-screen"
>
  <RCTScrollView
    className="flex-1"
    contentContainerClassName="pb-6 px-4"
    keyboardShouldPersistTaps="handled"
    showsVerticalScrollIndicator={false}
  >
    <View>
      <View
        className="mt-5"
        style={
          {
            "alignItems": undefined,
            "flexDirection": "column",
            "gap": 12,
            "justifyContent": undefined,
          }
        }
        testID="profile-header"
      >
        <View
          style={
            {
              "alignItems": undefined,
              "flexDirection": "column",
              "gap": 8,
              "justifyContent": undefined,
            }
          }
        >
          <Text
            className="text-ink"
            style={
              {
                "fontFamily": "NotoSerifTelugu_700Bold",
                "fontSize": 26,
                "fontVariant": undefined,
                "letterSpacing": 0,
                "lineHeight": 39,
                "textAlign": "left",
                "textTransform": undefined,
                "writingDirection": "ltr",
              }
            }
          >
            ప్రొఫైల్
          </Text>
        </View>
      </View>
      <View
        className="mt-7"
        style={
          {
            "alignItems": undefined,
            "flexDirection": "column",
            "gap": 8,
            "justifyContent": undefined,
          }
        }
      >
        <View
          className="self-start rounded-full border px-2 py-0.5 bg-surface2 border-line"
          style={
            {
              "justifyContent": "center",
              "minHeight": 24,
            }
          }
        >
          <View
            style={
              {
                "alignItems": "center",
                "flexDirection": "row",
                "flexWrap": undefined,
                "gap": 4,
                "justifyContent": undefined,
              }
            }
          >
            <Text
              className="text-ink3"
              style={
                {
                  "fontFamily": "NotoSansTelugu_700Bold",
                  "fontSize": 12,
                  "fontVariant": undefined,
                  "letterSpacing": 0,
                  "lineHeight": 19.8,
                  "textAlign": "left",
                  "textTransform": undefined,
                  "writingDirection": "ltr",
                }
              }
            >
              మీ పరీక్ష
            </Text>
          </View>
        </View>
        <View
          className="justify-center rounded-md min-h-16 border border-line p-4 bg-surface"
          style={
            {
              "boxShadow": "0 6px 20px -12px rgba(33,28,23,0.25)",
            }
          }
        >
          <View
            accessibilityLabel="పోస్ట్"
            accessibilityRole="button"
            accessibilityState={
              {
                "busy": undefined,
                "checked": undefined,
                "disabled": undefined,
                "expanded": undefined,
                "selected": undefined,
              }
            }
            accessibilityValue={
              {
                "max": undefined,
                "min": undefined,
                "now": undefined,
                "text": undefined,
              }
            }
            accessible={true}
            className="min-h-touchLg justify-center py-2"
            collapsable={false}
            focusable={true}
            onBlur={[Function]}
            onClick={[Function]}
            onFocus={[Function]}
            onResponderGrant={[Function]}
            onResponderMove={[Function]}
            onResponderRelease={[Function]}
            onResponderTerminate={[Function]}
            onResponderTerminationRequest={[Function]}
            onStartShouldSetResponder={[Function]}
            testID="profile-post"
          >
            <View
              style={
                {
                  "alignItems": "flex-start",
                  "flexDirection": "row",
                  "flexWrap": undefined,
                  "gap": 12,
                  "justifyContent": undefined,
                }
              }
              testID="profile-post-row"
            >
              <View
                className="flex-1"
                style={
                  {
                    "alignItems": undefined,
                    "flexDirection": "column",
                    "gap": 4,
                    "justifyContent": undefined,
                  }
                }
              >
                <Text
                  className="text-ink"
                  style={
                    {
                      "fontFamily": "NotoSansTelugu_600SemiBold",
                      "fontSize": 15,
                      "fontVariant": undefined,
                      "letterSpacing": 0,
                      "lineHeight": 24.8,
                      "textAlign": "left",
                      "textTransform": undefined,
                      "writingDirection": "ltr",
                    }
                  }
                >
                  పోస్ట్
                </Text>
              </View>
              <View
                style={
                  {
                    "alignItems": "center",
                    "alignSelf": "flex-start",
                    "flexDirection": "row",
                    "flexWrap": undefined,
                    "gap": 8,
                    "height": 24.8,
                    "justifyContent": undefined,
                  }
                }
                testID="profile-post-end"
              >
                <Text
                  className="text-ink3"
                  style={
                    {
                      "fontFamily": "NotoSansTelugu_400Regular",
                      "fontSize": 15,
                      "fontVariant": undefined,
                      "letterSpacing": 0,
                      "lineHeight": 24.8,
                      "textAlign": "left",
                      "textTransform": undefined,
                      "writingDirection": "ltr",
                    }
                  }
                >
                  ఎస్‌ఐ / ఏఎస్‌ఐ
                </Text>
                <Text
                  accessibilityElementsHidden={true}
                  className="text-ink3"
                  importantForAccessibility="no"
                  style={
                    {
                      "fontFamily": "Inter_400Regular",
                      "fontSize": 20,
                      "fontVariant": undefined,
                      "letterSpacing": 0,
                      "lineHeight": 30,
                      "textAlign": "left",
                      "textTransform": undefined,
                      "writingDirection": "ltr",
                    }
                  }
                >
                  ›
                </Text>
              </View>
            </View>
          </View>
          <View
            accessibilityLabel="కేటగిరీ"
            accessibilityRole="button"
            accessibilityState={
              {
                "busy": undefined,
                "checked": undefined,
                "disabled": undefined,
                "expanded": undefined,
                "selected": undefined,
              }
            }
            accessibilityValue={
              {
                "max": undefined,
                "min": undefined,
                "now": undefined,
                "text": undefined,
              }
            }
            accessible={true}
            className="min-h-touchLg justify-center py-2 border-t border-line"
            collapsable={false}
            focusable={true}
            onBlur={[Function]}
            onClick={[Function]}
            onFocus={[Function]}
            onResponderGrant={[Function]}
            onResponderMove={[Function]}
            onResponderRelease={[Function]}
            onResponderTerminate={[Function]}
            onResponderTerminationRequest={[Function]}
            onStartShouldSetResponder={[Function]}
            testID="profile-category"
          >
            <View
              style={
                {
                  "alignItems": "flex-start",
                  "flexDirection": "row",
                  "flexWrap": undefined,
                  "gap": 12,
                  "justifyContent": undefined,
                }
              }
              testID="profile-category-row"
            >
              <View
                className="flex-1"
                style={
                  {
                    "alignItems": undefined,
                    "flexDirection": "column",
                    "gap": 4,
                    "justifyContent": undefined,
                  }
                }
              >
                <Text
                  className="text-ink"
                  style={
                    {
                      "fontFamily": "NotoSansTelugu_600SemiBold",
                      "fontSize": 15,
                      "fontVariant": undefined,
                      "letterSpacing": 0,
                      "lineHeight": 24.8,
                      "textAlign": "left",
                      "textTransform": undefined,
                      "writingDirection": "ltr",
                    }
                  }
                >
                  కేటగిరీ
                </Text>
              </View>
              <View
                style={
                  {
                    "alignItems": "center",
                    "alignSelf": "flex-start",
                    "flexDirection": "row",
                    "flexWrap": undefined,
                    "gap": 8,
                    "height": 24.8,
                    "justifyContent": undefined,
                  }
                }
                testID="profile-category-end"
              >
                <Text
                  className="text-ink3"
                  style={
                    {
                      "fontFamily": "NotoSansTelugu_400Regular",
                      "fontSize": 15,
                      "fontVariant": undefined,
                      "letterSpacing": 0,
                      "lineHeight": 24.8,
                      "textAlign": "left",
                      "textTransform": undefined,
                      "writingDirection": "ltr",
                    }
                  }
                >
                  బీసీ
                </Text>
                <Text
                  accessibilityElementsHidden={true}
                  className="text-ink3"
                  importantForAccessibility="no"
                  style={
                    {
                      "fontFamily": "Inter_400Regular",
                      "fontSize": 20,
                      "fontVariant": undefined,
                      "letterSpacing": 0,
                      "lineHeight": 30,
                      "textAlign": "left",
                      "textTransform": undefined,
                      "writingDirection": "ltr",
                    }
                  }
                >
                  ›
                </Text>
              </View>
            </View>
          </View>
        </View>
      </View>
      <View
        className="mt-7"
        style={
          {
            "alignItems": undefined,
            "flexDirection": "column",
            "gap": 8,
            "justifyContent": undefined,
          }
        }
      >
        <View
          className="self-start rounded-full border px-2 py-0.5 bg-surface2 border-line"
          style={
            {
              "justifyContent": "center",
              "minHeight": 24,
            }
          }
        >
          <View
            style={
              {
                "alignItems": "center",
                "flexDirection": "row",
                "flexWrap": undefined,
                "gap": 4,
                "justifyContent": undefined,
              }
            }
          >
            <Text
              className="text-ink3"
              style={
                {
                  "fontFamily": "NotoSansTelugu_700Bold",
                  "fontSize": 12,
                  "fontVariant": undefined,
                  "letterSpacing": 0,
                  "lineHeight": 19.8,
                  "textAlign": "left",
                  "textTransform": undefined,
                  "writingDirection": "ltr",
                }
              }
            >
              యాప్
            </Text>
          </View>
        </View>
        <View
          className="justify-center rounded-md min-h-16 border border-line p-4 bg-surface"
          style={
            {
              "boxShadow": "0 6px 20px -12px rgba(33,28,23,0.25)",
            }
          }
        >
          <View
            className="min-h-touchLg justify-center py-2"
            testID="profile-language"
          >
            <View
              style={
                {
                  "alignItems": "flex-start",
                  "flexDirection": "row",
                  "flexWrap": undefined,
                  "gap": 12,
                  "justifyContent": undefined,
                }
              }
              testID="profile-language-row"
            >
              <View
                className="flex-1"
                style={
                  {
                    "alignItems": undefined,
                    "flexDirection": "column",
                    "gap": 4,
                    "justifyContent": undefined,
                  }
                }
              >
                <Text
                  className="text-ink"
                  style={
                    {
                      "fontFamily": "NotoSansTelugu_600SemiBold",
                      "fontSize": 15,
                      "fontVariant": undefined,
                      "letterSpacing": 0,
                      "lineHeight": 24.8,
                      "textAlign": "left",
                      "textTransform": undefined,
                      "writingDirection": "ltr",
                    }
                  }
                >
                  భాష
                </Text>
              </View>
              <View
                style={
                  {
                    "alignItems": "center",
                    "alignSelf": "flex-start",
                    "flexDirection": "row",
                    "flexWrap": undefined,
                    "gap": 8,
                    "height": 24.8,
                    "justifyContent": undefined,
                  }
                }
                testID="profile-language-end"
              >
                <View
                  accessibilityRole="radiogroup"
                  className="h-touch overflow-hidden rounded-sm border border-outline self-start"
                  style={
                    {
                      "alignItems": undefined,
                      "flexDirection": "row",
                      "flexWrap": undefined,
                      "gap": undefined,
                      "justifyContent": undefined,
                    }
                  }
                  testID="profile-lang"
                >
                  <View
                    accessibilityLabel="EN"
                    accessibilityRole="radio"
                    accessibilityState={
                      {
                        "busy": undefined,
                        "checked": false,
                        "disabled": undefined,
                        "expanded": undefined,
                        "selected": undefined,
                      }
                    }
                    accessibilityValue={
                      {
                        "max": undefined,
                        "min": undefined,
                        "now": undefined,
                        "text": undefined,
                      }
                    }
                    accessible={true}
                    className="h-full min-w-touch items-center justify-center px-3 border-line2 border-r"
                    collapsable={false}
                    focusable={true}
                    onBlur={[Function]}
                    onClick={[Function]}
                    onFocus={[Function]}
                    onResponderGrant={[Function]}
                    onResponderMove={[Function]}
                    onResponderRelease={[Function]}
                    onResponderTerminate={[Function]}
                    onResponderTerminationRequest={[Function]}
                    onStartShouldSetResponder={[Function]}
                  >
                    <Text
                      className="text-ink3"
                      style={
                        {
                          "fontFamily": "Inter_700Bold",
                          "fontSize": 15,
                          "fontVariant": undefined,
                          "letterSpacing": 0,
                          "lineHeight": 22.5,
                          "textAlign": "center",
                          "textTransform": undefined,
                          "writingDirection": "ltr",
                        }
                      }
                    >
                      EN
                    </Text>
                  </View>
                  <View
                    accessibilityLabel="తె"
                    accessibilityRole="radio"
                    accessibilityState={
                      {
                        "busy": undefined,
                        "checked": true,
                        "disabled": undefined,
                        "expanded": undefined,
                        "selected": undefined,
                      }
                    }
                    accessibilityValue={
                      {
                        "max": undefined,
                        "min": undefined,
                        "now": undefined,
                        "text": undefined,
                      }
                    }
                    accessible={true}
                    className="h-full min-w-touch items-center justify-center px-3 bg-accentSoft border-b-2 border-b-accentStrong"
                    collapsable={false}
                    focusable={true}
                    onBlur={[Function]}
                    onClick={[Function]}
                    onFocus={[Function]}
                    onResponderGrant={[Function]}
                    onResponderMove={[Function]}
                    onResponderRelease={[Function]}
                    onResponderTerminate={[Function]}
                    onResponderTerminationRequest={[Function]}
                    onStartShouldSetResponder={[Function]}
                  >
                    <Text
                      className="text-ink"
                      style={
                        {
                          "fontFamily": "NotoSansTelugu_700Bold",
                          "fontSize": 15,
                          "fontVariant": undefined,
                          "letterSpacing": 0,
                          "lineHeight": 24.8,
                          "textAlign": "center",
                          "textTransform": undefined,
                          "writingDirection": "ltr",
                        }
                      }
                    >
                      తె
                    </Text>
                  </View>
                </View>
              </View>
            </View>
          </View>
          <View
            className="min-h-touchLg justify-center py-2 border-t border-line"
          >
            <View
              style={
                {
                  "alignItems": "flex-start",
                  "flexDirection": "row",
                  "flexWrap": undefined,
                  "gap": 12,
                  "justifyContent": undefined,
                }
              }
            >
              <View
                className="flex-1"
                style={
                  {
                    "alignItems": undefined,
                    "flexDirection": "column",
                    "gap": 4,
                    "justifyContent": undefined,
                  }
                }
              >
                <Text
                  className="text-ink"
                  style={
                    {
                      "fontFamily": "NotoSansTelugu_600SemiBold",
                      "fontSize": 15,
                      "fontVariant": undefined,
                      "letterSpacing": 0,
                      "lineHeight": 24.8,
                      "textAlign": "left",
                      "textTransform": undefined,
                      "writingDirection": "ltr",
                    }
                  }
                >
                  రోజువారీ రిమైండర్
                </Text>
              </View>
              <View
                style={
                  {
                    "alignItems": "center",
                    "alignSelf": "flex-start",
                    "flexDirection": "row",
                    "flexWrap": undefined,
                    "gap": 8,
                    "height": 24.8,
                    "justifyContent": undefined,
                  }
                }
              >
                <View
                  accessibilityLabel="రోజువారీ రిమైండర్"
                  accessibilityRole="switch"
                  accessibilityState={
                    {
                      "busy": undefined,
                      "checked": true,
                      "disabled": false,
                      "expanded": undefined,
                      "selected": undefined,
                    }
                  }
                  accessibilityValue={
                    {
                      "max": undefined,
                      "min": undefined,
                      "now": undefined,
                      "text": undefined,
                    }
                  }
                  accessible={true}
                  collapsable={false}
                  focusable={true}
                  hitSlop={
                    {
                      "bottom": 8,
                      "left": 0,
                      "right": 0,
                      "top": 8,
                    }
                  }
                  onBlur={[Function]}
                  onClick={[Function]}
                  onFocus={[Function]}
                  onResponderGrant={[Function]}
                  onResponderMove={[Function]}
                  onResponderRelease={[Function]}
                  onResponderTerminate={[Function]}
                  onResponderTerminationRequest={[Function]}
                  onStartShouldSetResponder={[Function]}
                  style={
                    {
                      "backgroundColor": "#c29b38",
                      "borderColor": "#c29b38",
                      "borderRadius": 999,
                      "borderWidth": 1,
                      "height": 32,
                      "justifyContent": "center",
                      "opacity": 1,
                      "width": 52,
                    }
                  }
                  testID="profile-notifications"
                >
                  <View
                    style={
                      {
                        "backgroundColor": "#211c17",
                        "borderRadius": 999,
                        "height": 26,
                        "left": 23,
                        "position": "absolute",
                        "width": 26,
                      }
                    }
                    testID="profile-notifications-thumb"
                  />
                </View>
              </View>
            </View>
          </View>
        </View>
      </View>
      <View
        className="mt-7"
        style={
          {
            "alignItems": undefined,
            "flexDirection": "column",
            "gap": 8,
            "justifyContent": undefined,
          }
        }
      >
        <View
          className="self-start rounded-full border px-2 py-0.5 bg-surface2 border-line"
          style={
            {
              "justifyContent": "center",
              "minHeight": 24,
            }
          }
        >
          <View
            style={
              {
                "alignItems": "center",
                "flexDirection": "row",
                "flexWrap": undefined,
                "gap": 4,
                "justifyContent": undefined,
              }
            }
          >
            <Text
              className="text-ink3"
              style={
                {
                  "fontFamily": "NotoSansTelugu_700Bold",
                  "fontSize": 12,
                  "fontVariant": undefined,
                  "letterSpacing": 0,
                  "lineHeight": 19.8,
                  "textAlign": "left",
                  "textTransform": undefined,
                  "writingDirection": "ltr",
                }
              }
            >
              ఖాతా
            </Text>
          </View>
        </View>
        <View
          className="justify-center rounded-md min-h-16 border border-line p-4 bg-surface"
          style={
            {
              "boxShadow": "0 6px 20px -12px rgba(33,28,23,0.25)",
            }
          }
        >
          <View
            style={
              {
                "alignItems": undefined,
                "flexDirection": "column",
                "gap": 12,
                "justifyContent": undefined,
              }
            }
          >
            <View
              accessibilityRole="button"
              accessibilityState={
                {
                  "busy": undefined,
                  "checked": undefined,
                  "disabled": false,
                  "expanded": undefined,
                  "selected": undefined,
                }
              }
              accessibilityValue={
                {
                  "max": undefined,
                  "min": undefined,
                  "now": undefined,
                  "text": undefined,
                }
              }
              accessible={true}
              className="items-center justify-center rounded-sm px-4 border border-outline"
              collapsable={false}
              focusable={true}
              onBlur={[Function]}
              onClick={[Function]}
              onFocus={[Function]}
              onResponderGrant={[Function]}
              onResponderMove={[Function]}
              onResponderRelease={[Function]}
              onResponderTerminate={[Function]}
              onResponderTerminationRequest={[Function]}
              onStartShouldSetResponder={[Function]}
              style={
                {
                  "height": 48,
                }
              }
              testID="profile-logout"
            >
              <View
                style={
                  {
                    "alignItems": "center",
                    "flexDirection": "row",
                    "flexWrap": undefined,
                    "gap": 8,
                    "justifyContent": undefined,
                  }
                }
              >
                <Text
                  className="text-ink"
                  style={
                    {
                      "fontFamily": "NotoSansTelugu_600SemiBold",
                      "fontSize": 15,
                      "fontVariant": undefined,
                      "letterSpacing": 0,
                      "lineHeight": 24.8,
                      "textAlign": "center",
                      "textTransform": undefined,
                      "writingDirection": "ltr",
                    }
                  }
                >
                  లాగ్ అవుట్
                </Text>
              </View>
            </View>
            <View
              accessibilityRole="button"
              accessibilityState={
                {
                  "busy": undefined,
                  "checked": undefined,
                  "disabled": false,
                  "expanded": undefined,
                  "selected": undefined,
                }
              }
              accessibilityValue={
                {
                  "max": undefined,
                  "min": undefined,
                  "now": undefined,
                  "text": undefined,
                }
              }
              accessible={true}
              className="items-center justify-center rounded-sm px-4 border border-dangerInk"
              collapsable={false}
              focusable={true}
              onBlur={[Function]}
              onClick={[Function]}
              onFocus={[Function]}
              onResponderGrant={[Function]}
              onResponderMove={[Function]}
              onResponderRelease={[Function]}
              onResponderTerminate={[Function]}
              onResponderTerminationRequest={[Function]}
              onStartShouldSetResponder={[Function]}
              style={
                {
                  "height": 48,
                }
              }
              testID="profile-delete"
            >
              <View
                style={
                  {
                    "alignItems": "center",
                    "flexDirection": "row",
                    "flexWrap": undefined,
                    "gap": 8,
                    "justifyContent": undefined,
                  }
                }
              >
                <Text
                  className="text-dangerInk"
                  style={
                    {
                      "fontFamily": "NotoSansTelugu_600SemiBold",
                      "fontSize": 15,
                      "fontVariant": undefined,
                      "letterSpacing": 0,
                      "lineHeight": 24.8,
                      "textAlign": "center",
                      "textTransform": undefined,
                      "writingDirection": "ltr",
                    }
                  }
                >
                  ఖాతా తొలగించు
                </Text>
              </View>
            </View>
          </View>
        </View>
      </View>
      <Text
        className="text-ink3 mt-7"
        style={
          {
            "fontFamily": "NotoSansTelugu_400Regular",
            "fontSize": 12,
            "fontVariant": undefined,
            "letterSpacing": 0,
            "lineHeight": 19.8,
            "textAlign": "left",
            "textTransform": undefined,
            "writingDirection": "ltr",
          }
        }
        testID="profile-version"
      >
        వెర్షన్ 1.0.0
      </Text>
    </View>
  </RCTScrollView>
  <View
    className="absolute inset-0"
    pointerEvents="box-none"
  />
</View>
`;
