// Jest Snapshot v1, https://goo.gl/fbAQLP

exports[`EligibilityView (te) sets the screen in Telugu while the digits stay Latin 1`] = `
<View
  className="flex-1 bg-canvas"
  style={
    {
      "paddingBottom": 0,
      "paddingLeft": 0,
      "paddingRight": 0,
      "paddingTop": 0,
    }
  }
  testID="eligibility-screen"
>
  <View
    className="flex-1"
  >
    <View
      className="border-b border-line bg-surface"
    >
      <View
        className="px-2 py-1"
        style={
          {
            "alignItems": "center",
            "flexDirection": "row",
            "flexWrap": undefined,
            "gap": 4,
            "justifyContent": undefined,
          }
        }
        testID="eligibility-header"
      >
        <View
          accessibilityLabel="వెనక్కి"
          accessibilityRole="button"
          accessibilityState={
            {
              "busy": undefined,
              "checked": undefined,
              "disabled": undefined,
              "expanded": undefined,
              "selected": undefined,
            }
          }
          accessibilityValue={
            {
              "max": undefined,
              "min": undefined,
              "now": undefined,
              "text": undefined,
            }
          }
          accessible={true}
          className="h-touch w-touch items-center justify-center rounded-sm"
          collapsable={false}
          focusable={true}
          onBlur={[Function]}
          onClick={[Function]}
          onFocus={[Function]}
          onResponderGrant={[Function]}
          onResponderMove={[Function]}
          onResponderRelease={[Function]}
          onResponderTerminate={[Function]}
          onResponderTerminationRequest={[Function]}
          onStartShouldSetResponder={[Function]}
          testID="eligibility-header-back"
        >
          <Text
            accessibilityElementsHidden={true}
            className="text-ink2"
            importantForAccessibility="no"
            style={
              {
                "fontFamily": "Inter_400Regular",
                "fontSize": 20,
                "fontVariant": undefined,
                "letterSpacing": 0,
                "lineHeight": 30,
                "textAlign": "left",
                "textTransform": undefined,
                "writingDirection": "ltr",
              }
            }
          >
            ‹
          </Text>
        </View>
        <Text
          className="text-ink flex-1"
          numberOfLines={1}
          style={
            {
              "fontFamily": "NotoSansTelugu_600SemiBold",
              "fontSize": 16,
              "fontVariant": undefined,
              "letterSpacing": 0,
              "lineHeight": 26.4,
              "textAlign": "left",
              "textTransform": undefined,
              "writingDirection": "ltr",
            }
          }
        >
          PMT / PET చెక్
        </Text>
      </View>
    </View>
    <RCTScrollView
      automaticallyAdjustKeyboardInsets={true}
      className="flex-1"
      contentContainerClassName="px-4 pb-8 pt-4"
      keyboardShouldPersistTaps="handled"
      showsVerticalScrollIndicator={false}
    >
      <View>
        <Text
          className="text-ink3"
          style={
            {
              "fontFamily": "NotoSansTelugu_400Regular",
              "fontSize": 13,
              "fontVariant": undefined,
              "letterSpacing": 0,
              "lineHeight": 21.5,
              "textAlign": "left",
              "textTransform": undefined,
              "writingDirection": "ltr",
            }
          }
        >
          మీ కొలతలు నమోదు చేయండి — మీ పోస్టుకు ఉన్న శారీరక ప్రమాణాలతో పోల్చి చూపిస్తుంది.
        </Text>
        <View
          className="mt-7"
          style={
            {
              "alignItems": undefined,
              "flexDirection": "column",
              "gap": 16,
              "justifyContent": undefined,
            }
          }
        >
          <View
            style={
              {
                "alignItems": undefined,
                "flexDirection": "column",
                "gap": 8,
                "justifyContent": undefined,
              }
            }
          >
            <Text
              className="text-ink2"
              style={
                {
                  "fontFamily": "NotoSansTelugu_600SemiBold",
                  "fontSize": 15,
                  "fontVariant": undefined,
                  "letterSpacing": 0,
                  "lineHeight": 24.8,
                  "textAlign": "left",
                  "textTransform": undefined,
                  "writingDirection": "ltr",
                }
              }
            >
              పోస్ట్
            </Text>
            <View
              accessibilityRole="radiogroup"
              className="min-h-touch overflow-hidden rounded-sm border border-outline self-stretch"
              style={
                {
                  "alignItems": undefined,
                  "flexDirection": "row",
                  "flexWrap": undefined,
                  "gap": undefined,
                  "justifyContent": undefined,
                }
              }
              testID="eligibility-post"
            >
              <View
                accessibilityLabel="కానిస్టేబుల్"
                accessibilityRole="radio"
                accessibilityState={
                  {
                    "busy": undefined,
                    "checked": true,
                    "disabled": undefined,
                    "expanded": undefined,
                    "selected": undefined,
                  }
                }
                accessibilityValue={
                  {
                    "max": undefined,
                    "min": undefined,
                    "now": undefined,
                    "text": undefined,
                  }
                }
                accessible={true}
                className="min-h-touch min-w-touch items-center justify-center px-3 flex-1 bg-surface2 border-b-2 border-b-accentStrong border-line2 border-r"
                collapsable={false}
                focusable={true}
                onBlur={[Function]}
                onClick={[Function]}
                onFocus={[Function]}
                onResponderGrant={[Function]}
                onResponderMove={[Function]}
                onResponderRelease={[Function]}
                onResponderTerminate={[Function]}
                onResponderTerminationRequest={[Function]}
                onStartShouldSetResponder={[Function]}
              >
                <Text
                  className="text-ink"
                  style={
                    {
                      "fontFamily": "NotoSansTelugu_700Bold",
                      "fontSize": 15,
                      "fontVariant": undefined,
                      "letterSpacing": 0,
                      "lineHeight": 24.8,
                      "textAlign": "center",
                      "textTransform": undefined,
                      "writingDirection": "ltr",
                    }
                  }
                >
                  కానిస్టేబుల్
                </Text>
              </View>
              <View
                accessibilityLabel="ఎస్‌ఐ / ఏఎస్‌ఐ"
                accessibilityRole="radio"
                accessibilityState={
                  {
                    "busy": undefined,
                    "checked": false,
                    "disabled": undefined,
                    "expanded": undefined,
                    "selected": undefined,
                  }
                }
                accessibilityValue={
                  {
                    "max": undefined,
                    "min": undefined,
                    "now": undefined,
                    "text": undefined,
                  }
                }
                accessible={true}
                className="min-h-touch min-w-touch items-center justify-center px-3 flex-1"
                collapsable={false}
                focusable={true}
                onBlur={[Function]}
                onClick={[Function]}
                onFocus={[Function]}
                onResponderGrant={[Function]}
                onResponderMove={[Function]}
                onResponderRelease={[Function]}
                onResponderTerminate={[Function]}
                onResponderTerminationRequest={[Function]}
                onStartShouldSetResponder={[Function]}
              >
                <Text
                  className="text-ink3"
                  style={
                    {
                      "fontFamily": "NotoSansTelugu_700Bold",
                      "fontSize": 15,
                      "fontVariant": undefined,
                      "letterSpacing": 0,
                      "lineHeight": 24.8,
                      "textAlign": "center",
                      "textTransform": undefined,
                      "writingDirection": "ltr",
                    }
                  }
                >
                  ఎస్‌ఐ / ఏఎస్‌ఐ
                </Text>
              </View>
            </View>
          </View>
          <View
            style={
              {
                "alignItems": undefined,
                "flexDirection": "column",
                "gap": 8,
                "justifyContent": undefined,
              }
            }
          >
            <Text
              className="text-ink2"
              style={
                {
                  "fontFamily": "NotoSansTelugu_600SemiBold",
                  "fontSize": 15,
                  "fontVariant": undefined,
                  "letterSpacing": 0,
                  "lineHeight": 24.8,
                  "textAlign": "left",
                  "textTransform": undefined,
                  "writingDirection": "ltr",
                }
              }
            >
              లింగం
            </Text>
            <View
              accessibilityRole="radiogroup"
              className="min-h-touch overflow-hidden rounded-sm border border-outline self-stretch"
              style={
                {
                  "alignItems": undefined,
                  "flexDirection": "row",
                  "flexWrap": undefined,
                  "gap": undefined,
                  "justifyContent": undefined,
                }
              }
              testID="eligibility-gender"
            >
              <View
                accessibilityLabel="పురుషులు"
                accessibilityRole="radio"
                accessibilityState={
                  {
                    "busy": undefined,
                    "checked": false,
                    "disabled": undefined,
                    "expanded": undefined,
                    "selected": undefined,
                  }
                }
                accessibilityValue={
                  {
                    "max": undefined,
                    "min": undefined,
                    "now": undefined,
                    "text": undefined,
                  }
                }
                accessible={true}
                className="min-h-touch min-w-touch items-center justify-center px-3 flex-1 border-line2 border-r"
                collapsable={false}
                focusable={true}
                onBlur={[Function]}
                onClick={[Function]}
                onFocus={[Function]}
                onResponderGrant={[Function]}
                onResponderMove={[Function]}
                onResponderRelease={[Function]}
                onResponderTerminate={[Function]}
                onResponderTerminationRequest={[Function]}
                onStartShouldSetResponder={[Function]}
              >
                <Text
                  className="text-ink3"
                  style={
                    {
                      "fontFamily": "NotoSansTelugu_700Bold",
                      "fontSize": 15,
                      "fontVariant": undefined,
                      "letterSpacing": 0,
                      "lineHeight": 24.8,
                      "textAlign": "center",
                      "textTransform": undefined,
                      "writingDirection": "ltr",
                    }
                  }
                >
                  పురుషులు
                </Text>
              </View>
              <View
                accessibilityLabel="మహిళలు"
                accessibilityRole="radio"
                accessibilityState={
                  {
                    "busy": undefined,
                    "checked": true,
                    "disabled": undefined,
                    "expanded": undefined,
                    "selected": undefined,
                  }
                }
                accessibilityValue={
                  {
                    "max": undefined,
                    "min": undefined,
                    "now": undefined,
                    "text": undefined,
                  }
                }
                accessible={true}
                className="min-h-touch min-w-touch items-center justify-center px-3 flex-1 bg-surface2 border-b-2 border-b-accentStrong"
                collapsable={false}
                focusable={true}
                onBlur={[Function]}
                onClick={[Function]}
                onFocus={[Function]}
                onResponderGrant={[Function]}
                onResponderMove={[Function]}
                onResponderRelease={[Function]}
                onResponderTerminate={[Function]}
                onResponderTerminationRequest={[Function]}
                onStartShouldSetResponder={[Function]}
              >
                <Text
                  className="text-ink"
                  style={
                    {
                      "fontFamily": "NotoSansTelugu_700Bold",
                      "fontSize": 15,
                      "fontVariant": undefined,
                      "letterSpacing": 0,
                      "lineHeight": 24.8,
                      "textAlign": "center",
                      "textTransform": undefined,
                      "writingDirection": "ltr",
                    }
                  }
                >
                  మహిళలు
                </Text>
              </View>
            </View>
          </View>
          <View
            style={
              {
                "alignItems": undefined,
                "flexDirection": "column",
                "gap": 8,
                "justifyContent": undefined,
              }
            }
          >
            <Text
              className="text-ink2"
              style={
                {
                  "fontFamily": "NotoSansTelugu_600SemiBold",
                  "fontSize": 15,
                  "fontVariant": undefined,
                  "letterSpacing": 0,
                  "lineHeight": 24.8,
                  "textAlign": "left",
                  "textTransform": undefined,
                  "writingDirection": "ltr",
                }
              }
            >
              కేటగిరీ
            </Text>
            <View
              accessibilityRole="radiogroup"
              className="min-h-touch overflow-hidden rounded-sm border border-outline self-stretch"
              style={
                {
                  "alignItems": undefined,
                  "flexDirection": "row",
                  "flexWrap": undefined,
                  "gap": undefined,
                  "justifyContent": undefined,
                }
              }
              testID="eligibility-group"
            >
              <View
                accessibilityLabel="జనరల్"
                accessibilityRole="radio"
                accessibilityState={
                  {
                    "busy": undefined,
                    "checked": true,
                    "disabled": undefined,
                    "expanded": undefined,
                    "selected": undefined,
                  }
                }
                accessibilityValue={
                  {
                    "max": undefined,
                    "min": undefined,
                    "now": undefined,
                    "text": undefined,
                  }
                }
                accessible={true}
                className="min-h-touch min-w-touch items-center justify-center px-3 flex-1 bg-surface2 border-b-2 border-b-accentStrong border-line2 border-r"
                collapsable={false}
                focusable={true}
                onBlur={[Function]}
                onClick={[Function]}
                onFocus={[Function]}
                onResponderGrant={[Function]}
                onResponderMove={[Function]}
                onResponderRelease={[Function]}
                onResponderTerminate={[Function]}
                onResponderTerminationRequest={[Function]}
                onStartShouldSetResponder={[Function]}
              >
                <Text
                  className="text-ink"
                  style={
                    {
                      "fontFamily": "NotoSansTelugu_700Bold",
                      "fontSize": 15,
                      "fontVariant": undefined,
                      "letterSpacing": 0,
                      "lineHeight": 24.8,
                      "textAlign": "center",
                      "textTransform": undefined,
                      "writingDirection": "ltr",
                    }
                  }
                >
                  జనరల్
                </Text>
              </View>
              <View
                accessibilityLabel="ఎస్టీ / ఏజెన్సీ"
                accessibilityRole="radio"
                accessibilityState={
                  {
                    "busy": undefined,
                    "checked": false,
                    "disabled": undefined,
                    "expanded": undefined,
                    "selected": undefined,
                  }
                }
                accessibilityValue={
                  {
                    "max": undefined,
                    "min": undefined,
                    "now": undefined,
                    "text": undefined,
                  }
                }
                accessible={true}
                className="min-h-touch min-w-touch items-center justify-center px-3 flex-1"
                collapsable={false}
                focusable={true}
                onBlur={[Function]}
                onClick={[Function]}
                onFocus={[Function]}
                onResponderGrant={[Function]}
                onResponderMove={[Function]}
                onResponderRelease={[Function]}
                onResponderTerminate={[Function]}
                onResponderTerminationRequest={[Function]}
                onStartShouldSetResponder={[Function]}
              >
                <Text
                  className="text-ink3"
                  style={
                    {
                      "fontFamily": "NotoSansTelugu_700Bold",
                      "fontSize": 15,
                      "fontVariant": undefined,
                      "letterSpacing": 0,
                      "lineHeight": 24.8,
                      "textAlign": "center",
                      "textTransform": undefined,
                      "writingDirection": "ltr",
                    }
                  }
                >
                  ఎస్టీ / ఏజెన్సీ
                </Text>
              </View>
            </View>
          </View>
        </View>
        <View
          className="mt-7"
          style={
            {
              "alignItems": undefined,
              "flexDirection": "column",
              "gap": 16,
              "justifyContent": undefined,
            }
          }
          testID="eligibility-fields"
        >
          <View
            className="self-start rounded-full border px-2 py-0.5 bg-surface2 border-line"
            style={
              {
                "justifyContent": "center",
                "minHeight": 24,
              }
            }
            testID="eligibility-measurements"
          >
            <View
              style={
                {
                  "alignItems": "center",
                  "flexDirection": "row",
                  "flexWrap": undefined,
                  "gap": 4,
                  "justifyContent": undefined,
                }
              }
            >
              <Text
                className="text-ink3"
                style={
                  {
                    "fontFamily": "NotoSansTelugu_700Bold",
                    "fontSize": 12,
                    "fontVariant": undefined,
                    "letterSpacing": 0,
                    "lineHeight": 19.8,
                    "textAlign": "left",
                    "textTransform": undefined,
                    "writingDirection": "ltr",
                  }
                }
              >
                మీ కొలతలు
              </Text>
            </View>
          </View>
          <View
            style={
              {
                "alignItems": undefined,
                "flexDirection": "column",
                "gap": 4,
                "justifyContent": undefined,
              }
            }
          >
            <View
              style={
                {
                  "alignItems": "baseline",
                  "flexDirection": "row",
                  "flexWrap": undefined,
                  "gap": 8,
                  "justifyContent": undefined,
                }
              }
            >
              <Text
                className="text-ink2"
                style={
                  {
                    "fontFamily": "NotoSansTelugu_600SemiBold",
                    "fontSize": 15,
                    "fontVariant": undefined,
                    "letterSpacing": 0,
                    "lineHeight": 24.8,
                    "textAlign": "left",
                    "textTransform": undefined,
                    "writingDirection": "ltr",
                  }
                }
              >
                ఎత్తు
              </Text>
              <Text
                className="text-ink3"
                style={
                  {
                    "fontFamily": "NotoSansTelugu_400Regular",
                    "fontSize": 12,
                    "fontVariant": undefined,
                    "letterSpacing": 0,
                    "lineHeight": 19.8,
                    "textAlign": "left",
                    "textTransform": undefined,
                    "writingDirection": "ltr",
                  }
                }
              >
                సెం.మీ
              </Text>
            </View>
            <View
              style={
                {
                  "alignItems": undefined,
                  "flexDirection": "row",
                  "flexWrap": undefined,
                  "gap": undefined,
                  "justifyContent": undefined,
                }
              }
            >
              <View
                className="min-h-touchLg flex-1 justify-center rounded-md bg-surface border border-outline px-3"
              >
                <TextInput
                  accessibilityLabel="ఎత్తు (సెం.మీ)"
                  aria-invalid={false}
                  inputMode="decimal"
                  keyboardType="decimal-pad"
                  maxLength={6}
                  onBlur={[Function]}
                  onChangeText={[Function]}
                  onFocus={[Function]}
                  placeholder="152.5"
                  placeholderTextColor="#6f665b"
                  selectionColor="#a17f2a"
                  style={
                    {
                      "color": "#211c17",
                      "fontFamily": "Inter_600SemiBold",
                      "fontSize": 22,
                      "letterSpacing": 0,
                      "lineHeight": 33,
                      "minHeight": 56,
                      "outlineStyle": "none",
                      "padding": 0,
                      "textAlign": "left",
                      "textAlignVertical": "center",
                      "writingDirection": "ltr",
                    }
                  }
                  testID="eligibility-field-height"
                  value="151"
                />
              </View>
            </View>
          </View>
          <View
            style={
              {
                "alignItems": undefined,
                "flexDirection": "column",
                "gap": 4,
                "justifyContent": undefined,
              }
            }
          >
            <Text
              className="text-ink2"
              style={
                {
                  "fontFamily": "NotoSansTelugu_600SemiBold",
                  "fontSize": 15,
                  "fontVariant": undefined,
                  "letterSpacing": 0,
                  "lineHeight": 24.8,
                  "textAlign": "left",
                  "textTransform": undefined,
                  "writingDirection": "ltr",
                }
              }
            >
              ⁦800⁩ మీ. పరుగు
            </Text>
            <View
              style={
                {
                  "alignItems": undefined,
                  "flexDirection": "row",
                  "flexWrap": undefined,
                  "gap": 8,
                  "justifyContent": undefined,
                }
              }
            >
              <View
                className="flex-1"
                style={
                  {
                    "alignItems": undefined,
                    "flexDirection": "column",
                    "gap": 4,
                    "justifyContent": undefined,
                  }
                }
              >
                <View
                  className="min-h-touchLg flex-1 justify-center rounded-md bg-surface border border-outline px-3"
                >
                  <TextInput
                    accessibilityLabel="⁦800⁩ మీ. పరుగు (నిమి)"
                    aria-invalid={false}
                    inputMode="numeric"
                    keyboardType="number-pad"
                    maxLength={3}
                    onBlur={[Function]}
                    onChangeText={[Function]}
                    onFocus={[Function]}
                    placeholder="5"
                    placeholderTextColor="#6f665b"
                    selectionColor="#a17f2a"
                    style={
                      {
                        "color": "#211c17",
                        "fontFamily": "Inter_600SemiBold",
                        "fontSize": 22,
                        "letterSpacing": 0,
                        "lineHeight": 33,
                        "minHeight": 56,
                        "outlineStyle": "none",
                        "padding": 0,
                        "textAlign": "left",
                        "textAlignVertical": "center",
                        "writingDirection": "ltr",
                      }
                    }
                    testID="eligibility-field-run800m-min"
                    value="5"
                  />
                </View>
                <Text
                  className="text-ink3"
                  style={
                    {
                      "fontFamily": "NotoSansTelugu_400Regular",
                      "fontSize": 12,
                      "fontVariant": undefined,
                      "letterSpacing": 0,
                      "lineHeight": 19.8,
                      "textAlign": "left",
                      "textTransform": undefined,
                      "writingDirection": "ltr",
                    }
                  }
                >
                  నిమి
                </Text>
              </View>
              <View
                className="flex-1"
                style={
                  {
                    "alignItems": undefined,
                    "flexDirection": "column",
                    "gap": 4,
                    "justifyContent": undefined,
                  }
                }
              >
                <View
                  className="min-h-touchLg flex-1 justify-center rounded-md bg-surface border border-outline px-3"
                >
                  <TextInput
                    accessibilityLabel="⁦800⁩ మీ. పరుగు (సెక.)"
                    aria-invalid={false}
                    inputMode="numeric"
                    keyboardType="number-pad"
                    maxLength={3}
                    onBlur={[Function]}
                    onChangeText={[Function]}
                    onFocus={[Function]}
                    placeholder="20"
                    placeholderTextColor="#6f665b"
                    selectionColor="#a17f2a"
                    style={
                      {
                        "color": "#211c17",
                        "fontFamily": "Inter_600SemiBold",
                        "fontSize": 22,
                        "letterSpacing": 0,
                        "lineHeight": 33,
                        "minHeight": 56,
                        "outlineStyle": "none",
                        "padding": 0,
                        "textAlign": "left",
                        "textAlignVertical": "center",
                        "writingDirection": "ltr",
                      }
                    }
                    testID="eligibility-field-run800m-sec"
                    value="00"
                  />
                </View>
                <Text
                  className="text-ink3"
                  style={
                    {
                      "fontFamily": "NotoSansTelugu_400Regular",
                      "fontSize": 12,
                      "fontVariant": undefined,
                      "letterSpacing": 0,
                      "lineHeight": 19.8,
                      "textAlign": "left",
                      "textTransform": undefined,
                      "writingDirection": "ltr",
                    }
                  }
                >
                  సెక.
                </Text>
              </View>
            </View>
          </View>
          <View
            style={
              {
                "alignItems": undefined,
                "flexDirection": "column",
                "gap": 4,
                "justifyContent": undefined,
              }
            }
          >
            <View
              style={
                {
                  "alignItems": "baseline",
                  "flexDirection": "row",
                  "flexWrap": undefined,
                  "gap": 8,
                  "justifyContent": undefined,
                }
              }
            >
              <Text
                className="text-ink2"
                style={
                  {
                    "fontFamily": "NotoSansTelugu_600SemiBold",
                    "fontSize": 15,
                    "fontVariant": undefined,
                    "letterSpacing": 0,
                    "lineHeight": 24.8,
                    "textAlign": "left",
                    "textTransform": undefined,
                    "writingDirection": "ltr",
                  }
                }
              >
                లాంగ్ జంప్
              </Text>
              <Text
                className="text-ink3"
                style={
                  {
                    "fontFamily": "NotoSansTelugu_400Regular",
                    "fontSize": 12,
                    "fontVariant": undefined,
                    "letterSpacing": 0,
                    "lineHeight": 19.8,
                    "textAlign": "left",
                    "textTransform": undefined,
                    "writingDirection": "ltr",
                  }
                }
              >
                మీ
              </Text>
            </View>
            <View
              style={
                {
                  "alignItems": undefined,
                  "flexDirection": "row",
                  "flexWrap": undefined,
                  "gap": undefined,
                  "justifyContent": undefined,
                }
              }
            >
              <View
                className="min-h-touchLg flex-1 justify-center rounded-md bg-surface border border-outline px-3"
              >
                <TextInput
                  accessibilityLabel="లాంగ్ జంప్ (మీ)"
                  aria-invalid={false}
                  inputMode="decimal"
                  keyboardType="decimal-pad"
                  maxLength={6}
                  onBlur={[Function]}
                  onChangeText={[Function]}
                  onFocus={[Function]}
                  placeholder="2.5"
                  placeholderTextColor="#6f665b"
                  selectionColor="#a17f2a"
                  style={
                    {
                      "color": "#211c17",
                      "fontFamily": "Inter_600SemiBold",
                      "fontSize": 22,
                      "letterSpacing": 0,
                      "lineHeight": 33,
                      "minHeight": 56,
                      "outlineStyle": "none",
                      "padding": 0,
                      "textAlign": "left",
                      "textAlignVertical": "center",
                      "writingDirection": "ltr",
                    }
                  }
                  testID="eligibility-field-longJump"
                  value="3"
                />
              </View>
            </View>
          </View>
          <View
            style={
              {
                "alignItems": undefined,
                "flexDirection": "column",
                "gap": 4,
                "justifyContent": undefined,
              }
            }
          >
            <View
              style={
                {
                  "alignItems": "baseline",
                  "flexDirection": "row",
                  "flexWrap": undefined,
                  "gap": 8,
                  "justifyContent": undefined,
                }
              }
            >
              <Text
                className="text-ink2"
                style={
                  {
                    "fontFamily": "NotoSansTelugu_600SemiBold",
                    "fontSize": 15,
                    "fontVariant": undefined,
                    "letterSpacing": 0,
                    "lineHeight": 24.8,
                    "textAlign": "left",
                    "textTransform": undefined,
                    "writingDirection": "ltr",
                  }
                }
              >
                షాట్ పుట్
              </Text>
              <Text
                className="text-ink3"
                style={
                  {
                    "fontFamily": "NotoSansTelugu_400Regular",
                    "fontSize": 12,
                    "fontVariant": undefined,
                    "letterSpacing": 0,
                    "lineHeight": 19.8,
                    "textAlign": "left",
                    "textTransform": undefined,
                    "writingDirection": "ltr",
                  }
                }
              >
                మీ
              </Text>
            </View>
            <View
              style={
                {
                  "alignItems": undefined,
                  "flexDirection": "row",
                  "flexWrap": undefined,
                  "gap": undefined,
                  "justifyContent": undefined,
                }
              }
            >
              <View
                className="min-h-touchLg flex-1 justify-center rounded-md bg-surface border border-outline px-3"
              >
                <TextInput
                  accessibilityLabel="షాట్ పుట్ (మీ)"
                  aria-invalid={false}
                  inputMode="decimal"
                  keyboardType="decimal-pad"
                  maxLength={6}
                  onBlur={[Function]}
                  onChangeText={[Function]}
                  onFocus={[Function]}
                  placeholder="4"
                  placeholderTextColor="#6f665b"
                  selectionColor="#a17f2a"
                  style={
                    {
                      "color": "#211c17",
                      "fontFamily": "Inter_600SemiBold",
                      "fontSize": 22,
                      "letterSpacing": 0,
                      "lineHeight": 33,
                      "minHeight": 56,
                      "outlineStyle": "none",
                      "padding": 0,
                      "textAlign": "left",
                      "textAlignVertical": "center",
                      "writingDirection": "ltr",
                    }
                  }
                  testID="eligibility-field-shotPut"
                  value="4.5"
                />
              </View>
            </View>
          </View>
        </View>
        <View
          accessibilityRole="button"
          accessibilityState={
            {
              "busy": undefined,
              "checked": undefined,
              "disabled": false,
              "expanded": undefined,
              "selected": undefined,
            }
          }
          accessibilityValue={
            {
              "max": undefined,
              "min": undefined,
              "now": undefined,
              "text": undefined,
            }
          }
          accessible={true}
          className="items-center justify-center rounded-sm px-4 bg-ink mt-7"
          collapsable={false}
          focusable={true}
          onBlur={[Function]}
          onClick={[Function]}
          onFocus={[Function]}
          onResponderGrant={[Function]}
          onResponderMove={[Function]}
          onResponderRelease={[Function]}
          onResponderTerminate={[Function]}
          onResponderTerminationRequest={[Function]}
          onStartShouldSetResponder={[Function]}
          style={
            {
              "minHeight": 56,
              "paddingVertical": 8,
            }
          }
          testID="eligibility-check"
        >
          <View
            style={
              {
                "alignItems": "center",
                "flexDirection": "row",
                "flexWrap": undefined,
                "gap": 8,
                "justifyContent": undefined,
                "maxWidth": "100%",
              }
            }
          >
            <Text
              className="text-onInk"
              style={
                {
                  "flexShrink": 1,
                  "fontFamily": "NotoSansTelugu_700Bold",
                  "fontSize": 16,
                  "fontVariant": undefined,
                  "letterSpacing": 0,
                  "lineHeight": 26.4,
                  "textAlign": "center",
                  "textTransform": undefined,
                  "writingDirection": "ltr",
                }
              }
            >
              అర్హత చూడండి
            </Text>
          </View>
        </View>
        <View
          entering={BaseAnimationMock {}}
          layout={BaseAnimationMock {}}
          onLayout={[Function]}
          testID="eligibility-result"
        >
          <View
            className="mt-7"
            style={
              {
                "alignItems": undefined,
                "flexDirection": "column",
                "gap": 12,
                "justifyContent": undefined,
              }
            }
          >
            <View
              accessibilityLiveRegion="polite"
              className="rounded-md border p-4 border-dangerInk bg-dangerTint"
              style={
                {
                  "alignItems": undefined,
                  "flexDirection": "column",
                  "gap": 12,
                  "justifyContent": undefined,
                }
              }
              testID="eligibility-verdict"
            >
              <View
                style={
                  {
                    "alignItems": "center",
                    "flexDirection": "row",
                    "flexWrap": undefined,
                    "gap": 8,
                    "justifyContent": undefined,
                  }
                }
              >
                <Text
                  accessibilityElementsHidden={true}
                  className="text-dangerInk"
                  importantForAccessibility="no"
                  style={
                    {
                      "fontFamily": "Inter_400Regular",
                      "fontSize": 20,
                      "fontVariant": undefined,
                      "letterSpacing": 0,
                      "lineHeight": 30,
                      "textAlign": "left",
                      "textTransform": undefined,
                      "writingDirection": "ltr",
                    }
                  }
                >
                  ✕
                </Text>
                <Text
                  className="text-dangerInk flex-1"
                  style={
                    {
                      "fontFamily": "NotoSerifTelugu_700Bold",
                      "fontSize": 24,
                      "fontVariant": undefined,
                      "letterSpacing": 0,
                      "lineHeight": 36,
                      "textAlign": "left",
                      "textTransform": undefined,
                      "writingDirection": "ltr",
                    }
                  }
                >
                  ఇంకా కాదు
                </Text>
              </View>
              <View
                style={
                  {
                    "alignItems": undefined,
                    "flexDirection": "column",
                    "gap": 8,
                    "justifyContent": undefined,
                  }
                }
              >
                <Text
                  className="text-ink2"
                  style={
                    {
                      "fontFamily": "NotoSansTelugu_700Bold",
                      "fontSize": 12,
                      "fontVariant": undefined,
                      "letterSpacing": 0,
                      "lineHeight": 19.8,
                      "textAlign": "left",
                      "textTransform": undefined,
                      "writingDirection": "ltr",
                    }
                  }
                >
                  దేనిపై కృషి చేయాలి
                </Text>
                <View
                  style={
                    {
                      "alignItems": "baseline",
                      "flexDirection": "row",
                      "flexWrap": undefined,
                      "gap": 12,
                      "justifyContent": undefined,
                    }
                  }
                  testID="eligibility-improve-height"
                >
                  <View
                    className="mt-2 h-1.5 w-1.5 rounded-full bg-ink"
                    testID="eligibility-improve-height-dot"
                  />
                  <Text
                    className="text-ink2 flex-1"
                    style={
                      {
                        "fontFamily": "NotoSansTelugu_400Regular",
                        "fontSize": 13,
                        "fontVariant": undefined,
                        "letterSpacing": 0,
                        "lineHeight": 21.5,
                        "textAlign": "left",
                        "textTransform": undefined,
                        "writingDirection": "ltr",
                      }
                    }
                  >
                    ఎత్తు
                  </Text>
                </View>
              </View>
            </View>
            <View
              className="justify-center rounded-md min-h-16 border border-line p-4 bg-surface"
              style={
                {
                  "boxShadow": "0 6px 20px -12px rgba(33,28,23,0.25)",
                }
              }
              testID="eligibility-rows"
            >
              <View
                className="py-3 border-b border-line"
                style={
                  {
                    "alignItems": "center",
                    "flexDirection": "row",
                    "flexWrap": undefined,
                    "gap": 8,
                    "justifyContent": undefined,
                  }
                }
                testID="eligibility-row-height"
              >
                <View
                  className="w-6 items-center"
                  testID="eligibility-mark-height"
                >
                  <Text
                    accessibilityLabel="ప్రమాణం కంటే తక్కువ"
                    className="text-dangerInk"
                    style={
                      {
                        "fontFamily": "Inter_400Regular",
                        "fontSize": 17.5,
                        "fontVariant": undefined,
                        "letterSpacing": 0,
                        "lineHeight": 26.3,
                        "textAlign": "left",
                        "textTransform": undefined,
                        "writingDirection": "ltr",
                      }
                    }
                  >
                    ✕
                  </Text>
                </View>
                <View
                  className="flex-1"
                  style={
                    {
                      "alignItems": "center",
                      "flexDirection": "row",
                      "flexWrap": "wrap",
                      "gap": 8,
                      "justifyContent": undefined,
                    }
                  }
                >
                  <Text
                    className="text-ink"
                    style={
                      {
                        "fontFamily": "NotoSansTelugu_600SemiBold",
                        "fontSize": 15,
                        "fontVariant": undefined,
                        "letterSpacing": 0,
                        "lineHeight": 24.8,
                        "textAlign": "left",
                        "textTransform": undefined,
                        "writingDirection": "ltr",
                      }
                    }
                  >
                    ఎత్తు
                  </Text>
                </View>
                <View
                  className="w-16"
                  style={
                    {
                      "alignItems": "flex-end",
                      "flexDirection": "column",
                      "gap": 4,
                      "justifyContent": undefined,
                    }
                  }
                >
                  <Text
                    className="text-ink3"
                    style={
                      {
                        "fontFamily": "NotoSansTelugu_400Regular",
                        "fontSize": 12,
                        "fontVariant": undefined,
                        "letterSpacing": 0,
                        "lineHeight": 19.8,
                        "textAlign": "left",
                        "textTransform": undefined,
                        "writingDirection": "ltr",
                      }
                    }
                  >
                    అవసరం
                  </Text>
                  <View
                    style={
                      {
                        "alignItems": "baseline",
                        "flexDirection": "row",
                        "flexWrap": undefined,
                        "gap": 4,
                        "justifyContent": undefined,
                      }
                    }
                  >
                    <Text
                      accessibilityLanguage="en"
                      className="text-ink3"
                      style={
                        {
                          "fontFamily": "Inter_600SemiBold",
                          "fontSize": 12,
                          "fontVariant": [
                            "tabular-nums",
                          ],
                          "letterSpacing": 0,
                          "lineHeight": 18,
                          "textAlign": "left",
                          "textTransform": undefined,
                          "writingDirection": "ltr",
                        }
                      }
                    >
                      ⁦152.5⁩
                    </Text>
                    <Text
                      className="text-ink3"
                      style={
                        {
                          "fontFamily": "NotoSansTelugu_400Regular",
                          "fontSize": 12,
                          "fontVariant": undefined,
                          "letterSpacing": 0,
                          "lineHeight": 19.8,
                          "textAlign": "left",
                          "textTransform": undefined,
                          "writingDirection": "ltr",
                        }
                      }
                    >
                      సెం.మీ
                    </Text>
                  </View>
                </View>
                <View
                  className="w-16"
                  style={
                    {
                      "alignItems": "flex-end",
                      "flexDirection": "column",
                      "gap": 4,
                      "justifyContent": undefined,
                    }
                  }
                >
                  <Text
                    className="text-ink3"
                    style={
                      {
                        "fontFamily": "NotoSansTelugu_400Regular",
                        "fontSize": 12,
                        "fontVariant": undefined,
                        "letterSpacing": 0,
                        "lineHeight": 19.8,
                        "textAlign": "left",
                        "textTransform": undefined,
                        "writingDirection": "ltr",
                      }
                    }
                  >
                    మీది
                  </Text>
                  <View
                    style={
                      {
                        "alignItems": "baseline",
                        "flexDirection": "row",
                        "flexWrap": undefined,
                        "gap": 4,
                        "justifyContent": undefined,
                      }
                    }
                    testID="eligibility-yours-height"
                  >
                    <Text
                      accessibilityLanguage="en"
                      className="text-dangerInk"
                      style={
                        {
                          "fontFamily": "Inter_600SemiBold",
                          "fontSize": 12,
                          "fontVariant": [
                            "tabular-nums",
                          ],
                          "letterSpacing": 0,
                          "lineHeight": 18,
                          "textAlign": "left",
                          "textTransform": undefined,
                          "writingDirection": "ltr",
                        }
                      }
                    >
                      ⁦151⁩
                    </Text>
                    <Text
                      className="text-dangerInk"
                      style={
                        {
                          "fontFamily": "NotoSansTelugu_400Regular",
                          "fontSize": 12,
                          "fontVariant": undefined,
                          "letterSpacing": 0,
                          "lineHeight": 19.8,
                          "textAlign": "left",
                          "textTransform": undefined,
                          "writingDirection": "ltr",
                        }
                      }
                    >
                      సెం.మీ
                    </Text>
                  </View>
                </View>
              </View>
              <View
                className="py-3 border-b border-line"
                style={
                  {
                    "alignItems": "center",
                    "flexDirection": "row",
                    "flexWrap": undefined,
                    "gap": 8,
                    "justifyContent": undefined,
                  }
                }
                testID="eligibility-row-run800m"
              >
                <View
                  className="w-6 items-center"
                  testID="eligibility-mark-run800m"
                >
                  <Text
                    accessibilityLabel="ప్రమాణం అందుకుంది"
                    className="text-okInk"
                    style={
                      {
                        "fontFamily": "Inter_400Regular",
                        "fontSize": 17.5,
                        "fontVariant": undefined,
                        "letterSpacing": 0,
                        "lineHeight": 26.3,
                        "textAlign": "left",
                        "textTransform": undefined,
                        "writingDirection": "ltr",
                      }
                    }
                  >
                    ✓
                  </Text>
                </View>
                <View
                  className="flex-1"
                  style={
                    {
                      "alignItems": "center",
                      "flexDirection": "row",
                      "flexWrap": "wrap",
                      "gap": 8,
                      "justifyContent": undefined,
                    }
                  }
                >
                  <Text
                    className="text-ink"
                    style={
                      {
                        "fontFamily": "NotoSansTelugu_600SemiBold",
                        "fontSize": 15,
                        "fontVariant": undefined,
                        "letterSpacing": 0,
                        "lineHeight": 24.8,
                        "textAlign": "left",
                        "textTransform": undefined,
                        "writingDirection": "ltr",
                      }
                    }
                  >
                    ⁦800⁩ మీ. పరుగు
                  </Text>
                </View>
                <View
                  className="w-16"
                  style={
                    {
                      "alignItems": "flex-end",
                      "flexDirection": "column",
                      "gap": 4,
                      "justifyContent": undefined,
                    }
                  }
                >
                  <Text
                    className="text-ink3"
                    style={
                      {
                        "fontFamily": "NotoSansTelugu_400Regular",
                        "fontSize": 12,
                        "fontVariant": undefined,
                        "letterSpacing": 0,
                        "lineHeight": 19.8,
                        "textAlign": "left",
                        "textTransform": undefined,
                        "writingDirection": "ltr",
                      }
                    }
                  >
                    అవసరం
                  </Text>
                  <Text
                    accessibilityLanguage="en"
                    className="text-ink3"
                    style={
                      {
                        "fontFamily": "Inter_600SemiBold",
                        "fontSize": 12,
                        "fontVariant": [
                          "tabular-nums",
                        ],
                        "letterSpacing": 0,
                        "lineHeight": 18,
                        "textAlign": "left",
                        "textTransform": undefined,
                        "writingDirection": "ltr",
                      }
                    }
                  >
                    ⁦5:20⁩
                  </Text>
                </View>
                <View
                  className="w-16"
                  style={
                    {
                      "alignItems": "flex-end",
                      "flexDirection": "column",
                      "gap": 4,
                      "justifyContent": undefined,
                    }
                  }
                >
                  <Text
                    className="text-ink3"
                    style={
                      {
                        "fontFamily": "NotoSansTelugu_400Regular",
                        "fontSize": 12,
                        "fontVariant": undefined,
                        "letterSpacing": 0,
                        "lineHeight": 19.8,
                        "textAlign": "left",
                        "textTransform": undefined,
                        "writingDirection": "ltr",
                      }
                    }
                  >
                    మీది
                  </Text>
                  <Text
                    accessibilityLanguage="en"
                    className="text-okInk"
                    style={
                      {
                        "fontFamily": "Inter_600SemiBold",
                        "fontSize": 12,
                        "fontVariant": [
                          "tabular-nums",
                        ],
                        "letterSpacing": 0,
                        "lineHeight": 18,
                        "textAlign": "left",
                        "textTransform": undefined,
                        "writingDirection": "ltr",
                      }
                    }
                    testID="eligibility-yours-run800m"
                  >
                    ⁦5:00⁩
                  </Text>
                </View>
              </View>
              <View
                className="py-3 border-b border-line"
                style={
                  {
                    "alignItems": "center",
                    "flexDirection": "row",
                    "flexWrap": undefined,
                    "gap": 8,
                    "justifyContent": undefined,
                  }
                }
                testID="eligibility-row-longJump"
              >
                <View
                  className="w-6 items-center"
                  testID="eligibility-mark-longJump"
                >
                  <Text
                    accessibilityLabel="ప్రమాణం అందుకుంది"
                    className="text-okInk"
                    style={
                      {
                        "fontFamily": "Inter_400Regular",
                        "fontSize": 17.5,
                        "fontVariant": undefined,
                        "letterSpacing": 0,
                        "lineHeight": 26.3,
                        "textAlign": "left",
                        "textTransform": undefined,
                        "writingDirection": "ltr",
                      }
                    }
                  >
                    ✓
                  </Text>
                </View>
                <View
                  className="flex-1"
                  style={
                    {
                      "alignItems": "center",
                      "flexDirection": "row",
                      "flexWrap": "wrap",
                      "gap": 8,
                      "justifyContent": undefined,
                    }
                  }
                >
                  <Text
                    className="text-ink"
                    style={
                      {
                        "fontFamily": "NotoSansTelugu_600SemiBold",
                        "fontSize": 15,
                        "fontVariant": undefined,
                        "letterSpacing": 0,
                        "lineHeight": 24.8,
                        "textAlign": "left",
                        "textTransform": undefined,
                        "writingDirection": "ltr",
                      }
                    }
                  >
                    లాంగ్ జంప్
                  </Text>
                </View>
                <View
                  className="w-16"
                  style={
                    {
                      "alignItems": "flex-end",
                      "flexDirection": "column",
                      "gap": 4,
                      "justifyContent": undefined,
                    }
                  }
                >
                  <Text
                    className="text-ink3"
                    style={
                      {
                        "fontFamily": "NotoSansTelugu_400Regular",
                        "fontSize": 12,
                        "fontVariant": undefined,
                        "letterSpacing": 0,
                        "lineHeight": 19.8,
                        "textAlign": "left",
                        "textTransform": undefined,
                        "writingDirection": "ltr",
                      }
                    }
                  >
                    అవసరం
                  </Text>
                  <View
                    style={
                      {
                        "alignItems": "baseline",
                        "flexDirection": "row",
                        "flexWrap": undefined,
                        "gap": 4,
                        "justifyContent": undefined,
                      }
                    }
                  >
                    <Text
                      accessibilityLanguage="en"
                      className="text-ink3"
                      style={
                        {
                          "fontFamily": "Inter_600SemiBold",
                          "fontSize": 12,
                          "fontVariant": [
                            "tabular-nums",
                          ],
                          "letterSpacing": 0,
                          "lineHeight": 18,
                          "textAlign": "left",
                          "textTransform": undefined,
                          "writingDirection": "ltr",
                        }
                      }
                    >
                      ⁦2.5⁩
                    </Text>
                    <Text
                      className="text-ink3"
                      style={
                        {
                          "fontFamily": "NotoSansTelugu_400Regular",
                          "fontSize": 12,
                          "fontVariant": undefined,
                          "letterSpacing": 0,
                          "lineHeight": 19.8,
                          "textAlign": "left",
                          "textTransform": undefined,
                          "writingDirection": "ltr",
                        }
                      }
                    >
                      మీ
                    </Text>
                  </View>
                </View>
                <View
                  className="w-16"
                  style={
                    {
                      "alignItems": "flex-end",
                      "flexDirection": "column",
                      "gap": 4,
                      "justifyContent": undefined,
                    }
                  }
                >
                  <Text
                    className="text-ink3"
                    style={
                      {
                        "fontFamily": "NotoSansTelugu_400Regular",
                        "fontSize": 12,
                        "fontVariant": undefined,
                        "letterSpacing": 0,
                        "lineHeight": 19.8,
                        "textAlign": "left",
                        "textTransform": undefined,
                        "writingDirection": "ltr",
                      }
                    }
                  >
                    మీది
                  </Text>
                  <View
                    style={
                      {
                        "alignItems": "baseline",
                        "flexDirection": "row",
                        "flexWrap": undefined,
                        "gap": 4,
                        "justifyContent": undefined,
                      }
                    }
                    testID="eligibility-yours-longJump"
                  >
                    <Text
                      accessibilityLanguage="en"
                      className="text-okInk"
                      style={
                        {
                          "fontFamily": "Inter_600SemiBold",
                          "fontSize": 12,
                          "fontVariant": [
                            "tabular-nums",
                          ],
                          "letterSpacing": 0,
                          "lineHeight": 18,
                          "textAlign": "left",
                          "textTransform": undefined,
                          "writingDirection": "ltr",
                        }
                      }
                    >
                      ⁦3⁩
                    </Text>
                    <Text
                      className="text-okInk"
                      style={
                        {
                          "fontFamily": "NotoSansTelugu_400Regular",
                          "fontSize": 12,
                          "fontVariant": undefined,
                          "letterSpacing": 0,
                          "lineHeight": 19.8,
                          "textAlign": "left",
                          "textTransform": undefined,
                          "writingDirection": "ltr",
                        }
                      }
                    >
                      మీ
                    </Text>
                  </View>
                </View>
              </View>
              <View
                className="py-3"
                style={
                  {
                    "alignItems": "center",
                    "flexDirection": "row",
                    "flexWrap": undefined,
                    "gap": 8,
                    "justifyContent": undefined,
                  }
                }
                testID="eligibility-row-shotPut"
              >
                <View
                  className="w-6 items-center"
                  testID="eligibility-mark-shotPut"
                >
                  <Text
                    accessibilityLabel="ప్రమాణం అందుకుంది"
                    className="text-okInk"
                    style={
                      {
                        "fontFamily": "Inter_400Regular",
                        "fontSize": 17.5,
                        "fontVariant": undefined,
                        "letterSpacing": 0,
                        "lineHeight": 26.3,
                        "textAlign": "left",
                        "textTransform": undefined,
                        "writingDirection": "ltr",
                      }
                    }
                  >
                    ✓
                  </Text>
                </View>
                <View
                  className="flex-1"
                  style={
                    {
                      "alignItems": "center",
                      "flexDirection": "row",
                      "flexWrap": "wrap",
                      "gap": 8,
                      "justifyContent": undefined,
                    }
                  }
                >
                  <Text
                    className="text-ink"
                    style={
                      {
                        "fontFamily": "NotoSansTelugu_600SemiBold",
                        "fontSize": 15,
                        "fontVariant": undefined,
                        "letterSpacing": 0,
                        "lineHeight": 24.8,
                        "textAlign": "left",
                        "textTransform": undefined,
                        "writingDirection": "ltr",
                      }
                    }
                  >
                    షాట్ పుట్
                  </Text>
                </View>
                <View
                  className="w-16"
                  style={
                    {
                      "alignItems": "flex-end",
                      "flexDirection": "column",
                      "gap": 4,
                      "justifyContent": undefined,
                    }
                  }
                >
                  <Text
                    className="text-ink3"
                    style={
                      {
                        "fontFamily": "NotoSansTelugu_400Regular",
                        "fontSize": 12,
                        "fontVariant": undefined,
                        "letterSpacing": 0,
                        "lineHeight": 19.8,
                        "textAlign": "left",
                        "textTransform": undefined,
                        "writingDirection": "ltr",
                      }
                    }
                  >
                    అవసరం
                  </Text>
                  <View
                    style={
                      {
                        "alignItems": "baseline",
                        "flexDirection": "row",
                        "flexWrap": undefined,
                        "gap": 4,
                        "justifyContent": undefined,
                      }
                    }
                  >
                    <Text
                      accessibilityLanguage="en"
                      className="text-ink3"
                      style={
                        {
                          "fontFamily": "Inter_600SemiBold",
                          "fontSize": 12,
                          "fontVariant": [
                            "tabular-nums",
                          ],
                          "letterSpacing": 0,
                          "lineHeight": 18,
                          "textAlign": "left",
                          "textTransform": undefined,
                          "writingDirection": "ltr",
                        }
                      }
                    >
                      ⁦4⁩
                    </Text>
                    <Text
                      className="text-ink3"
                      style={
                        {
                          "fontFamily": "NotoSansTelugu_400Regular",
                          "fontSize": 12,
                          "fontVariant": undefined,
                          "letterSpacing": 0,
                          "lineHeight": 19.8,
                          "textAlign": "left",
                          "textTransform": undefined,
                          "writingDirection": "ltr",
                        }
                      }
                    >
                      మీ
                    </Text>
                  </View>
                </View>
                <View
                  className="w-16"
                  style={
                    {
                      "alignItems": "flex-end",
                      "flexDirection": "column",
                      "gap": 4,
                      "justifyContent": undefined,
                    }
                  }
                >
                  <Text
                    className="text-ink3"
                    style={
                      {
                        "fontFamily": "NotoSansTelugu_400Regular",
                        "fontSize": 12,
                        "fontVariant": undefined,
                        "letterSpacing": 0,
                        "lineHeight": 19.8,
                        "textAlign": "left",
                        "textTransform": undefined,
                        "writingDirection": "ltr",
                      }
                    }
                  >
                    మీది
                  </Text>
                  <View
                    style={
                      {
                        "alignItems": "baseline",
                        "flexDirection": "row",
                        "flexWrap": undefined,
                        "gap": 4,
                        "justifyContent": undefined,
                      }
                    }
                    testID="eligibility-yours-shotPut"
                  >
                    <Text
                      accessibilityLanguage="en"
                      className="text-okInk"
                      style={
                        {
                          "fontFamily": "Inter_600SemiBold",
                          "fontSize": 12,
                          "fontVariant": [
                            "tabular-nums",
                          ],
                          "letterSpacing": 0,
                          "lineHeight": 18,
                          "textAlign": "left",
                          "textTransform": undefined,
                          "writingDirection": "ltr",
                        }
                      }
                    >
                      ⁦4.5⁩
                    </Text>
                    <Text
                      className="text-okInk"
                      style={
                        {
                          "fontFamily": "NotoSansTelugu_400Regular",
                          "fontSize": 12,
                          "fontVariant": undefined,
                          "letterSpacing": 0,
                          "lineHeight": 19.8,
                          "textAlign": "left",
                          "textTransform": undefined,
                          "writingDirection": "ltr",
                        }
                      }
                    >
                      మీ
                    </Text>
                  </View>
                </View>
              </View>
            </View>
          </View>
        </View>
        <Text
          className="text-ink3 mt-7"
          style={
            {
              "fontFamily": "NotoSansTelugu_400Regular",
              "fontSize": 12,
              "fontVariant": undefined,
              "letterSpacing": 0,
              "lineHeight": 19.8,
              "textAlign": "left",
              "textTransform": undefined,
              "writingDirection": "ltr",
            }
          }
          testID="eligibility-disclaimer"
        >
          ప్రమాణాలు ⁦2022⁩ నోటిఫికేషన్ ప్రకారం; తాజా TSLPRB నోటిఫికేషన్‌తో నిర్ధారించుకోండి.
        </Text>
      </View>
    </RCTScrollView>
  </View>
</View>
`;
