// Jest Snapshot v1, https://goo.gl/fbAQLP

exports[`AttemptView (te) sets the paper in the Telugu face, keeps the clock Latin, and matches the snapshot 1`] = `
<View
  className="flex-1 bg-canvas"
  style={
    {
      "paddingBottom": 0,
      "paddingLeft": 0,
      "paddingRight": 0,
      "paddingTop": 0,
    }
  }
  testID="attempt-screen"
>
  <View
    className="flex-1"
  >
    <View
      accessibilityElementsHidden={true}
      importantForAccessibility="no-hide-descendants"
      style={
        {
          "backgroundColor": "transparent",
          "height": 4,
        }
      }
      testID="header-band"
    />
    <View
      className="border-b border-line bg-surface"
      style={
        {
          "boxShadow": "0 6px 20px -12px rgba(33,28,23,0.25)",
        }
      }
      testID="attempt-header"
    >
      <View
        className="px-2 py-1"
        style={
          {
            "alignItems": "center",
            "flexDirection": "row",
            "flexWrap": undefined,
            "gap": 8,
            "justifyContent": undefined,
          }
        }
        testID="attempt-header-row"
      >
        <View
          accessibilityLabel="టెస్ట్ నుండి బయటకు"
          accessibilityRole="button"
          accessibilityState={
            {
              "busy": undefined,
              "checked": undefined,
              "disabled": undefined,
              "expanded": undefined,
              "selected": undefined,
            }
          }
          accessibilityValue={
            {
              "max": undefined,
              "min": undefined,
              "now": undefined,
              "text": undefined,
            }
          }
          accessible={true}
          className="h-touch w-touch items-center justify-center rounded-sm"
          collapsable={false}
          focusable={true}
          onBlur={[Function]}
          onClick={[Function]}
          onFocus={[Function]}
          onResponderGrant={[Function]}
          onResponderMove={[Function]}
          onResponderRelease={[Function]}
          onResponderTerminate={[Function]}
          onResponderTerminationRequest={[Function]}
          onStartShouldSetResponder={[Function]}
          testID="btn-exit"
        >
          <Text
            accessibilityElementsHidden={true}
            allowFontScaling={false}
            importantForAccessibility="no"
            selectable={false}
            style={
              [
                {
                  "color": "#4a423a",
                  "fontSize": 22,
                },
                undefined,
                {
                  "fontFamily": "ionicons",
                  "fontStyle": "normal",
                  "fontWeight": "normal",
                },
                {},
              ]
            }
          >
            
          </Text>
        </View>
        <View
          accessibilityRole="radiogroup"
          className="min-h-touch overflow-hidden rounded-sm border border-outline self-start"
          style={
            {
              "alignItems": undefined,
              "flexDirection": "row",
              "flexWrap": undefined,
              "gap": undefined,
              "justifyContent": undefined,
            }
          }
          testID="attempt-lang"
        >
          <View
            accessibilityLabel="EN"
            accessibilityRole="radio"
            accessibilityState={
              {
                "busy": undefined,
                "checked": false,
                "disabled": undefined,
                "expanded": undefined,
                "selected": undefined,
              }
            }
            accessibilityValue={
              {
                "max": undefined,
                "min": undefined,
                "now": undefined,
                "text": undefined,
              }
            }
            accessible={true}
            className="min-h-touch min-w-touch items-center justify-center px-3 border-line2 border-r"
            collapsable={false}
            focusable={true}
            onBlur={[Function]}
            onClick={[Function]}
            onFocus={[Function]}
            onResponderGrant={[Function]}
            onResponderMove={[Function]}
            onResponderRelease={[Function]}
            onResponderTerminate={[Function]}
            onResponderTerminationRequest={[Function]}
            onStartShouldSetResponder={[Function]}
          >
            <Text
              className="text-ink3"
              style={
                {
                  "fontFamily": "Inter_700Bold",
                  "fontSize": 15,
                  "fontVariant": undefined,
                  "letterSpacing": 0,
                  "lineHeight": 22.5,
                  "textAlign": "center",
                  "textTransform": undefined,
                  "writingDirection": "ltr",
                }
              }
            >
              EN
            </Text>
          </View>
          <View
            accessibilityLabel="తె"
            accessibilityRole="radio"
            accessibilityState={
              {
                "busy": undefined,
                "checked": true,
                "disabled": undefined,
                "expanded": undefined,
                "selected": undefined,
              }
            }
            accessibilityValue={
              {
                "max": undefined,
                "min": undefined,
                "now": undefined,
                "text": undefined,
              }
            }
            accessible={true}
            className="min-h-touch min-w-touch items-center justify-center px-3 bg-surface2 border-b-2 border-b-accentStrong"
            collapsable={false}
            focusable={true}
            onBlur={[Function]}
            onClick={[Function]}
            onFocus={[Function]}
            onResponderGrant={[Function]}
            onResponderMove={[Function]}
            onResponderRelease={[Function]}
            onResponderTerminate={[Function]}
            onResponderTerminationRequest={[Function]}
            onStartShouldSetResponder={[Function]}
          >
            <Text
              className="text-ink"
              style={
                {
                  "fontFamily": "NotoSansTelugu_700Bold",
                  "fontSize": 15,
                  "fontVariant": undefined,
                  "letterSpacing": 0,
                  "lineHeight": 24.8,
                  "textAlign": "center",
                  "textTransform": undefined,
                  "writingDirection": "ltr",
                }
              }
            >
              తె
            </Text>
          </View>
        </View>
        <View
          className="flex-1"
        />
        <View
          className="px-2 py-1"
          style={
            {
              "alignItems": "flex-end",
              "backgroundColor": "#f0e9d8",
              "borderColor": "#e9e2d3",
              "borderRadius": 6,
              "borderWidth": 1,
              "flexDirection": "column",
              "gap": 4,
              "justifyContent": undefined,
            }
          }
          testID="timer-box"
        >
          <Text
            className="text-ink3"
            style={
              {
                "fontFamily": "NotoSansTelugu_700Bold",
                "fontSize": 12,
                "fontVariant": undefined,
                "letterSpacing": 0,
                "lineHeight": 19.8,
                "textAlign": "left",
                "textTransform": undefined,
                "writingDirection": "ltr",
              }
            }
          >
            మిగిలిన సమయం
          </Text>
          <Text
            accessibilityLanguage="en"
            className="text-ink"
            style={
              {
                "fontFamily": "Inter_700Bold",
                "fontSize": 23,
                "fontVariant": [
                  "tabular-nums",
                ],
                "letterSpacing": 0,
                "lineHeight": 23,
                "textAlign": "left",
                "textTransform": undefined,
                "writingDirection": "ltr",
              }
            }
            testID="timer-value"
          >
            ⁦58:24⁩
          </Text>
        </View>
      </View>
      <RCTScrollView
        contentContainerStyle={
          {
            "flexDirection": "row",
            "gap": 8,
            "paddingBottom": 8,
            "paddingHorizontal": 12,
          }
        }
        horizontal={true}
        showsHorizontalScrollIndicator={false}
        testID="section-tabs"
      >
        <View>
          <View
            accessibilityRole="button"
            accessibilityState={
              {
                "busy": undefined,
                "checked": undefined,
                "disabled": false,
                "expanded": undefined,
                "selected": false,
              }
            }
            accessibilityValue={
              {
                "max": undefined,
                "min": undefined,
                "now": undefined,
                "text": undefined,
              }
            }
            accessible={true}
            className="items-center justify-center border rounded-full min-h-touch py-2 px-4 border-outline"
            collapsable={false}
            focusable={true}
            hitSlop={0}
            onBlur={[Function]}
            onClick={[Function]}
            onFocus={[Function]}
            onResponderGrant={[Function]}
            onResponderMove={[Function]}
            onResponderRelease={[Function]}
            onResponderTerminate={[Function]}
            onResponderTerminationRequest={[Function]}
            onStartShouldSetResponder={[Function]}
            style={{}}
            testID="section-chip-0"
          >
            <Text
              className="text-ink3"
              style={
                {
                  "fontFamily": "NotoSansTelugu_600SemiBold",
                  "fontSize": 13,
                  "fontVariant": undefined,
                  "letterSpacing": 0,
                  "lineHeight": 21.5,
                  "textAlign": "center",
                  "textTransform": undefined,
                  "writingDirection": "ltr",
                }
              }
            >
              అంకగణితం
            </Text>
          </View>
          <View
            accessibilityRole="button"
            accessibilityState={
              {
                "busy": undefined,
                "checked": undefined,
                "disabled": false,
                "expanded": undefined,
                "selected": true,
              }
            }
            accessibilityValue={
              {
                "max": undefined,
                "min": undefined,
                "now": undefined,
                "text": undefined,
              }
            }
            accessible={true}
            className="items-center justify-center border rounded-full min-h-touch py-2 px-4 bg-accentSoft border-accent border-b-2 border-b-accentStrong"
            collapsable={false}
            focusable={true}
            hitSlop={0}
            onBlur={[Function]}
            onClick={[Function]}
            onFocus={[Function]}
            onResponderGrant={[Function]}
            onResponderMove={[Function]}
            onResponderRelease={[Function]}
            onResponderTerminate={[Function]}
            onResponderTerminationRequest={[Function]}
            onStartShouldSetResponder={[Function]}
            style={{}}
            testID="section-chip-1"
          >
            <Text
              className="text-ink"
              style={
                {
                  "fontFamily": "NotoSansTelugu_700Bold",
                  "fontSize": 13,
                  "fontVariant": undefined,
                  "letterSpacing": 0,
                  "lineHeight": 21.5,
                  "textAlign": "center",
                  "textTransform": undefined,
                  "writingDirection": "ltr",
                }
              }
            >
              రీజనింగ్
            </Text>
          </View>
          <View
            accessibilityRole="button"
            accessibilityState={
              {
                "busy": undefined,
                "checked": undefined,
                "disabled": false,
                "expanded": undefined,
                "selected": false,
              }
            }
            accessibilityValue={
              {
                "max": undefined,
                "min": undefined,
                "now": undefined,
                "text": undefined,
              }
            }
            accessible={true}
            className="items-center justify-center border rounded-full min-h-touch py-2 px-4 border-outline"
            collapsable={false}
            focusable={true}
            hitSlop={0}
            onBlur={[Function]}
            onClick={[Function]}
            onFocus={[Function]}
            onResponderGrant={[Function]}
            onResponderMove={[Function]}
            onResponderRelease={[Function]}
            onResponderTerminate={[Function]}
            onResponderTerminationRequest={[Function]}
            onStartShouldSetResponder={[Function]}
            style={{}}
            testID="section-chip-2"
          >
            <Text
              className="text-ink3"
              style={
                {
                  "fontFamily": "NotoSansTelugu_600SemiBold",
                  "fontSize": 13,
                  "fontVariant": undefined,
                  "letterSpacing": 0,
                  "lineHeight": 21.5,
                  "textAlign": "center",
                  "textTransform": undefined,
                  "writingDirection": "ltr",
                }
              }
            >
              జనరల్ స్టడీస్
            </Text>
          </View>
          <View
            accessibilityRole="button"
            accessibilityState={
              {
                "busy": undefined,
                "checked": undefined,
                "disabled": false,
                "expanded": undefined,
                "selected": false,
              }
            }
            accessibilityValue={
              {
                "max": undefined,
                "min": undefined,
                "now": undefined,
                "text": undefined,
              }
            }
            accessible={true}
            className="items-center justify-center border rounded-full min-h-touch py-2 px-4 border-outline"
            collapsable={false}
            focusable={true}
            hitSlop={0}
            onBlur={[Function]}
            onClick={[Function]}
            onFocus={[Function]}
            onResponderGrant={[Function]}
            onResponderMove={[Function]}
            onResponderRelease={[Function]}
            onResponderTerminate={[Function]}
            onResponderTerminationRequest={[Function]}
            onStartShouldSetResponder={[Function]}
            style={{}}
            testID="section-chip-3"
          >
            <View
              style={
                {
                  "alignItems": "center",
                  "flexDirection": "row",
                  "flexWrap": undefined,
                  "gap": 4,
                  "justifyContent": undefined,
                }
              }
            >
              <Text
                accessibilityElementsHidden={true}
                allowFontScaling={false}
                importantForAccessibility="no"
                selectable={false}
                style={
                  [
                    {
                      "color": "#6f665b",
                      "fontSize": 18,
                    },
                    undefined,
                    {
                      "fontFamily": "ionicons",
                      "fontStyle": "normal",
                      "fontWeight": "normal",
                    },
                    {},
                  ]
                }
                testID="section-lock-3"
              >
                
              </Text>
              <Text
                className="text-ink3"
                style={
                  {
                    "fontFamily": "NotoSansTelugu_500Medium",
                    "fontSize": 13,
                    "fontVariant": undefined,
                    "letterSpacing": 0,
                    "lineHeight": 21.5,
                    "textAlign": "center",
                    "textTransform": undefined,
                    "writingDirection": "ltr",
                  }
                }
              >
                తెలంగాణ
              </Text>
            </View>
          </View>
          <View
            style={
              {
                "width": 16,
              }
            }
          />
        </View>
      </RCTScrollView>
      <View
        accessibilityRole="progressbar"
        accessibilityValue={
          {
            "max": 100,
            "min": 0,
            "now": 20,
          }
        }
        className="h-progress overflow-hidden rounded-full bg-surface2"
        testID="attempt-progress"
      >
        <View
          className="absolute bottom-0 top-0 rounded-full bg-accentStrong"
          style={
            {
              "left": 0,
              "width": "20%",
            }
          }
          testID="progress-fill"
        />
        <View
          className="absolute bottom-0 top-0 w-px bg-canvas"
          style={
            {
              "left": "25%",
            }
          }
          testID="progress-tick"
        />
        <View
          className="absolute bottom-0 top-0 w-px bg-canvas"
          style={
            {
              "left": "50%",
            }
          }
          testID="progress-tick"
        />
        <View
          className="absolute bottom-0 top-0 w-px bg-canvas"
          style={
            {
              "left": "75%",
            }
          }
          testID="progress-tick"
        />
      </View>
    </View>
    <View
      accessibilityLiveRegion="polite"
      className="border-b border-line bg-surface2 px-3 py-2"
      style={
        {
          "alignItems": "flex-start",
          "flexDirection": "row",
          "flexWrap": undefined,
          "gap": 8,
          "justifyContent": undefined,
        }
      }
      testID="attempt-offline"
    >
      <Text
        accessibilityElementsHidden={true}
        allowFontScaling={false}
        importantForAccessibility="no"
        selectable={false}
        style={
          [
            {
              "color": "#6f665b",
              "fontSize": 16,
            },
            {
              "marginTop": 1,
            },
            {
              "fontFamily": "ionicons",
              "fontStyle": "normal",
              "fontWeight": "normal",
            },
            {},
          ]
        }
        testID="attempt-offline-icon"
      >
        
      </Text>
      <Text
        className="text-ink2 flex-1"
        style={
          {
            "fontFamily": "NotoSansTelugu_400Regular",
            "fontSize": 12,
            "fontVariant": undefined,
            "letterSpacing": 0,
            "lineHeight": 19.8,
            "textAlign": "left",
            "textTransform": undefined,
            "writingDirection": "ltr",
          }
        }
      >
        ఆఫ్‌లైన్ — ఈ టెస్ట్‌కు ఇంటర్నెట్ అవసరం లేదు. మీ జవాబులు ఫోన్‌లోనే సేవ్ అవుతున్నాయి.
      </Text>
    </View>
    <RCTScrollView
      className="flex-1"
      contentContainerStyle={
        {
          "padding": 16,
          "paddingBottom": 20,
        }
      }
      showsVerticalScrollIndicator={false}
      testID="attempt-body"
    >
      <View>
        <View
          style={
            {
              "alignItems": "center",
              "flexDirection": "row",
              "flexWrap": "wrap",
              "gap": 8,
              "justifyContent": undefined,
            }
          }
        >
          <View
            className="self-start rounded-full border px-2 py-0.5 bg-surface2 border-line"
            style={
              {
                "justifyContent": "center",
                "minHeight": 24,
              }
            }
            testID="q-badge"
          >
            <View
              style={
                {
                  "alignItems": "center",
                  "flexDirection": "row",
                  "flexWrap": undefined,
                  "gap": 4,
                  "justifyContent": undefined,
                }
              }
            >
              <View
                style={
                  {
                    "alignItems": "baseline",
                    "flexDirection": "row",
                    "flexWrap": undefined,
                    "gap": 4,
                    "justifyContent": undefined,
                  }
                }
              >
                <Text
                  className="text-ink3"
                  style={
                    {
                      "fontFamily": "NotoSansTelugu_700Bold",
                      "fontSize": 12,
                      "fontVariant": undefined,
                      "letterSpacing": 0,
                      "lineHeight": 19.8,
                      "textAlign": "left",
                      "textTransform": undefined,
                      "writingDirection": "ltr",
                    }
                  }
                >
                  ప్ర
                </Text>
                <Text
                  accessibilityLanguage="en"
                  className="text-ink3"
                  style={
                    {
                      "fontFamily": "Inter_700Bold",
                      "fontSize": 12,
                      "fontVariant": [
                        "tabular-nums",
                      ],
                      "letterSpacing": 0,
                      "lineHeight": 18,
                      "textAlign": "left",
                      "textTransform": undefined,
                      "writingDirection": "ltr",
                    }
                  }
                >
                  ⁦12⁩
                </Text>
              </View>
            </View>
          </View>
          <View
            className="self-start rounded-full border px-2 py-0.5 bg-surface2 border-line"
            style={
              {
                "justifyContent": "center",
                "minHeight": 24,
              }
            }
            testID="marks-chip"
          >
            <View
              style={
                {
                  "alignItems": "center",
                  "flexDirection": "row",
                  "flexWrap": undefined,
                  "gap": 4,
                  "justifyContent": undefined,
                }
              }
            >
              <Text
                className="text-ink3"
                style={
                  {
                    "fontFamily": "NotoSansTelugu_700Bold",
                    "fontSize": 12,
                    "fontVariant": undefined,
                    "letterSpacing": 0,
                    "lineHeight": 19.8,
                    "textAlign": "left",
                    "textTransform": undefined,
                    "writingDirection": "ltr",
                  }
                }
              >
                నెగటివ్ మార్కులు లేవు
              </Text>
            </View>
          </View>
        </View>
        <Text
          className="text-ink mt-3"
          style={
            {
              "fontFamily": "NotoSansTelugu_400Regular",
              "fontSize": 17.5,
              "fontVariant": undefined,
              "letterSpacing": 0,
              "lineHeight": 28.9,
              "textAlign": "left",
              "textTransform": undefined,
              "writingDirection": "ltr",
            }
          }
          testID="question-text"
        >
          ఒక సంకేత భాషలో POLICE అనే పదాన్ని QPMJDF అని రాస్తే, అదే భాషలో GUARD అనే పదాన్ని ఎలా రాస్తారు?
        </Text>
        <View
          accessibilityRole="radiogroup"
          className="mt-4"
          style={
            {
              "alignItems": undefined,
              "flexDirection": "column",
              "gap": 12,
              "justifyContent": undefined,
            }
          }
        >
          <View
            accessibilityLabel="అ HVBSE"
            accessibilityRole="radio"
            accessibilityState={
              {
                "busy": undefined,
                "checked": false,
                "disabled": undefined,
                "expanded": undefined,
                "selected": undefined,
              }
            }
            accessibilityValue={
              {
                "max": undefined,
                "min": undefined,
                "now": undefined,
                "text": undefined,
              }
            }
            accessible={true}
            className="min-h-key justify-center rounded-md px-4 py-3 border border-outline bg-surface"
            collapsable={false}
            focusable={true}
            onBlur={[Function]}
            onClick={[Function]}
            onFocus={[Function]}
            onResponderGrant={[Function]}
            onResponderMove={[Function]}
            onResponderRelease={[Function]}
            onResponderTerminate={[Function]}
            onResponderTerminationRequest={[Function]}
            onStartShouldSetResponder={[Function]}
            style={
              {
                "minHeight": 58,
              }
            }
            testID="option-0"
          >
            <View
              style={
                {
                  "alignItems": "center",
                  "flexDirection": "row",
                  "flexWrap": undefined,
                  "gap": 12,
                  "justifyContent": undefined,
                }
              }
            >
              <View
                className="items-center justify-center rounded-sm border border-outline"
                style={
                  {
                    "height": 30,
                    "width": 30,
                  }
                }
              >
                <Text
                  className="text-ink3"
                  style={
                    {
                      "fontFamily": "NotoSansTelugu_700Bold",
                      "fontSize": 13,
                      "fontVariant": undefined,
                      "letterSpacing": 0,
                      "lineHeight": 21.5,
                      "textAlign": "center",
                      "textTransform": undefined,
                      "writingDirection": "ltr",
                    }
                  }
                >
                  అ
                </Text>
              </View>
              <Text
                className="text-ink flex-1"
                style={
                  {
                    "fontFamily": "NotoSansTelugu_400Regular",
                    "fontSize": 16,
                    "fontVariant": undefined,
                    "letterSpacing": 0,
                    "lineHeight": 26.4,
                    "textAlign": "left",
                    "textTransform": undefined,
                    "writingDirection": "ltr",
                  }
                }
              >
                HVBSE
              </Text>
            </View>
          </View>
          <View
            accessibilityLabel="ఆ HVBRE"
            accessibilityRole="radio"
            accessibilityState={
              {
                "busy": undefined,
                "checked": false,
                "disabled": undefined,
                "expanded": undefined,
                "selected": undefined,
              }
            }
            accessibilityValue={
              {
                "max": undefined,
                "min": undefined,
                "now": undefined,
                "text": undefined,
              }
            }
            accessible={true}
            className="min-h-key justify-center rounded-md px-4 py-3 border border-outline bg-surface"
            collapsable={false}
            focusable={true}
            onBlur={[Function]}
            onClick={[Function]}
            onFocus={[Function]}
            onResponderGrant={[Function]}
            onResponderMove={[Function]}
            onResponderRelease={[Function]}
            onResponderTerminate={[Function]}
            onResponderTerminationRequest={[Function]}
            onStartShouldSetResponder={[Function]}
            style={
              {
                "minHeight": 58,
              }
            }
            testID="option-1"
          >
            <View
              style={
                {
                  "alignItems": "center",
                  "flexDirection": "row",
                  "flexWrap": undefined,
                  "gap": 12,
                  "justifyContent": undefined,
                }
              }
            >
              <View
                className="items-center justify-center rounded-sm border border-outline"
                style={
                  {
                    "height": 30,
                    "width": 30,
                  }
                }
              >
                <Text
                  className="text-ink3"
                  style={
                    {
                      "fontFamily": "NotoSansTelugu_700Bold",
                      "fontSize": 13,
                      "fontVariant": undefined,
                      "letterSpacing": 0,
                      "lineHeight": 21.5,
                      "textAlign": "center",
                      "textTransform": undefined,
                      "writingDirection": "ltr",
                    }
                  }
                >
                  ఆ
                </Text>
              </View>
              <Text
                className="text-ink flex-1"
                style={
                  {
                    "fontFamily": "NotoSansTelugu_400Regular",
                    "fontSize": 16,
                    "fontVariant": undefined,
                    "letterSpacing": 0,
                    "lineHeight": 26.4,
                    "textAlign": "left",
                    "textTransform": undefined,
                    "writingDirection": "ltr",
                  }
                }
              >
                HVBRE
              </Text>
            </View>
          </View>
          <View
            accessibilityLabel="ఇ HUBSE"
            accessibilityRole="radio"
            accessibilityState={
              {
                "busy": undefined,
                "checked": false,
                "disabled": undefined,
                "expanded": undefined,
                "selected": undefined,
              }
            }
            accessibilityValue={
              {
                "max": undefined,
                "min": undefined,
                "now": undefined,
                "text": undefined,
              }
            }
            accessible={true}
            className="min-h-key justify-center rounded-md px-4 py-3 border border-outline bg-surface"
            collapsable={false}
            focusable={true}
            onBlur={[Function]}
            onClick={[Function]}
            onFocus={[Function]}
            onResponderGrant={[Function]}
            onResponderMove={[Function]}
            onResponderRelease={[Function]}
            onResponderTerminate={[Function]}
            onResponderTerminationRequest={[Function]}
            onStartShouldSetResponder={[Function]}
            style={
              {
                "minHeight": 58,
              }
            }
            testID="option-2"
          >
            <View
              style={
                {
                  "alignItems": "center",
                  "flexDirection": "row",
                  "flexWrap": undefined,
                  "gap": 12,
                  "justifyContent": undefined,
                }
              }
            >
              <View
                className="items-center justify-center rounded-sm border border-outline"
                style={
                  {
                    "height": 30,
                    "width": 30,
                  }
                }
              >
                <Text
                  className="text-ink3"
                  style={
                    {
                      "fontFamily": "NotoSansTelugu_700Bold",
                      "fontSize": 13,
                      "fontVariant": undefined,
                      "letterSpacing": 0,
                      "lineHeight": 21.5,
                      "textAlign": "center",
                      "textTransform": undefined,
                      "writingDirection": "ltr",
                    }
                  }
                >
                  ఇ
                </Text>
              </View>
              <Text
                className="text-ink flex-1"
                style={
                  {
                    "fontFamily": "NotoSansTelugu_400Regular",
                    "fontSize": 16,
                    "fontVariant": undefined,
                    "letterSpacing": 0,
                    "lineHeight": 26.4,
                    "textAlign": "left",
                    "textTransform": undefined,
                    "writingDirection": "ltr",
                  }
                }
              >
                HUBSE
              </Text>
            </View>
          </View>
          <View
            accessibilityLabel="ఈ GVBSE"
            accessibilityRole="radio"
            accessibilityState={
              {
                "busy": undefined,
                "checked": false,
                "disabled": undefined,
                "expanded": undefined,
                "selected": undefined,
              }
            }
            accessibilityValue={
              {
                "max": undefined,
                "min": undefined,
                "now": undefined,
                "text": undefined,
              }
            }
            accessible={true}
            className="min-h-key justify-center rounded-md px-4 py-3 border border-outline bg-surface"
            collapsable={false}
            focusable={true}
            onBlur={[Function]}
            onClick={[Function]}
            onFocus={[Function]}
            onResponderGrant={[Function]}
            onResponderMove={[Function]}
            onResponderRelease={[Function]}
            onResponderTerminate={[Function]}
            onResponderTerminationRequest={[Function]}
            onStartShouldSetResponder={[Function]}
            style={
              {
                "minHeight": 58,
              }
            }
            testID="option-3"
          >
            <View
              style={
                {
                  "alignItems": "center",
                  "flexDirection": "row",
                  "flexWrap": undefined,
                  "gap": 12,
                  "justifyContent": undefined,
                }
              }
            >
              <View
                className="items-center justify-center rounded-sm border border-outline"
                style={
                  {
                    "height": 30,
                    "width": 30,
                  }
                }
              >
                <Text
                  className="text-ink3"
                  style={
                    {
                      "fontFamily": "NotoSansTelugu_700Bold",
                      "fontSize": 13,
                      "fontVariant": undefined,
                      "letterSpacing": 0,
                      "lineHeight": 21.5,
                      "textAlign": "center",
                      "textTransform": undefined,
                      "writingDirection": "ltr",
                    }
                  }
                >
                  ఈ
                </Text>
              </View>
              <Text
                className="text-ink flex-1"
                style={
                  {
                    "fontFamily": "NotoSansTelugu_400Regular",
                    "fontSize": 16,
                    "fontVariant": undefined,
                    "letterSpacing": 0,
                    "lineHeight": 26.4,
                    "textAlign": "left",
                    "textTransform": undefined,
                    "writingDirection": "ltr",
                  }
                }
              >
                GVBSE
              </Text>
            </View>
          </View>
        </View>
        <View
          className="mt-4"
          style={
            {
              "alignItems": "center",
              "flexDirection": "row",
              "flexWrap": undefined,
              "gap": 8,
              "justifyContent": undefined,
            }
          }
          testID="time-on-question"
        >
          <Text
            accessibilityElementsHidden={true}
            allowFontScaling={false}
            importantForAccessibility="no"
            selectable={false}
            style={
              [
                {
                  "color": "#6f665b",
                  "fontSize": 18,
                },
                undefined,
                {
                  "fontFamily": "ionicons",
                  "fontStyle": "normal",
                  "fontWeight": "normal",
                },
                {},
              ]
            }
            testID="time-on-question-icon"
          >
            
          </Text>
          <Text
            className="text-ink3"
            style={
              {
                "fontFamily": "NotoSansTelugu_400Regular",
                "fontSize": 12,
                "fontVariant": undefined,
                "letterSpacing": 0,
                "lineHeight": 19.8,
                "textAlign": "left",
                "textTransform": undefined,
                "writingDirection": "ltr",
              }
            }
          >
            ఈ ప్రశ్నపై సమయం ·
          </Text>
          <View
            accessibilityLabel="41 సె"
            accessible={true}
            style={
              {
                "alignItems": "baseline",
                "flexDirection": "row",
                "flexWrap": undefined,
                "gap": 4,
                "justifyContent": undefined,
              }
            }
          >
            <View
              style={
                {
                  "alignItems": "baseline",
                  "flexDirection": "row",
                  "flexWrap": undefined,
                  "gap": undefined,
                  "justifyContent": undefined,
                }
              }
            >
              <Text
                accessibilityLanguage="en"
                className="text-ink3"
                style={
                  {
                    "fontFamily": "Inter_400Regular",
                    "fontSize": 12,
                    "fontVariant": [
                      "tabular-nums",
                    ],
                    "letterSpacing": 0,
                    "lineHeight": 18,
                    "textAlign": "left",
                    "textTransform": undefined,
                    "writingDirection": "ltr",
                  }
                }
              >
                ⁦41⁩
              </Text>
              <Text
                className="text-ink3"
                style={
                  {
                    "fontFamily": "NotoSansTelugu_400Regular",
                    "fontSize": 12,
                    "fontVariant": undefined,
                    "letterSpacing": 0,
                    "lineHeight": 19.8,
                    "textAlign": "left",
                    "textTransform": undefined,
                    "writingDirection": "ltr",
                  }
                }
              >
                 సె
              </Text>
            </View>
          </View>
        </View>
      </View>
    </RCTScrollView>
    <View
      className="bg-surface px-4 pt-3 border-t border-line"
      style={
        {
          "boxShadow": "0 -8px 32px -16px rgba(33,28,23,0.30)",
          "paddingBottom": 16,
        }
      }
      testID="attempt-footer"
    >
      <View
        style={
          {
            "alignItems": "center",
            "flexDirection": "row",
            "flexWrap": undefined,
            "gap": 8,
            "justifyContent": undefined,
          }
        }
      >
        <View
          accessibilityRole="button"
          accessibilityState={
            {
              "busy": undefined,
              "checked": undefined,
              "disabled": false,
              "expanded": undefined,
              "selected": undefined,
            }
          }
          accessibilityValue={
            {
              "max": undefined,
              "min": undefined,
              "now": undefined,
              "text": undefined,
            }
          }
          accessible={true}
          className="items-center justify-center rounded-sm px-4"
          collapsable={false}
          focusable={true}
          onBlur={[Function]}
          onClick={[Function]}
          onFocus={[Function]}
          onResponderGrant={[Function]}
          onResponderMove={[Function]}
          onResponderRelease={[Function]}
          onResponderTerminate={[Function]}
          onResponderTerminationRequest={[Function]}
          onStartShouldSetResponder={[Function]}
          style={
            {
              "height": 48,
              "width": 92,
            }
          }
          testID="btn-clear"
        >
          <View
            style={
              {
                "alignItems": "center",
                "flexDirection": "row",
                "flexWrap": undefined,
                "gap": 8,
                "justifyContent": undefined,
              }
            }
          >
            <Text
              className="text-ink2"
              style={
                {
                  "fontFamily": "NotoSansTelugu_600SemiBold",
                  "fontSize": 15,
                  "fontVariant": undefined,
                  "letterSpacing": 0,
                  "lineHeight": 24.8,
                  "textAlign": "center",
                  "textTransform": undefined,
                  "writingDirection": "ltr",
                }
              }
            >
              క్లియర్
            </Text>
          </View>
        </View>
        <View
          accessibilityRole="button"
          accessibilityState={
            {
              "busy": undefined,
              "checked": undefined,
              "disabled": false,
              "expanded": undefined,
              "selected": undefined,
            }
          }
          accessibilityValue={
            {
              "max": undefined,
              "min": undefined,
              "now": undefined,
              "text": undefined,
            }
          }
          accessible={true}
          className="items-center justify-center rounded-sm px-4 border border-outline flex-1"
          collapsable={false}
          focusable={true}
          onBlur={[Function]}
          onClick={[Function]}
          onFocus={[Function]}
          onResponderGrant={[Function]}
          onResponderMove={[Function]}
          onResponderRelease={[Function]}
          onResponderTerminate={[Function]}
          onResponderTerminationRequest={[Function]}
          onStartShouldSetResponder={[Function]}
          style={
            {
              "height": 48,
            }
          }
          testID="btn-mark"
        >
          <View
            style={
              {
                "alignItems": "center",
                "flexDirection": "row",
                "flexWrap": undefined,
                "gap": 8,
                "justifyContent": undefined,
              }
            }
          >
            <Text
              className="text-ink"
              style={
                {
                  "fontFamily": "NotoSansTelugu_600SemiBold",
                  "fontSize": 15,
                  "fontVariant": undefined,
                  "letterSpacing": 0,
                  "lineHeight": 24.8,
                  "textAlign": "center",
                  "textTransform": undefined,
                  "writingDirection": "ltr",
                }
              }
            >
              రివ్యూకి గుర్తు పెట్టు
            </Text>
            <Text
              accessibilityElementsHidden={true}
              allowFontScaling={false}
              importantForAccessibility="no"
              selectable={false}
              style={
                [
                  {
                    "color": "#211c17",
                    "fontSize": 18,
                  },
                  undefined,
                  {
                    "fontFamily": "ionicons",
                    "fontStyle": "normal",
                    "fontWeight": "normal",
                  },
                  {},
                ]
              }
              testID="btn-mark-icon"
            >
              
            </Text>
          </View>
        </View>
        <View
          accessibilityRole="button"
          accessibilityState={
            {
              "busy": undefined,
              "checked": undefined,
              "disabled": false,
              "expanded": undefined,
              "selected": undefined,
            }
          }
          accessibilityValue={
            {
              "max": undefined,
              "min": undefined,
              "now": undefined,
              "text": undefined,
            }
          }
          accessible={true}
          className="items-center justify-center rounded-sm px-4 border border-outline"
          collapsable={false}
          focusable={true}
          onBlur={[Function]}
          onClick={[Function]}
          onFocus={[Function]}
          onResponderGrant={[Function]}
          onResponderMove={[Function]}
          onResponderRelease={[Function]}
          onResponderTerminate={[Function]}
          onResponderTerminationRequest={[Function]}
          onStartShouldSetResponder={[Function]}
          style={
            {
              "height": 48,
            }
          }
          testID="btn-submit"
        >
          <View
            style={
              {
                "alignItems": "center",
                "flexDirection": "row",
                "flexWrap": undefined,
                "gap": 8,
                "justifyContent": undefined,
              }
            }
          >
            <Text
              className="text-ink"
              style={
                {
                  "fontFamily": "NotoSansTelugu_600SemiBold",
                  "fontSize": 15,
                  "fontVariant": undefined,
                  "letterSpacing": 0,
                  "lineHeight": 24.8,
                  "textAlign": "center",
                  "textTransform": undefined,
                  "writingDirection": "ltr",
                }
              }
            >
              టెస్ట్ సబ్మిట్ చేయండి
            </Text>
          </View>
        </View>
      </View>
      <View
        className="mt-3"
        style={
          {
            "alignItems": "center",
            "flexDirection": "row",
            "flexWrap": undefined,
            "gap": 12,
            "justifyContent": undefined,
          }
        }
        testID="attempt-footer-row"
      >
        <View
          className="flex-1"
          style={
            {
              "alignItems": "center",
              "flexDirection": "row",
              "flexWrap": undefined,
              "gap": 8,
              "justifyContent": undefined,
            }
          }
        >
          <View
            accessibilityLabel="మునుపటిది"
            accessibilityRole="button"
            accessibilityState={
              {
                "busy": undefined,
                "checked": undefined,
                "disabled": undefined,
                "expanded": undefined,
                "selected": undefined,
              }
            }
            accessibilityValue={
              {
                "max": undefined,
                "min": undefined,
                "now": undefined,
                "text": undefined,
              }
            }
            accessible={true}
            className="h-touchLg w-touchLg items-center justify-center rounded-sm border border-outline"
            collapsable={false}
            focusable={true}
            onBlur={[Function]}
            onClick={[Function]}
            onFocus={[Function]}
            onResponderGrant={[Function]}
            onResponderMove={[Function]}
            onResponderRelease={[Function]}
            onResponderTerminate={[Function]}
            onResponderTerminationRequest={[Function]}
            onStartShouldSetResponder={[Function]}
            testID="btn-prev"
          >
            <Text
              className="text-ink"
              style={
                {
                  "fontFamily": "Inter_400Regular",
                  "fontSize": 20,
                  "fontVariant": undefined,
                  "letterSpacing": 0,
                  "lineHeight": 30,
                  "textAlign": "left",
                  "textTransform": undefined,
                  "writingDirection": "ltr",
                }
              }
              testID="chevron-prev"
            >
              ‹
            </Text>
          </View>
          <View
            accessibilityLabel="ప్రశ్నలు 8/40"
            accessibilityRole="button"
            accessibilityState={
              {
                "busy": undefined,
                "checked": undefined,
                "disabled": undefined,
                "expanded": undefined,
                "selected": undefined,
              }
            }
            accessibilityValue={
              {
                "max": undefined,
                "min": undefined,
                "now": undefined,
                "text": undefined,
              }
            }
            accessible={true}
            className="h-touchLg flex-1 items-center justify-center rounded-sm border border-outline"
            collapsable={false}
            focusable={true}
            onBlur={[Function]}
            onClick={[Function]}
            onFocus={[Function]}
            onResponderGrant={[Function]}
            onResponderMove={[Function]}
            onResponderRelease={[Function]}
            onResponderTerminate={[Function]}
            onResponderTerminationRequest={[Function]}
            onStartShouldSetResponder={[Function]}
            testID="btn-palette"
          >
            <Text
              className="text-ink"
              style={
                {
                  "fontFamily": "NotoSansTelugu_600SemiBold",
                  "fontSize": 15,
                  "fontVariant": undefined,
                  "letterSpacing": 0,
                  "lineHeight": 24.8,
                  "textAlign": "left",
                  "textTransform": undefined,
                  "writingDirection": "ltr",
                }
              }
            >
              ప్రశ్నలు
            </Text>
            <Text
              accessibilityLanguage="en"
              className="text-ink3"
              style={
                {
                  "fontFamily": "Inter_400Regular",
                  "fontSize": 12,
                  "fontVariant": [
                    "tabular-nums",
                  ],
                  "letterSpacing": 0,
                  "lineHeight": 18,
                  "textAlign": "left",
                  "textTransform": undefined,
                  "writingDirection": "ltr",
                }
              }
            >
              ⁦8 / 40⁩
            </Text>
          </View>
        </View>
        <View
          accessibilityRole="button"
          accessibilityState={
            {
              "busy": undefined,
              "checked": undefined,
              "disabled": false,
              "expanded": undefined,
              "selected": undefined,
            }
          }
          accessibilityValue={
            {
              "max": undefined,
              "min": undefined,
              "now": undefined,
              "text": undefined,
            }
          }
          accessible={true}
          className="items-center justify-center rounded-sm px-4 bg-ink"
          collapsable={false}
          focusable={true}
          onBlur={[Function]}
          onClick={[Function]}
          onFocus={[Function]}
          onResponderGrant={[Function]}
          onResponderMove={[Function]}
          onResponderRelease={[Function]}
          onResponderTerminate={[Function]}
          onResponderTerminationRequest={[Function]}
          onStartShouldSetResponder={[Function]}
          style={
            {
              "height": 56,
              "width": 112,
            }
          }
          testID="btn-next"
        >
          <View
            style={
              {
                "alignItems": "center",
                "flexDirection": "row",
                "flexWrap": undefined,
                "gap": 8,
                "justifyContent": undefined,
              }
            }
          >
            <Text
              className="text-onInk"
              style={
                {
                  "fontFamily": "NotoSansTelugu_700Bold",
                  "fontSize": 16,
                  "fontVariant": undefined,
                  "letterSpacing": 0,
                  "lineHeight": 26.4,
                  "textAlign": "center",
                  "textTransform": undefined,
                  "writingDirection": "ltr",
                }
              }
            >
              తర్వాత
            </Text>
            <Text
              className="text-onInk"
              style={
                {
                  "fontFamily": "Inter_400Regular",
                  "fontSize": 20,
                  "fontVariant": undefined,
                  "letterSpacing": 0,
                  "lineHeight": 30,
                  "textAlign": "left",
                  "textTransform": undefined,
                  "writingDirection": "ltr",
                }
              }
              testID="chevron-next"
            >
              ›
            </Text>
          </View>
        </View>
      </View>
    </View>
  </View>
</View>
`;
