// Jest Snapshot v1, https://goo.gl/fbAQLP

exports[`UpdatesView (te) sets the notices in Telugu and turns the caret down on open 1`] = `
<View
  className="flex-1 bg-canvas"
  style={
    {
      "paddingBottom": 0,
      "paddingLeft": 0,
      "paddingRight": 0,
      "paddingTop": 0,
    }
  }
  testID="updates-screen"
>
  <View
    className="flex-1"
  >
    <View
      className="border-b border-line bg-surface"
    >
      <View
        className="px-2 py-1"
        style={
          {
            "alignItems": "center",
            "flexDirection": "row",
            "flexWrap": undefined,
            "gap": 4,
            "justifyContent": undefined,
          }
        }
        testID="updates-header"
      >
        <View
          accessibilityLabel="వెనక్కి"
          accessibilityRole="button"
          accessibilityState={
            {
              "busy": undefined,
              "checked": undefined,
              "disabled": undefined,
              "expanded": undefined,
              "selected": undefined,
            }
          }
          accessibilityValue={
            {
              "max": undefined,
              "min": undefined,
              "now": undefined,
              "text": undefined,
            }
          }
          accessible={true}
          className="h-touch w-touch items-center justify-center rounded-sm"
          collapsable={false}
          focusable={true}
          onBlur={[Function]}
          onClick={[Function]}
          onFocus={[Function]}
          onResponderGrant={[Function]}
          onResponderMove={[Function]}
          onResponderRelease={[Function]}
          onResponderTerminate={[Function]}
          onResponderTerminationRequest={[Function]}
          onStartShouldSetResponder={[Function]}
          testID="updates-header-back"
        >
          <Text
            accessibilityElementsHidden={true}
            className="text-ink2"
            importantForAccessibility="no"
            style={
              {
                "fontFamily": "Inter_400Regular",
                "fontSize": 20,
                "fontVariant": undefined,
                "letterSpacing": 0,
                "lineHeight": 30,
                "textAlign": "left",
                "textTransform": undefined,
                "writingDirection": "ltr",
              }
            }
          >
            ‹
          </Text>
        </View>
        <Text
          className="text-ink flex-1"
          numberOfLines={1}
          style={
            {
              "fontFamily": "NotoSansTelugu_600SemiBold",
              "fontSize": 16,
              "fontVariant": undefined,
              "letterSpacing": 0,
              "lineHeight": 26.4,
              "textAlign": "left",
              "textTransform": undefined,
              "writingDirection": "ltr",
            }
          }
        >
          బోర్డు అప్‌డేట్‌లు
        </Text>
        <View
          className="px-2"
        >
          <View
            className="self-start rounded-full border px-2 py-0.5 bg-surface2 border-line"
            style={
              {
                "justifyContent": "center",
                "minHeight": 24,
              }
            }
            testID="sample-data"
          >
            <View
              style={
                {
                  "alignItems": "center",
                  "flexDirection": "row",
                  "flexWrap": undefined,
                  "gap": 4,
                  "justifyContent": undefined,
                }
              }
            >
              <Text
                className="text-ink3"
                style={
                  {
                    "fontFamily": "NotoSansTelugu_700Bold",
                    "fontSize": 12,
                    "fontVariant": undefined,
                    "letterSpacing": 0,
                    "lineHeight": 19.8,
                    "textAlign": "left",
                    "textTransform": undefined,
                    "writingDirection": "ltr",
                  }
                }
              >
                నమూనా డేటా
              </Text>
            </View>
          </View>
        </View>
      </View>
    </View>
    <RCTScrollView
      className="flex-1"
      contentContainerClassName="px-4 pb-6 pt-4"
      showsVerticalScrollIndicator={false}
      testID="updates-list"
    >
      <View>
        <View
          style={
            {
              "alignItems": undefined,
              "flexDirection": "column",
              "gap": 12,
              "justifyContent": undefined,
            }
          }
        >
          <View
            layout={BaseAnimationMock {}}
          >
            <View
              className="justify-center rounded-md min-h-16 border border-line p-4 bg-surface"
              style={
                {
                  "borderLeftColor": "#a17f2a",
                  "borderLeftWidth": 3,
                  "boxShadow": "0 6px 20px -12px rgba(33,28,23,0.25)",
                  "paddingLeft": 14,
                }
              }
              testID="update-card-nt-2026-hall-ticket"
            >
              <View
                accessibilityRole="button"
                accessibilityState={
                  {
                    "busy": undefined,
                    "checked": undefined,
                    "disabled": undefined,
                    "expanded": true,
                    "selected": undefined,
                  }
                }
                accessibilityValue={
                  {
                    "max": undefined,
                    "min": undefined,
                    "now": undefined,
                    "text": undefined,
                  }
                }
                accessible={true}
                className="min-h-touchLg justify-center"
                collapsable={false}
                focusable={true}
                onBlur={[Function]}
                onClick={[Function]}
                onFocus={[Function]}
                onResponderGrant={[Function]}
                onResponderMove={[Function]}
                onResponderRelease={[Function]}
                onResponderTerminate={[Function]}
                onResponderTerminationRequest={[Function]}
                onStartShouldSetResponder={[Function]}
                testID="update-row-nt-2026-hall-ticket"
              >
                <View
                  style={
                    {
                      "alignItems": "center",
                      "flexDirection": "row",
                      "flexWrap": undefined,
                      "gap": 8,
                      "justifyContent": "space-between",
                    }
                  }
                >
                  <View
                    className="flex-1"
                    style={
                      {
                        "alignItems": "center",
                        "flexDirection": "row",
                        "flexWrap": undefined,
                        "gap": 8,
                        "justifyContent": undefined,
                      }
                    }
                  >
                    <View
                      className="self-start rounded-full border px-2 py-0.5 bg-surface2 border-line"
                      style={
                        {
                          "justifyContent": "center",
                          "minHeight": 24,
                        }
                      }
                      testID="update-kind-nt-2026-hall-ticket"
                    >
                      <View
                        style={
                          {
                            "alignItems": "center",
                            "flexDirection": "row",
                            "flexWrap": undefined,
                            "gap": 4,
                            "justifyContent": undefined,
                          }
                        }
                      >
                        <Text
                          className="text-ink3"
                          style={
                            {
                              "fontFamily": "NotoSansTelugu_700Bold",
                              "fontSize": 12,
                              "fontVariant": undefined,
                              "letterSpacing": 0,
                              "lineHeight": 19.8,
                              "textAlign": "left",
                              "textTransform": undefined,
                              "writingDirection": "ltr",
                            }
                          }
                        >
                          హాల్ టికెట్
                        </Text>
                      </View>
                    </View>
                    <Text
                      accessibilityLanguage="en"
                      className="text-ink3"
                      style={
                        {
                          "fontFamily": "Inter_600SemiBold",
                          "fontSize": 12,
                          "fontVariant": [
                            "tabular-nums",
                          ],
                          "letterSpacing": 0,
                          "lineHeight": 18,
                          "textAlign": "left",
                          "textTransform": undefined,
                          "writingDirection": "ltr",
                        }
                      }
                      testID="update-date-nt-2026-hall-ticket"
                    >
                      ⁦6 Oct 2026⁩
                    </Text>
                  </View>
                  <View
                    style={
                      {
                        "transform": [
                          {
                            "rotate": "90deg",
                          },
                        ],
                        "transitionDuration": 180,
                        "transitionProperty": "transform",
                      }
                    }
                    testID="update-caret-box-nt-2026-hall-ticket"
                  >
                    <Text
                      accessibilityElementsHidden={true}
                      className="text-ink3"
                      importantForAccessibility="no"
                      style={
                        {
                          "fontFamily": "Inter_400Regular",
                          "fontSize": 15,
                          "fontVariant": undefined,
                          "letterSpacing": 0,
                          "lineHeight": 22.5,
                          "textAlign": "left",
                          "textTransform": undefined,
                          "writingDirection": "ltr",
                        }
                      }
                      testID="update-caret-nt-2026-hall-ticket"
                    >
                      ▸
                    </Text>
                  </View>
                </View>
                <Text
                  className="text-ink mt-2"
                  style={
                    {
                      "fontFamily": "NotoSansTelugu_600SemiBold",
                      "fontSize": 15,
                      "fontVariant": undefined,
                      "letterSpacing": 0,
                      "lineHeight": 24.8,
                      "textAlign": "left",
                      "textTransform": undefined,
                      "writingDirection": "ltr",
                    }
                  }
                  testID="update-title-nt-2026-hall-ticket"
                >
                  హాల్ టికెట్లు అక్టోబర్ 10 నుంచి
                </Text>
              </View>
              <View
                entering={BaseAnimationMock {}}
              >
                <View
                  className="mt-3"
                  style={
                    {
                      "alignItems": undefined,
                      "flexDirection": "column",
                      "gap": 8,
                      "justifyContent": undefined,
                    }
                  }
                >
                  <Text
                    className="text-ink2"
                    style={
                      {
                        "fontFamily": "NotoSansTelugu_400Regular",
                        "fontSize": 15,
                        "fontVariant": undefined,
                        "letterSpacing": 0,
                        "lineHeight": 24.8,
                        "textAlign": "left",
                        "textTransform": undefined,
                        "writingDirection": "ltr",
                      }
                    }
                    testID="update-body-nt-2026-hall-ticket"
                  >
                    దరఖాస్తు నంబర్, పుట్టిన తేదీతో హాల్ టికెట్ డౌన్‌లోడ్ చేసుకోండి. ప్రింట్ చేసిన కాపీని, ఒక ఒరిజినల్ ఫోటో గుర్తింపు కార్డును తీసుకెళ్లండి; రెండూ లేని అభ్యర్థిని పరీక్ష హాలులోకి అనుమతించరు.
                  </Text>
                  <View
                    accessibilityLabel="పూర్తి నోటీసు చదవండి"
                    accessibilityRole="link"
                    accessibilityState={
                      {
                        "busy": undefined,
                        "checked": undefined,
                        "disabled": undefined,
                        "expanded": undefined,
                        "selected": undefined,
                      }
                    }
                    accessibilityValue={
                      {
                        "max": undefined,
                        "min": undefined,
                        "now": undefined,
                        "text": undefined,
                      }
                    }
                    accessible={true}
                    className="-mx-1 h-touch justify-center rounded-sm px-1 self-start"
                    collapsable={false}
                    focusable={true}
                    onBlur={[Function]}
                    onClick={[Function]}
                    onFocus={[Function]}
                    onResponderGrant={[Function]}
                    onResponderMove={[Function]}
                    onResponderRelease={[Function]}
                    onResponderTerminate={[Function]}
                    onResponderTerminationRequest={[Function]}
                    onStartShouldSetResponder={[Function]}
                    testID="update-link-nt-2026-hall-ticket"
                  >
                    <View
                      style={
                        {
                          "alignItems": "center",
                          "flexDirection": "row",
                          "flexWrap": undefined,
                          "gap": 4,
                          "justifyContent": undefined,
                        }
                      }
                    >
                      <Text
                        className="text-ink"
                        style={
                          {
                            "fontFamily": "NotoSansTelugu_600SemiBold",
                            "fontSize": 12,
                            "fontVariant": undefined,
                            "letterSpacing": 0,
                            "lineHeight": 19.8,
                            "textAlign": "left",
                            "textTransform": undefined,
                            "writingDirection": "ltr",
                          }
                        }
                      >
                        పూర్తి నోటీసు చదవండి
                      </Text>
                      <Text
                        accessibilityElementsHidden={true}
                        className="text-ink3"
                        importantForAccessibility="no"
                        style={
                          {
                            "fontFamily": "Inter_400Regular",
                            "fontSize": 12,
                            "fontVariant": undefined,
                            "letterSpacing": 0,
                            "lineHeight": 18,
                            "textAlign": "left",
                            "textTransform": undefined,
                            "writingDirection": "ltr",
                          }
                        }
                      >
                        ›
                      </Text>
                    </View>
                  </View>
                </View>
              </View>
            </View>
          </View>
          <View
            layout={BaseAnimationMock {}}
          >
            <View
              className="justify-center rounded-md min-h-16 border border-line p-4 bg-surface"
              style={
                {
                  "boxShadow": "0 6px 20px -12px rgba(33,28,23,0.25)",
                }
              }
              testID="update-card-nt-2026-exam-date"
            >
              <View
                accessibilityRole="button"
                accessibilityState={
                  {
                    "busy": undefined,
                    "checked": undefined,
                    "disabled": undefined,
                    "expanded": false,
                    "selected": undefined,
                  }
                }
                accessibilityValue={
                  {
                    "max": undefined,
                    "min": undefined,
                    "now": undefined,
                    "text": undefined,
                  }
                }
                accessible={true}
                className="min-h-touchLg justify-center"
                collapsable={false}
                focusable={true}
                onBlur={[Function]}
                onClick={[Function]}
                onFocus={[Function]}
                onResponderGrant={[Function]}
                onResponderMove={[Function]}
                onResponderRelease={[Function]}
                onResponderTerminate={[Function]}
                onResponderTerminationRequest={[Function]}
                onStartShouldSetResponder={[Function]}
                testID="update-row-nt-2026-exam-date"
              >
                <View
                  style={
                    {
                      "alignItems": "center",
                      "flexDirection": "row",
                      "flexWrap": undefined,
                      "gap": 8,
                      "justifyContent": "space-between",
                    }
                  }
                >
                  <View
                    className="flex-1"
                    style={
                      {
                        "alignItems": "center",
                        "flexDirection": "row",
                        "flexWrap": undefined,
                        "gap": 8,
                        "justifyContent": undefined,
                      }
                    }
                  >
                    <View
                      className="self-start rounded-full border px-2 py-0.5 bg-surface2 border-line"
                      style={
                        {
                          "justifyContent": "center",
                          "minHeight": 24,
                        }
                      }
                      testID="update-kind-nt-2026-exam-date"
                    >
                      <View
                        style={
                          {
                            "alignItems": "center",
                            "flexDirection": "row",
                            "flexWrap": undefined,
                            "gap": 4,
                            "justifyContent": undefined,
                          }
                        }
                      >
                        <Text
                          className="text-ink3"
                          style={
                            {
                              "fontFamily": "NotoSansTelugu_700Bold",
                              "fontSize": 12,
                              "fontVariant": undefined,
                              "letterSpacing": 0,
                              "lineHeight": 19.8,
                              "textAlign": "left",
                              "textTransform": undefined,
                              "writingDirection": "ltr",
                            }
                          }
                        >
                          పరీక్ష తేదీ
                        </Text>
                      </View>
                    </View>
                    <Text
                      accessibilityLanguage="en"
                      className="text-ink3"
                      style={
                        {
                          "fontFamily": "Inter_600SemiBold",
                          "fontSize": 12,
                          "fontVariant": [
                            "tabular-nums",
                          ],
                          "letterSpacing": 0,
                          "lineHeight": 18,
                          "textAlign": "left",
                          "textTransform": undefined,
                          "writingDirection": "ltr",
                        }
                      }
                      testID="update-date-nt-2026-exam-date"
                    >
                      ⁦9 Sep 2026⁩
                    </Text>
                  </View>
                  <View
                    style={
                      {
                        "transform": [
                          {
                            "rotate": "0deg",
                          },
                        ],
                        "transitionDuration": 180,
                        "transitionProperty": "transform",
                      }
                    }
                    testID="update-caret-box-nt-2026-exam-date"
                  >
                    <Text
                      accessibilityElementsHidden={true}
                      className="text-ink3"
                      importantForAccessibility="no"
                      style={
                        {
                          "fontFamily": "Inter_400Regular",
                          "fontSize": 15,
                          "fontVariant": undefined,
                          "letterSpacing": 0,
                          "lineHeight": 22.5,
                          "textAlign": "left",
                          "textTransform": undefined,
                          "writingDirection": "ltr",
                        }
                      }
                      testID="update-caret-nt-2026-exam-date"
                    >
                      ▸
                    </Text>
                  </View>
                </View>
                <Text
                  className="text-ink mt-2"
                  style={
                    {
                      "fontFamily": "NotoSansTelugu_600SemiBold",
                      "fontSize": 15,
                      "fontVariant": undefined,
                      "letterSpacing": 0,
                      "lineHeight": 24.8,
                      "textAlign": "left",
                      "textTransform": undefined,
                      "writingDirection": "ltr",
                    }
                  }
                  testID="update-title-nt-2026-exam-date"
                >
                  ప్రిలిమినరీ రాత పరీక్ష అక్టోబర్ 18న
                </Text>
              </View>
            </View>
          </View>
        </View>
      </View>
    </RCTScrollView>
  </View>
</View>
`;
