// Jest Snapshot v1, https://goo.gl/fbAQLP

exports[`PostView (ur) mirrors the copy and matches the snapshot 1`] = `
<View
  className="flex-1 bg-tar"
  style={
    {
      "paddingBottom": 0,
      "paddingLeft": 0,
      "paddingRight": 0,
      "paddingTop": 0,
    }
  }
  testID="post-screen"
>
  <View
    accessibilityElementsHidden={true}
    className="h-rail overflow-hidden bg-tar"
    importantForAccessibility="no-hide-descendants"
    style={
      {
        "height": 5,
      }
    }
    testID="hazard-rail"
  >
    <View
      style={
        [
          {
            "flexDirection": "row",
          },
          {
            "transform": [
              {
                "translateX": -56,
              },
            ],
          },
        ]
      }
      testID="hazard-rail-track"
    >
      <View
        className="h-rail bg-hivis"
        style={
          {
            "transform": [
              {
                "skewX": "-25deg",
              },
            ],
            "width": 14,
          }
        }
      />
      <View
        className="h-rail bg-tar"
        style={
          {
            "transform": [
              {
                "skewX": "-25deg",
              },
            ],
            "width": 14,
          }
        }
      />
      <View
        className="h-rail bg-hivis"
        style={
          {
            "transform": [
              {
                "skewX": "-25deg",
              },
            ],
            "width": 14,
          }
        }
      />
      <View
        className="h-rail bg-tar"
        style={
          {
            "transform": [
              {
                "skewX": "-25deg",
              },
            ],
            "width": 14,
          }
        }
      />
      <View
        className="h-rail bg-hivis"
        style={
          {
            "transform": [
              {
                "skewX": "-25deg",
              },
            ],
            "width": 14,
          }
        }
      />
      <View
        className="h-rail bg-tar"
        style={
          {
            "transform": [
              {
                "skewX": "-25deg",
              },
            ],
            "width": 14,
          }
        }
      />
      <View
        className="h-rail bg-hivis"
        style={
          {
            "transform": [
              {
                "skewX": "-25deg",
              },
            ],
            "width": 14,
          }
        }
      />
      <View
        className="h-rail bg-tar"
        style={
          {
            "transform": [
              {
                "skewX": "-25deg",
              },
            ],
            "width": 14,
          }
        }
      />
      <View
        className="h-rail bg-hivis"
        style={
          {
            "transform": [
              {
                "skewX": "-25deg",
              },
            ],
            "width": 14,
          }
        }
      />
      <View
        className="h-rail bg-tar"
        style={
          {
            "transform": [
              {
                "skewX": "-25deg",
              },
            ],
            "width": 14,
          }
        }
      />
      <View
        className="h-rail bg-hivis"
        style={
          {
            "transform": [
              {
                "skewX": "-25deg",
              },
            ],
            "width": 14,
          }
        }
      />
      <View
        className="h-rail bg-tar"
        style={
          {
            "transform": [
              {
                "skewX": "-25deg",
              },
            ],
            "width": 14,
          }
        }
      />
      <View
        className="h-rail bg-hivis"
        style={
          {
            "transform": [
              {
                "skewX": "-25deg",
              },
            ],
            "width": 14,
          }
        }
      />
      <View
        className="h-rail bg-tar"
        style={
          {
            "transform": [
              {
                "skewX": "-25deg",
              },
            ],
            "width": 14,
          }
        }
      />
      <View
        className="h-rail bg-hivis"
        style={
          {
            "transform": [
              {
                "skewX": "-25deg",
              },
            ],
            "width": 14,
          }
        }
      />
      <View
        className="h-rail bg-tar"
        style={
          {
            "transform": [
              {
                "skewX": "-25deg",
              },
            ],
            "width": 14,
          }
        }
      />
      <View
        className="h-rail bg-hivis"
        style={
          {
            "transform": [
              {
                "skewX": "-25deg",
              },
            ],
            "width": 14,
          }
        }
      />
      <View
        className="h-rail bg-tar"
        style={
          {
            "transform": [
              {
                "skewX": "-25deg",
              },
            ],
            "width": 14,
          }
        }
      />
      <View
        className="h-rail bg-hivis"
        style={
          {
            "transform": [
              {
                "skewX": "-25deg",
              },
            ],
            "width": 14,
          }
        }
      />
      <View
        className="h-rail bg-tar"
        style={
          {
            "transform": [
              {
                "skewX": "-25deg",
              },
            ],
            "width": 14,
          }
        }
      />
      <View
        className="h-rail bg-hivis"
        style={
          {
            "transform": [
              {
                "skewX": "-25deg",
              },
            ],
            "width": 14,
          }
        }
      />
      <View
        className="h-rail bg-tar"
        style={
          {
            "transform": [
              {
                "skewX": "-25deg",
              },
            ],
            "width": 14,
          }
        }
      />
      <View
        className="h-rail bg-hivis"
        style={
          {
            "transform": [
              {
                "skewX": "-25deg",
              },
            ],
            "width": 14,
          }
        }
      />
      <View
        className="h-rail bg-tar"
        style={
          {
            "transform": [
              {
                "skewX": "-25deg",
              },
            ],
            "width": 14,
          }
        }
      />
      <View
        className="h-rail bg-hivis"
        style={
          {
            "transform": [
              {
                "skewX": "-25deg",
              },
            ],
            "width": 14,
          }
        }
      />
      <View
        className="h-rail bg-tar"
        style={
          {
            "transform": [
              {
                "skewX": "-25deg",
              },
            ],
            "width": 14,
          }
        }
      />
      <View
        className="h-rail bg-hivis"
        style={
          {
            "transform": [
              {
                "skewX": "-25deg",
              },
            ],
            "width": 14,
          }
        }
      />
      <View
        className="h-rail bg-tar"
        style={
          {
            "transform": [
              {
                "skewX": "-25deg",
              },
            ],
            "width": 14,
          }
        }
      />
      <View
        className="h-rail bg-hivis"
        style={
          {
            "transform": [
              {
                "skewX": "-25deg",
              },
            ],
            "width": 14,
          }
        }
      />
      <View
        className="h-rail bg-tar"
        style={
          {
            "transform": [
              {
                "skewX": "-25deg",
              },
            ],
            "width": 14,
          }
        }
      />
      <View
        className="h-rail bg-hivis"
        style={
          {
            "transform": [
              {
                "skewX": "-25deg",
              },
            ],
            "width": 14,
          }
        }
      />
      <View
        className="h-rail bg-tar"
        style={
          {
            "transform": [
              {
                "skewX": "-25deg",
              },
            ],
            "width": 14,
          }
        }
      />
      <View
        className="h-rail bg-hivis"
        style={
          {
            "transform": [
              {
                "skewX": "-25deg",
              },
            ],
            "width": 14,
          }
        }
      />
      <View
        className="h-rail bg-tar"
        style={
          {
            "transform": [
              {
                "skewX": "-25deg",
              },
            ],
            "width": 14,
          }
        }
      />
      <View
        className="h-rail bg-hivis"
        style={
          {
            "transform": [
              {
                "skewX": "-25deg",
              },
            ],
            "width": 14,
          }
        }
      />
      <View
        className="h-rail bg-tar"
        style={
          {
            "transform": [
              {
                "skewX": "-25deg",
              },
            ],
            "width": 14,
          }
        }
      />
      <View
        className="h-rail bg-hivis"
        style={
          {
            "transform": [
              {
                "skewX": "-25deg",
              },
            ],
            "width": 14,
          }
        }
      />
      <View
        className="h-rail bg-tar"
        style={
          {
            "transform": [
              {
                "skewX": "-25deg",
              },
            ],
            "width": 14,
          }
        }
      />
      <View
        className="h-rail bg-hivis"
        style={
          {
            "transform": [
              {
                "skewX": "-25deg",
              },
            ],
            "width": 14,
          }
        }
      />
      <View
        className="h-rail bg-tar"
        style={
          {
            "transform": [
              {
                "skewX": "-25deg",
              },
            ],
            "width": 14,
          }
        }
      />
      <View
        className="h-rail bg-hivis"
        style={
          {
            "transform": [
              {
                "skewX": "-25deg",
              },
            ],
            "width": 14,
          }
        }
      />
      <View
        className="h-rail bg-tar"
        style={
          {
            "transform": [
              {
                "skewX": "-25deg",
              },
            ],
            "width": 14,
          }
        }
      />
      <View
        className="h-rail bg-hivis"
        style={
          {
            "transform": [
              {
                "skewX": "-25deg",
              },
            ],
            "width": 14,
          }
        }
      />
      <View
        className="h-rail bg-tar"
        style={
          {
            "transform": [
              {
                "skewX": "-25deg",
              },
            ],
            "width": 14,
          }
        }
      />
      <View
        className="h-rail bg-hivis"
        style={
          {
            "transform": [
              {
                "skewX": "-25deg",
              },
            ],
            "width": 14,
          }
        }
      />
      <View
        className="h-rail bg-tar"
        style={
          {
            "transform": [
              {
                "skewX": "-25deg",
              },
            ],
            "width": 14,
          }
        }
      />
      <View
        className="h-rail bg-hivis"
        style={
          {
            "transform": [
              {
                "skewX": "-25deg",
              },
            ],
            "width": 14,
          }
        }
      />
      <View
        className="h-rail bg-tar"
        style={
          {
            "transform": [
              {
                "skewX": "-25deg",
              },
            ],
            "width": 14,
          }
        }
      />
      <View
        className="h-rail bg-hivis"
        style={
          {
            "transform": [
              {
                "skewX": "-25deg",
              },
            ],
            "width": 14,
          }
        }
      />
      <View
        className="h-rail bg-tar"
        style={
          {
            "transform": [
              {
                "skewX": "-25deg",
              },
            ],
            "width": 14,
          }
        }
      />
      <View
        className="h-rail bg-hivis"
        style={
          {
            "transform": [
              {
                "skewX": "-25deg",
              },
            ],
            "width": 14,
          }
        }
      />
      <View
        className="h-rail bg-tar"
        style={
          {
            "transform": [
              {
                "skewX": "-25deg",
              },
            ],
            "width": 14,
          }
        }
      />
      <View
        className="h-rail bg-hivis"
        style={
          {
            "transform": [
              {
                "skewX": "-25deg",
              },
            ],
            "width": 14,
          }
        }
      />
      <View
        className="h-rail bg-tar"
        style={
          {
            "transform": [
              {
                "skewX": "-25deg",
              },
            ],
            "width": 14,
          }
        }
      />
      <View
        className="h-rail bg-hivis"
        style={
          {
            "transform": [
              {
                "skewX": "-25deg",
              },
            ],
            "width": 14,
          }
        }
      />
      <View
        className="h-rail bg-tar"
        style={
          {
            "transform": [
              {
                "skewX": "-25deg",
              },
            ],
            "width": 14,
          }
        }
      />
      <View
        className="h-rail bg-hivis"
        style={
          {
            "transform": [
              {
                "skewX": "-25deg",
              },
            ],
            "width": 14,
          }
        }
      />
      <View
        className="h-rail bg-tar"
        style={
          {
            "transform": [
              {
                "skewX": "-25deg",
              },
            ],
            "width": 14,
          }
        }
      />
      <View
        className="h-rail bg-hivis"
        style={
          {
            "transform": [
              {
                "skewX": "-25deg",
              },
            ],
            "width": 14,
          }
        }
      />
      <View
        className="h-rail bg-tar"
        style={
          {
            "transform": [
              {
                "skewX": "-25deg",
              },
            ],
            "width": 14,
          }
        }
      />
      <View
        className="h-rail bg-hivis"
        style={
          {
            "transform": [
              {
                "skewX": "-25deg",
              },
            ],
            "width": 14,
          }
        }
      />
      <View
        className="h-rail bg-tar"
        style={
          {
            "transform": [
              {
                "skewX": "-25deg",
              },
            ],
            "width": 14,
          }
        }
      />
    </View>
  </View>
  <View
    className="flex-1"
  >
    <RCTScrollView
      className="flex-1"
      contentContainerClassName="px-4 pb-3 pt-6"
      showsVerticalScrollIndicator={false}
    >
      <View>
        <Text
          accessibilityLanguage="en"
          className="text-hazard"
          style={
            {
              "fontFamily": "Archivo_700Bold",
              "fontSize": 10.5,
              "fontVariant": [
                "tabular-nums",
              ],
              "letterSpacing": 0,
              "lineHeight": 15.2,
              "textAlign": "right",
              "textTransform": undefined,
              "writingDirection": "ltr",
            }
          }
          testID="post-step"
        >
          ⁦1 / 2⁩
        </Text>
        <Text
          className="text-chalk mt-3"
          style={
            {
              "fontFamily": "NotoNastaliqUrdu_700Bold",
              "fontSize": 24,
              "fontVariant": undefined,
              "letterSpacing": 0,
              "lineHeight": 49.2,
              "textAlign": "right",
              "textTransform": undefined,
              "writingDirection": "rtl",
            }
          }
        >
          آپ کس پوسٹ کی تیاری کر رہے ہیں؟
        </Text>
        <Text
          className="text-dim mt-2"
          style={
            {
              "fontFamily": "NotoNastaliqUrdu_400Regular",
              "fontSize": 13.5,
              "fontVariant": undefined,
              "letterSpacing": 0,
              "lineHeight": 27.7,
              "textAlign": "right",
              "textTransform": undefined,
              "writingDirection": "rtl",
            }
          }
        >
          اس سے آپ کے ٹیسٹ، جسمانی معیار اور امتحانی طرز بدلتا ہے۔ بعد میں تبدیل کر سکتے ہیں۔
        </Text>
        <View
          className="mt-6"
          style={
            {
              "alignItems": undefined,
              "flexDirection": "column",
              "gap": 12,
              "justifyContent": undefined,
            }
          }
          testID="post-cards"
        >
          <View
            accessibilityRole="button"
            accessibilityState={
              {
                "busy": undefined,
                "checked": undefined,
                "disabled": false,
                "expanded": undefined,
                "selected": true,
              }
            }
            accessibilityValue={
              {
                "max": undefined,
                "min": undefined,
                "now": undefined,
                "text": undefined,
              }
            }
            accessible={true}
            className="justify-center rounded-md min-h-16 border-2 border-hivis bg-hivisTint p-[15px]"
            collapsable={false}
            focusable={true}
            onBlur={[Function]}
            onClick={[Function]}
            onFocus={[Function]}
            onResponderGrant={[Function]}
            onResponderMove={[Function]}
            onResponderRelease={[Function]}
            onResponderTerminate={[Function]}
            onResponderTerminationRequest={[Function]}
            onStartShouldSetResponder={[Function]}
            style={{}}
            testID="post-card-pc"
          >
            <Text
              className="text-hivis"
              style={
                {
                  "fontFamily": "NotoNastaliqUrdu_700Bold",
                  "fontSize": 20,
                  "fontVariant": undefined,
                  "letterSpacing": 0,
                  "lineHeight": 41,
                  "textAlign": "right",
                  "textTransform": undefined,
                  "writingDirection": "rtl",
                }
              }
            >
              کانسٹیبل
            </Text>
            <Text
              className="text-dim mt-1"
              style={
                {
                  "fontFamily": "NotoNastaliqUrdu_400Regular",
                  "fontSize": 13.5,
                  "fontVariant": undefined,
                  "letterSpacing": 0,
                  "lineHeight": 27.7,
                  "textAlign": "right",
                  "textTransform": undefined,
                  "writingDirection": "rtl",
                }
              }
            >
              پی سی اور مساوی پوسٹیں
            </Text>
          </View>
          <View
            accessibilityRole="button"
            accessibilityState={
              {
                "busy": undefined,
                "checked": undefined,
                "disabled": false,
                "expanded": undefined,
                "selected": false,
              }
            }
            accessibilityValue={
              {
                "max": undefined,
                "min": undefined,
                "now": undefined,
                "text": undefined,
              }
            }
            accessible={true}
            className="justify-center rounded-md min-h-16 border border-line bg-panel2 p-4"
            collapsable={false}
            focusable={true}
            onBlur={[Function]}
            onClick={[Function]}
            onFocus={[Function]}
            onResponderGrant={[Function]}
            onResponderMove={[Function]}
            onResponderRelease={[Function]}
            onResponderTerminate={[Function]}
            onResponderTerminationRequest={[Function]}
            onStartShouldSetResponder={[Function]}
            style={{}}
            testID="post-card-si"
          >
            <Text
              className="text-chalk"
              style={
                {
                  "fontFamily": "NotoNastaliqUrdu_700Bold",
                  "fontSize": 20,
                  "fontVariant": undefined,
                  "letterSpacing": 0,
                  "lineHeight": 41,
                  "textAlign": "right",
                  "textTransform": undefined,
                  "writingDirection": "rtl",
                }
              }
            >
              ایس آئی / اے ایس آئی
            </Text>
            <Text
              className="text-dim mt-1"
              style={
                {
                  "fontFamily": "NotoNastaliqUrdu_400Regular",
                  "fontSize": 13.5,
                  "fontVariant": undefined,
                  "letterSpacing": 0,
                  "lineHeight": 27.7,
                  "textAlign": "right",
                  "textTransform": undefined,
                  "writingDirection": "rtl",
                }
              }
            >
              ایس آئی، اے ایس آئی اور مساوی پوسٹیں
            </Text>
          </View>
        </View>
      </View>
    </RCTScrollView>
    <View
      className="px-3 pb-4"
    >
      <View
        accessibilityRole="button"
        accessibilityState={
          {
            "busy": undefined,
            "checked": undefined,
            "disabled": false,
            "expanded": undefined,
            "selected": undefined,
          }
        }
        accessibilityValue={
          {
            "max": undefined,
            "min": undefined,
            "now": undefined,
            "text": undefined,
          }
        }
        accessible={true}
        className="items-center justify-center rounded-sm px-4 bg-hivis"
        collapsable={false}
        focusable={true}
        onBlur={[Function]}
        onClick={[Function]}
        onFocus={[Function]}
        onResponderGrant={[Function]}
        onResponderMove={[Function]}
        onResponderRelease={[Function]}
        onResponderTerminate={[Function]}
        onResponderTerminationRequest={[Function]}
        onStartShouldSetResponder={[Function]}
        style={
          {
            "height": 56,
          }
        }
        testID="post-continue"
      >
        <View
          style={
            {
              "alignItems": "center",
              "flexDirection": "row-reverse",
              "flexWrap": undefined,
              "gap": 8,
              "justifyContent": undefined,
            }
          }
        >
          <Text
            className="text-tar"
            style={
              {
                "fontFamily": "NotoNastaliqUrdu_700Bold",
                "fontSize": 15.5,
                "fontVariant": undefined,
                "letterSpacing": 0,
                "lineHeight": 31.8,
                "textAlign": "center",
                "textTransform": undefined,
                "writingDirection": "rtl",
              }
            }
          >
            جاری رکھیں
          </Text>
        </View>
      </View>
    </View>
  </View>
</View>
`;
