// Jest Snapshot v1, https://goo.gl/fbAQLP

exports[`OtpView (te) renders the Telugu copy and keeps the cells physical 1`] = `
<View
  className="flex-1 bg-canvas"
  style={
    {
      "paddingBottom": 0,
      "paddingLeft": 0,
      "paddingRight": 0,
      "paddingTop": 0,
    }
  }
  testID="otp-screen"
>
  <View
    className="flex-1"
  >
    <RCTScrollView
      className="flex-1"
      contentContainerClassName="px-4 pb-2 pt-5"
      keyboardShouldPersistTaps="handled"
      showsVerticalScrollIndicator={false}
    >
      <View>
        <View
          accessibilityRole="button"
          accessibilityState={
            {
              "busy": undefined,
              "checked": undefined,
              "disabled": undefined,
              "expanded": undefined,
              "selected": undefined,
            }
          }
          accessibilityValue={
            {
              "max": undefined,
              "min": undefined,
              "now": undefined,
              "text": undefined,
            }
          }
          accessible={true}
          className="h-touch justify-center"
          collapsable={false}
          focusable={true}
          onBlur={[Function]}
          onClick={[Function]}
          onFocus={[Function]}
          onResponderGrant={[Function]}
          onResponderMove={[Function]}
          onResponderRelease={[Function]}
          onResponderTerminate={[Function]}
          onResponderTerminationRequest={[Function]}
          onStartShouldSetResponder={[Function]}
          testID="otp-change-number"
        >
          <View
            style={
              {
                "alignItems": "center",
                "flexDirection": "row",
                "flexWrap": undefined,
                "gap": 8,
                "justifyContent": undefined,
              }
            }
            testID="otp-change-number-row"
          >
            <Text
              accessibilityElementsHidden={true}
              className="text-ink3"
              importantForAccessibility="no"
              style={
                {
                  "fontFamily": "Inter_400Regular",
                  "fontSize": 20,
                  "fontVariant": undefined,
                  "letterSpacing": 0,
                  "lineHeight": 30,
                  "textAlign": "left",
                  "textTransform": undefined,
                  "writingDirection": "ltr",
                }
              }
              testID="otp-change-number-chevron"
            >
              ‹
            </Text>
            <Text
              className="text-ink2"
              style={
                {
                  "fontFamily": "NotoSansTelugu_600SemiBold",
                  "fontSize": 15,
                  "fontVariant": undefined,
                  "letterSpacing": 0,
                  "lineHeight": 24.8,
                  "textAlign": "left",
                  "textTransform": undefined,
                  "writingDirection": "ltr",
                }
              }
            >
              నంబర్ మార్చు
            </Text>
          </View>
        </View>
        <View
          className="mt-2"
          style={
            {
              "alignItems": undefined,
              "flexDirection": "column",
              "gap": 12,
              "justifyContent": undefined,
            }
          }
          testID="otp-header"
        >
          <View
            style={
              {
                "alignItems": undefined,
                "flexDirection": "column",
                "gap": 8,
                "justifyContent": undefined,
              }
            }
          >
            <Text
              className="text-ink"
              style={
                {
                  "fontFamily": "NotoSerifTelugu_700Bold",
                  "fontSize": 26,
                  "fontVariant": undefined,
                  "letterSpacing": 0,
                  "lineHeight": 39,
                  "textAlign": "left",
                  "textTransform": undefined,
                  "writingDirection": "ltr",
                }
              }
            >
              కోడ్ ఎంటర్ చేయండి
            </Text>
          </View>
        </View>
        <Text
          className="text-ink3 mt-2"
          style={
            {
              "fontFamily": "NotoSansTelugu_400Regular",
              "fontSize": 15,
              "fontVariant": undefined,
              "letterSpacing": 0,
              "lineHeight": 24.8,
              "textAlign": "left",
              "textTransform": undefined,
              "writingDirection": "ltr",
            }
          }
          testID="otp-phone"
        >
          <Text
            accessibilityLanguage="en"
            className="text-ink"
            style={
              {
                "fontFamily": "Inter_600SemiBold",
                "fontSize": 15,
                "fontVariant": [
                  "tabular-nums",
                ],
                "letterSpacing": 0,
                "lineHeight": 22.5,
                "textAlign": "left",
                "textTransform": undefined,
                "writingDirection": "ltr",
              }
            }
          >
            ⁦
            +91 90000 12345
            ⁩
          </Text>
           కు పంపిన 6 అంకెల కోడ్
        </Text>
        <View
          className="mt-6"
        >
          <View
            style={
              {
                "transform": [
                  {
                    "translateX": 0,
                  },
                ],
              }
            }
          >
            <View
              accessibilityHint="ఆటోఫిల్ ఉపయోగించడానికి నొక్కి పట్టుకోండి"
              accessibilityLabel="కోడ్ ఎంటర్ చేయండి"
              accessibilityRole="button"
              accessibilityState={
                {
                  "busy": undefined,
                  "checked": undefined,
                  "disabled": undefined,
                  "expanded": undefined,
                  "selected": undefined,
                }
              }
              accessibilityValue={
                {
                  "max": undefined,
                  "min": undefined,
                  "now": undefined,
                  "text": "123",
                }
              }
              accessible={true}
              collapsable={false}
              focusable={true}
              onBlur={[Function]}
              onClick={[Function]}
              onFocus={[Function]}
              onResponderGrant={[Function]}
              onResponderMove={[Function]}
              onResponderRelease={[Function]}
              onResponderTerminate={[Function]}
              onResponderTerminationRequest={[Function]}
              onStartShouldSetResponder={[Function]}
            >
              <View
                accessibilityValue={
                  {
                    "text": "123",
                  }
                }
                accessible={true}
                style={
                  {
                    "alignItems": undefined,
                    "flexDirection": "row",
                    "flexWrap": undefined,
                    "gap": 8,
                    "justifyContent": undefined,
                  }
                }
                testID="otp-cells"
              >
                <View
                  className="h-touch flex-1 items-center justify-center rounded-sm border bg-surface border-outline"
                  testID="otp-cells-0"
                >
                  <Text
                    accessibilityLanguage="en"
                    className="text-ink"
                    style={
                      {
                        "fontFamily": "Inter_700Bold",
                        "fontSize": 20,
                        "fontVariant": [
                          "tabular-nums",
                        ],
                        "letterSpacing": 0,
                        "lineHeight": 30,
                        "textAlign": "center",
                        "textTransform": undefined,
                        "writingDirection": "ltr",
                      }
                    }
                  >
                    ⁦1⁩
                  </Text>
                </View>
                <View
                  className="h-touch flex-1 items-center justify-center rounded-sm border bg-surface border-outline"
                  testID="otp-cells-1"
                >
                  <Text
                    accessibilityLanguage="en"
                    className="text-ink"
                    style={
                      {
                        "fontFamily": "Inter_700Bold",
                        "fontSize": 20,
                        "fontVariant": [
                          "tabular-nums",
                        ],
                        "letterSpacing": 0,
                        "lineHeight": 30,
                        "textAlign": "center",
                        "textTransform": undefined,
                        "writingDirection": "ltr",
                      }
                    }
                  >
                    ⁦2⁩
                  </Text>
                </View>
                <View
                  className="h-touch flex-1 items-center justify-center rounded-sm border bg-surface border-outline"
                  testID="otp-cells-2"
                >
                  <Text
                    accessibilityLanguage="en"
                    className="text-ink"
                    style={
                      {
                        "fontFamily": "Inter_700Bold",
                        "fontSize": 20,
                        "fontVariant": [
                          "tabular-nums",
                        ],
                        "letterSpacing": 0,
                        "lineHeight": 30,
                        "textAlign": "center",
                        "textTransform": undefined,
                        "writingDirection": "ltr",
                      }
                    }
                  >
                    ⁦3⁩
                  </Text>
                </View>
                <View
                  className="h-touch flex-1 items-center justify-center rounded-sm border bg-surface border-accentStrong"
                  testID="otp-cells-3"
                >
                  <Text
                    accessibilityLanguage="en"
                    className="text-ink"
                    style={
                      {
                        "fontFamily": "Inter_700Bold",
                        "fontSize": 20,
                        "fontVariant": [
                          "tabular-nums",
                        ],
                        "letterSpacing": 0,
                        "lineHeight": 30,
                        "textAlign": "center",
                        "textTransform": undefined,
                        "writingDirection": "ltr",
                      }
                    }
                  >
                    ⁦⁩
                  </Text>
                </View>
                <View
                  className="h-touch flex-1 items-center justify-center rounded-sm border bg-surface border-outline"
                  testID="otp-cells-4"
                >
                  <Text
                    accessibilityLanguage="en"
                    className="text-ink"
                    style={
                      {
                        "fontFamily": "Inter_700Bold",
                        "fontSize": 20,
                        "fontVariant": [
                          "tabular-nums",
                        ],
                        "letterSpacing": 0,
                        "lineHeight": 30,
                        "textAlign": "center",
                        "textTransform": undefined,
                        "writingDirection": "ltr",
                      }
                    }
                  >
                    ⁦⁩
                  </Text>
                </View>
                <View
                  className="h-touch flex-1 items-center justify-center rounded-sm border bg-surface border-outline"
                  testID="otp-cells-5"
                >
                  <Text
                    accessibilityLanguage="en"
                    className="text-ink"
                    style={
                      {
                        "fontFamily": "Inter_700Bold",
                        "fontSize": 20,
                        "fontVariant": [
                          "tabular-nums",
                        ],
                        "letterSpacing": 0,
                        "lineHeight": 30,
                        "textAlign": "center",
                        "textTransform": undefined,
                        "writingDirection": "ltr",
                      }
                    }
                  >
                    ⁦⁩
                  </Text>
                </View>
              </View>
            </View>
          </View>
        </View>
        <View
          className="mt-4"
          style={
            {
              "alignItems": "center",
              "flexDirection": "row",
              "flexWrap": undefined,
              "gap": 8,
              "justifyContent": undefined,
            }
          }
        >
          <View
            className="border-1.5 h-dot w-dot rounded-full border-ink3"
          />
          <Text
            className="text-ink3 flex-1"
            style={
              {
                "fontFamily": "NotoSansTelugu_400Regular",
                "fontSize": 12,
                "fontVariant": undefined,
                "letterSpacing": 0,
                "lineHeight": 19.8,
                "textAlign": "left",
                "textTransform": undefined,
                "writingDirection": "ltr",
              }
            }
          >
            SMS వచ్చాక ఆటోమేటిక్‌గా నింపుతాము
          </Text>
        </View>
        <View
          className="mt-3"
        >
          <View
            className="self-start rounded-full border px-2 py-0.5 bg-surface2 border-line"
            style={
              {
                "justifyContent": "center",
                "minHeight": 24,
              }
            }
            testID="otp-dev-code"
          >
            <View
              style={
                {
                  "alignItems": "center",
                  "flexDirection": "row",
                  "flexWrap": undefined,
                  "gap": 4,
                  "justifyContent": undefined,
                }
              }
            >
              <Text
                className="text-ink3"
                style={
                  {
                    "fontFamily": "NotoSansTelugu_700Bold",
                    "fontSize": 12,
                    "fontVariant": undefined,
                    "letterSpacing": 0,
                    "lineHeight": 19.8,
                    "textAlign": "left",
                    "textTransform": undefined,
                    "writingDirection": "ltr",
                  }
                }
              >
                టెస్ట్ బిల్డ్ — కోడ్ 
                <Text
                  accessibilityLanguage="en"
                  className="text-ink3"
                  style={
                    {
                      "fontFamily": "Inter_700Bold",
                      "fontSize": 12,
                      "fontVariant": [
                        "tabular-nums",
                      ],
                      "letterSpacing": 0,
                      "lineHeight": 18,
                      "textAlign": "left",
                      "textTransform": undefined,
                      "writingDirection": "ltr",
                    }
                  }
                >
                  ⁦
                  123456
                  ⁩
                </Text>
                 నమోదు చేయండి
              </Text>
            </View>
          </View>
          <View
            accessibilityRole="button"
            accessibilityState={
              {
                "busy": undefined,
                "checked": undefined,
                "disabled": undefined,
                "expanded": undefined,
                "selected": undefined,
              }
            }
            accessibilityValue={
              {
                "max": undefined,
                "min": undefined,
                "now": undefined,
                "text": undefined,
              }
            }
            accessible={true}
            className="mt-1 min-h-touch justify-center"
            collapsable={false}
            focusable={true}
            onBlur={[Function]}
            onClick={[Function]}
            onFocus={[Function]}
            onResponderGrant={[Function]}
            onResponderMove={[Function]}
            onResponderRelease={[Function]}
            onResponderTerminate={[Function]}
            onResponderTerminationRequest={[Function]}
            onStartShouldSetResponder={[Function]}
            testID="otp-use-dev-code"
          >
            <Text
              className="text-ink2"
              style={
                {
                  "fontFamily": "NotoSansTelugu_600SemiBold",
                  "fontSize": 13,
                  "fontVariant": undefined,
                  "letterSpacing": 0,
                  "lineHeight": 21.5,
                  "textAlign": "left",
                  "textTransform": undefined,
                  "writingDirection": "ltr",
                }
              }
            >
              ఈ కోడ్ ఉపయోగించండి
            </Text>
          </View>
        </View>
        <View
          className="mt-2 min-h-touch justify-center"
          testID="otp-resend-line"
        >
          <Text
            className="text-ink3"
            style={
              {
                "fontFamily": "NotoSansTelugu_400Regular",
                "fontSize": 13,
                "fontVariant": undefined,
                "letterSpacing": 0,
                "lineHeight": 21.5,
                "textAlign": "left",
                "textTransform": undefined,
                "writingDirection": "ltr",
              }
            }
          >
            <Text
              accessibilityLanguage="en"
              className="text-ink3"
              style={
                {
                  "fontFamily": "Inter_400Regular",
                  "fontSize": 13,
                  "fontVariant": [
                    "tabular-nums",
                  ],
                  "letterSpacing": 0,
                  "lineHeight": 19.5,
                  "textAlign": "left",
                  "textTransform": undefined,
                  "writingDirection": "ltr",
                }
              }
            >
              ⁦
              24
              ⁩
            </Text>
             సెకన్లలో మళ్లీ పంపు
          </Text>
        </View>
        <View
          className="h-px overflow-hidden"
        >
          <TextInput
            accessibilityElementsHidden={true}
            autoComplete="sms-otp"
            className="h-px w-px opacity-0"
            importantForAccessibility="no-hide-descendants"
            keyboardType="number-pad"
            maxLength={6}
            onChangeText={[Function]}
            testID="otp-autofill"
            textContentType="oneTimeCode"
            value="123"
          />
        </View>
      </View>
    </RCTScrollView>
    <View
      className="bg-surface px-4 pb-4 pt-3 border-t border-line"
      style={
        {
          "boxShadow": "0 -8px 32px -16px rgba(33,28,23,0.30)",
        }
      }
      testID="otp-bar"
    >
      <View
        style={
          {
            "alignItems": undefined,
            "flexDirection": "column",
            "gap": 8,
            "justifyContent": undefined,
          }
        }
        testID="otp-keypad"
      >
        <View
          style={
            {
              "alignItems": undefined,
              "flexDirection": "row",
              "flexWrap": undefined,
              "gap": 8,
              "justifyContent": undefined,
            }
          }
          testID="otp-keypad-row-0"
        >
          <View
            accessibilityLabel="1"
            accessibilityRole="button"
            accessibilityState={
              {
                "busy": undefined,
                "checked": undefined,
                "disabled": false,
                "expanded": undefined,
                "selected": undefined,
              }
            }
            accessibilityValue={
              {
                "max": undefined,
                "min": undefined,
                "now": undefined,
                "text": undefined,
              }
            }
            accessible={true}
            className="h-key flex-1 items-center justify-center rounded-sm border border-outline bg-surface"
            collapsable={false}
            focusable={true}
            onBlur={[Function]}
            onClick={[Function]}
            onFocus={[Function]}
            onResponderGrant={[Function]}
            onResponderMove={[Function]}
            onResponderRelease={[Function]}
            onResponderTerminate={[Function]}
            onResponderTerminationRequest={[Function]}
            onStartShouldSetResponder={[Function]}
          >
            <Text
              accessibilityLanguage="en"
              className="text-ink"
              style={
                {
                  "fontFamily": "Inter_600SemiBold",
                  "fontSize": 24,
                  "fontVariant": [
                    "tabular-nums",
                  ],
                  "letterSpacing": 0,
                  "lineHeight": 36,
                  "textAlign": "center",
                  "textTransform": undefined,
                  "writingDirection": "ltr",
                }
              }
            >
              ⁦1⁩
            </Text>
          </View>
          <View
            accessibilityLabel="2"
            accessibilityRole="button"
            accessibilityState={
              {
                "busy": undefined,
                "checked": undefined,
                "disabled": false,
                "expanded": undefined,
                "selected": undefined,
              }
            }
            accessibilityValue={
              {
                "max": undefined,
                "min": undefined,
                "now": undefined,
                "text": undefined,
              }
            }
            accessible={true}
            className="h-key flex-1 items-center justify-center rounded-sm border border-outline bg-surface"
            collapsable={false}
            focusable={true}
            onBlur={[Function]}
            onClick={[Function]}
            onFocus={[Function]}
            onResponderGrant={[Function]}
            onResponderMove={[Function]}
            onResponderRelease={[Function]}
            onResponderTerminate={[Function]}
            onResponderTerminationRequest={[Function]}
            onStartShouldSetResponder={[Function]}
          >
            <Text
              accessibilityLanguage="en"
              className="text-ink"
              style={
                {
                  "fontFamily": "Inter_600SemiBold",
                  "fontSize": 24,
                  "fontVariant": [
                    "tabular-nums",
                  ],
                  "letterSpacing": 0,
                  "lineHeight": 36,
                  "textAlign": "center",
                  "textTransform": undefined,
                  "writingDirection": "ltr",
                }
              }
            >
              ⁦2⁩
            </Text>
          </View>
          <View
            accessibilityLabel="3"
            accessibilityRole="button"
            accessibilityState={
              {
                "busy": undefined,
                "checked": undefined,
                "disabled": false,
                "expanded": undefined,
                "selected": undefined,
              }
            }
            accessibilityValue={
              {
                "max": undefined,
                "min": undefined,
                "now": undefined,
                "text": undefined,
              }
            }
            accessible={true}
            className="h-key flex-1 items-center justify-center rounded-sm border border-outline bg-surface"
            collapsable={false}
            focusable={true}
            onBlur={[Function]}
            onClick={[Function]}
            onFocus={[Function]}
            onResponderGrant={[Function]}
            onResponderMove={[Function]}
            onResponderRelease={[Function]}
            onResponderTerminate={[Function]}
            onResponderTerminationRequest={[Function]}
            onStartShouldSetResponder={[Function]}
          >
            <Text
              accessibilityLanguage="en"
              className="text-ink"
              style={
                {
                  "fontFamily": "Inter_600SemiBold",
                  "fontSize": 24,
                  "fontVariant": [
                    "tabular-nums",
                  ],
                  "letterSpacing": 0,
                  "lineHeight": 36,
                  "textAlign": "center",
                  "textTransform": undefined,
                  "writingDirection": "ltr",
                }
              }
            >
              ⁦3⁩
            </Text>
          </View>
        </View>
        <View
          style={
            {
              "alignItems": undefined,
              "flexDirection": "row",
              "flexWrap": undefined,
              "gap": 8,
              "justifyContent": undefined,
            }
          }
          testID="otp-keypad-row-1"
        >
          <View
            accessibilityLabel="4"
            accessibilityRole="button"
            accessibilityState={
              {
                "busy": undefined,
                "checked": undefined,
                "disabled": false,
                "expanded": undefined,
                "selected": undefined,
              }
            }
            accessibilityValue={
              {
                "max": undefined,
                "min": undefined,
                "now": undefined,
                "text": undefined,
              }
            }
            accessible={true}
            className="h-key flex-1 items-center justify-center rounded-sm border border-outline bg-surface"
            collapsable={false}
            focusable={true}
            onBlur={[Function]}
            onClick={[Function]}
            onFocus={[Function]}
            onResponderGrant={[Function]}
            onResponderMove={[Function]}
            onResponderRelease={[Function]}
            onResponderTerminate={[Function]}
            onResponderTerminationRequest={[Function]}
            onStartShouldSetResponder={[Function]}
          >
            <Text
              accessibilityLanguage="en"
              className="text-ink"
              style={
                {
                  "fontFamily": "Inter_600SemiBold",
                  "fontSize": 24,
                  "fontVariant": [
                    "tabular-nums",
                  ],
                  "letterSpacing": 0,
                  "lineHeight": 36,
                  "textAlign": "center",
                  "textTransform": undefined,
                  "writingDirection": "ltr",
                }
              }
            >
              ⁦4⁩
            </Text>
          </View>
          <View
            accessibilityLabel="5"
            accessibilityRole="button"
            accessibilityState={
              {
                "busy": undefined,
                "checked": undefined,
                "disabled": false,
                "expanded": undefined,
                "selected": undefined,
              }
            }
            accessibilityValue={
              {
                "max": undefined,
                "min": undefined,
                "now": undefined,
                "text": undefined,
              }
            }
            accessible={true}
            className="h-key flex-1 items-center justify-center rounded-sm border border-outline bg-surface"
            collapsable={false}
            focusable={true}
            onBlur={[Function]}
            onClick={[Function]}
            onFocus={[Function]}
            onResponderGrant={[Function]}
            onResponderMove={[Function]}
            onResponderRelease={[Function]}
            onResponderTerminate={[Function]}
            onResponderTerminationRequest={[Function]}
            onStartShouldSetResponder={[Function]}
          >
            <Text
              accessibilityLanguage="en"
              className="text-ink"
              style={
                {
                  "fontFamily": "Inter_600SemiBold",
                  "fontSize": 24,
                  "fontVariant": [
                    "tabular-nums",
                  ],
                  "letterSpacing": 0,
                  "lineHeight": 36,
                  "textAlign": "center",
                  "textTransform": undefined,
                  "writingDirection": "ltr",
                }
              }
            >
              ⁦5⁩
            </Text>
          </View>
          <View
            accessibilityLabel="6"
            accessibilityRole="button"
            accessibilityState={
              {
                "busy": undefined,
                "checked": undefined,
                "disabled": false,
                "expanded": undefined,
                "selected": undefined,
              }
            }
            accessibilityValue={
              {
                "max": undefined,
                "min": undefined,
                "now": undefined,
                "text": undefined,
              }
            }
            accessible={true}
            className="h-key flex-1 items-center justify-center rounded-sm border border-outline bg-surface"
            collapsable={false}
            focusable={true}
            onBlur={[Function]}
            onClick={[Function]}
            onFocus={[Function]}
            onResponderGrant={[Function]}
            onResponderMove={[Function]}
            onResponderRelease={[Function]}
            onResponderTerminate={[Function]}
            onResponderTerminationRequest={[Function]}
            onStartShouldSetResponder={[Function]}
          >
            <Text
              accessibilityLanguage="en"
              className="text-ink"
              style={
                {
                  "fontFamily": "Inter_600SemiBold",
                  "fontSize": 24,
                  "fontVariant": [
                    "tabular-nums",
                  ],
                  "letterSpacing": 0,
                  "lineHeight": 36,
                  "textAlign": "center",
                  "textTransform": undefined,
                  "writingDirection": "ltr",
                }
              }
            >
              ⁦6⁩
            </Text>
          </View>
        </View>
        <View
          style={
            {
              "alignItems": undefined,
              "flexDirection": "row",
              "flexWrap": undefined,
              "gap": 8,
              "justifyContent": undefined,
            }
          }
          testID="otp-keypad-row-2"
        >
          <View
            accessibilityLabel="7"
            accessibilityRole="button"
            accessibilityState={
              {
                "busy": undefined,
                "checked": undefined,
                "disabled": false,
                "expanded": undefined,
                "selected": undefined,
              }
            }
            accessibilityValue={
              {
                "max": undefined,
                "min": undefined,
                "now": undefined,
                "text": undefined,
              }
            }
            accessible={true}
            className="h-key flex-1 items-center justify-center rounded-sm border border-outline bg-surface"
            collapsable={false}
            focusable={true}
            onBlur={[Function]}
            onClick={[Function]}
            onFocus={[Function]}
            onResponderGrant={[Function]}
            onResponderMove={[Function]}
            onResponderRelease={[Function]}
            onResponderTerminate={[Function]}
            onResponderTerminationRequest={[Function]}
            onStartShouldSetResponder={[Function]}
          >
            <Text
              accessibilityLanguage="en"
              className="text-ink"
              style={
                {
                  "fontFamily": "Inter_600SemiBold",
                  "fontSize": 24,
                  "fontVariant": [
                    "tabular-nums",
                  ],
                  "letterSpacing": 0,
                  "lineHeight": 36,
                  "textAlign": "center",
                  "textTransform": undefined,
                  "writingDirection": "ltr",
                }
              }
            >
              ⁦7⁩
            </Text>
          </View>
          <View
            accessibilityLabel="8"
            accessibilityRole="button"
            accessibilityState={
              {
                "busy": undefined,
                "checked": undefined,
                "disabled": false,
                "expanded": undefined,
                "selected": undefined,
              }
            }
            accessibilityValue={
              {
                "max": undefined,
                "min": undefined,
                "now": undefined,
                "text": undefined,
              }
            }
            accessible={true}
            className="h-key flex-1 items-center justify-center rounded-sm border border-outline bg-surface"
            collapsable={false}
            focusable={true}
            onBlur={[Function]}
            onClick={[Function]}
            onFocus={[Function]}
            onResponderGrant={[Function]}
            onResponderMove={[Function]}
            onResponderRelease={[Function]}
            onResponderTerminate={[Function]}
            onResponderTerminationRequest={[Function]}
            onStartShouldSetResponder={[Function]}
          >
            <Text
              accessibilityLanguage="en"
              className="text-ink"
              style={
                {
                  "fontFamily": "Inter_600SemiBold",
                  "fontSize": 24,
                  "fontVariant": [
                    "tabular-nums",
                  ],
                  "letterSpacing": 0,
                  "lineHeight": 36,
                  "textAlign": "center",
                  "textTransform": undefined,
                  "writingDirection": "ltr",
                }
              }
            >
              ⁦8⁩
            </Text>
          </View>
          <View
            accessibilityLabel="9"
            accessibilityRole="button"
            accessibilityState={
              {
                "busy": undefined,
                "checked": undefined,
                "disabled": false,
                "expanded": undefined,
                "selected": undefined,
              }
            }
            accessibilityValue={
              {
                "max": undefined,
                "min": undefined,
                "now": undefined,
                "text": undefined,
              }
            }
            accessible={true}
            className="h-key flex-1 items-center justify-center rounded-sm border border-outline bg-surface"
            collapsable={false}
            focusable={true}
            onBlur={[Function]}
            onClick={[Function]}
            onFocus={[Function]}
            onResponderGrant={[Function]}
            onResponderMove={[Function]}
            onResponderRelease={[Function]}
            onResponderTerminate={[Function]}
            onResponderTerminationRequest={[Function]}
            onStartShouldSetResponder={[Function]}
          >
            <Text
              accessibilityLanguage="en"
              className="text-ink"
              style={
                {
                  "fontFamily": "Inter_600SemiBold",
                  "fontSize": 24,
                  "fontVariant": [
                    "tabular-nums",
                  ],
                  "letterSpacing": 0,
                  "lineHeight": 36,
                  "textAlign": "center",
                  "textTransform": undefined,
                  "writingDirection": "ltr",
                }
              }
            >
              ⁦9⁩
            </Text>
          </View>
        </View>
        <View
          style={
            {
              "alignItems": undefined,
              "flexDirection": "row",
              "flexWrap": undefined,
              "gap": 8,
              "justifyContent": undefined,
            }
          }
          testID="otp-keypad-row-3"
        >
          <View
            className="h-key flex-1"
          />
          <View
            accessibilityLabel="0"
            accessibilityRole="button"
            accessibilityState={
              {
                "busy": undefined,
                "checked": undefined,
                "disabled": false,
                "expanded": undefined,
                "selected": undefined,
              }
            }
            accessibilityValue={
              {
                "max": undefined,
                "min": undefined,
                "now": undefined,
                "text": undefined,
              }
            }
            accessible={true}
            className="h-key flex-1 items-center justify-center rounded-sm border border-outline bg-surface"
            collapsable={false}
            focusable={true}
            onBlur={[Function]}
            onClick={[Function]}
            onFocus={[Function]}
            onResponderGrant={[Function]}
            onResponderMove={[Function]}
            onResponderRelease={[Function]}
            onResponderTerminate={[Function]}
            onResponderTerminationRequest={[Function]}
            onStartShouldSetResponder={[Function]}
          >
            <Text
              accessibilityLanguage="en"
              className="text-ink"
              style={
                {
                  "fontFamily": "Inter_600SemiBold",
                  "fontSize": 24,
                  "fontVariant": [
                    "tabular-nums",
                  ],
                  "letterSpacing": 0,
                  "lineHeight": 36,
                  "textAlign": "center",
                  "textTransform": undefined,
                  "writingDirection": "ltr",
                }
              }
            >
              ⁦0⁩
            </Text>
          </View>
          <View
            accessibilityLabel="అంకె తొలగించు"
            accessibilityRole="button"
            accessibilityState={
              {
                "busy": undefined,
                "checked": undefined,
                "disabled": false,
                "expanded": undefined,
                "selected": undefined,
              }
            }
            accessibilityValue={
              {
                "max": undefined,
                "min": undefined,
                "now": undefined,
                "text": undefined,
              }
            }
            accessible={true}
            className="h-key flex-1 items-center justify-center rounded-sm border border-outline bg-surface"
            collapsable={false}
            focusable={true}
            onBlur={[Function]}
            onClick={[Function]}
            onFocus={[Function]}
            onResponderGrant={[Function]}
            onResponderMove={[Function]}
            onResponderRelease={[Function]}
            onResponderTerminate={[Function]}
            onResponderTerminationRequest={[Function]}
            onStartShouldSetResponder={[Function]}
          >
            <Text
              className="text-ink"
              style={
                {
                  "fontFamily": "Inter_600SemiBold",
                  "fontSize": 20,
                  "fontVariant": undefined,
                  "letterSpacing": 0,
                  "lineHeight": 30,
                  "textAlign": "center",
                  "textTransform": undefined,
                  "writingDirection": "ltr",
                }
              }
            >
              ⌫
            </Text>
          </View>
        </View>
      </View>
      <View
        className="mt-3"
        style={
          {
            "alignItems": "center",
            "flexDirection": "row",
            "flexWrap": undefined,
            "gap": 12,
            "justifyContent": undefined,
          }
        }
        testID="otp-bar-row"
      >
        <View
          className="flex-1"
        >
          <View
            accessibilityRole="button"
            accessibilityState={
              {
                "busy": undefined,
                "checked": undefined,
                "disabled": true,
                "expanded": undefined,
                "selected": undefined,
              }
            }
            accessibilityValue={
              {
                "max": undefined,
                "min": undefined,
                "now": undefined,
                "text": undefined,
              }
            }
            accessible={true}
            className="items-center justify-center rounded-sm px-4 bg-surface2 border border-outline"
            collapsable={false}
            focusable={true}
            onBlur={[Function]}
            onClick={[Function]}
            onFocus={[Function]}
            onResponderGrant={[Function]}
            onResponderMove={[Function]}
            onResponderRelease={[Function]}
            onResponderTerminate={[Function]}
            onResponderTerminationRequest={[Function]}
            onStartShouldSetResponder={[Function]}
            style={
              {
                "height": 56,
              }
            }
            testID="otp-verify"
          >
            <View
              style={
                {
                  "alignItems": "center",
                  "flexDirection": "row",
                  "flexWrap": undefined,
                  "gap": 8,
                  "justifyContent": undefined,
                }
              }
            >
              <Text
                className="text-ink3"
                style={
                  {
                    "fontFamily": "NotoSansTelugu_700Bold",
                    "fontSize": 16,
                    "fontVariant": undefined,
                    "letterSpacing": 0,
                    "lineHeight": 26.4,
                    "textAlign": "center",
                    "textTransform": undefined,
                    "writingDirection": "ltr",
                  }
                }
              >
                వెరిఫై చేయి
              </Text>
            </View>
          </View>
        </View>
      </View>
    </View>
  </View>
</View>
`;
